2015-10-02 21:33:04.448 2495 INFO nova.osapi_compute.wsgi.server [req-b39dbc54-fe4f-4c94-82fb-ac0a9870be4e 9b1f9b36d7354b1ea121ccfbae339d8b 85a11a1515f94848be7aa5b56adec8bf - - -] 192.168.0.13 "GET /v2/85a11a1515f94848be7aa5b56adec8bf/servers/detail?all_tenants=True&host=compute2 HTTP/1.1" status: 200 len: 211 time: 0.3190591
2015-10-02 21:33:14.368 2495 WARNING keystonemiddleware.auth_token [-] Authorization failed for token
2015-10-02 21:33:14.369 2495 WARNING keystonemiddleware.auth_token [-] Identity response: {"error": {"message": "Could not find token: 4e6c171427ed42ecb7526a2522cc3d38", "code": 404, "title": "Not Found"}}
2015-10-02 21:33:14.369 2495 WARNING keystonemiddleware.auth_token [-] Authorization failed for token
2015-10-02 21:33:14.370 2495 INFO nova.osapi_compute.wsgi.server [-] 192.168.0.12 "GET /v2/85a11a1515f94848be7aa5b56adec8bf/servers/detail?all_tenants=True&host=compute1 HTTP/1.1" status: 401 len: 283 time: 0.0822780
2015-10-02 21:33:15.335 2495 INFO nova.osapi_compute.wsgi.server [req-9a0bfd8c-5efd-4ef9-9644-b386cb7c7a7f 9b1f9b36d7354b1ea121ccfbae339d8b 85a11a1515f94848be7aa5b56adec8bf - - -] 192.168.0.12 "GET /v2/85a11a1515f94848be7aa5b56adec8bf/servers/detail?all_tenants=True&host=compute1 HTTP/1.1" status: 200 len: 211 time: 0.3623788
2015-10-02 21:33:45.929 2497 WARNING keystonemiddleware.auth_token [-] Authorization failed for token
2015-10-02 21:33:45.985 2497 WARNING keystonemiddleware.auth_token [-] Identity response: {"error": {"message": "Could not find token: 09ae8fb812d542d89ca3ae8ce00cae44", "code": 404, "title": "Not Found"}}
2015-10-02 21:33:45.987 2497 WARNING keystonemiddleware.auth_token [-] Authorization failed for token
2015-10-02 21:33:45.989 2497 INFO nova.osapi_compute.wsgi.server [-] 192.168.0.10 "GET /v2/85a11a1515f94848be7aa5b56adec8bf/servers/detail?all_tenants=True HTTP/1.1" status: 401 len: 283 time: 0.6210701
2015-10-02 21:33:48.605 2497 INFO nova.osapi_compute.wsgi.server [req-82a2fc9b-71af-4164-84ed-f5d6388e4d0a 9b1f9b36d7354b1ea121ccfbae339d8b 85a11a1515f94848be7aa5b56adec8bf - - -] 192.168.0.10 "GET /v2/85a11a1515f94848be7aa5b56adec8bf/servers/detail?all_tenants=True HTTP/1.1" status: 200 len: 2048 time: 2.0183749
2015-10-02 21:33:55.704 2490 INFO nova.osapi_compute.wsgi.server [req-480b8919-0d03-40e3-8db9-bc4f20826aa8 9b1f9b36d7354b1ea121ccfbae339d8b 85a11a1515f94848be7aa5b56adec8bf - - -] 192.168.0.10 "GET /v2/85a11a1515f94848be7aa5b56adec8bf/os-floating-ips HTTP/1.1" status: 200 len: 216 time: 1.1037221
2015-10-02 21:43:03.577 2494 INFO nova.osapi_compute.wsgi.server [req-ba45dffd-6402-430a-bb51-d49d354055b0 9b1f9b36d7354b1ea121ccfbae339d8b 85a11a1515f94848be7aa5b56adec8bf - - -] 192.168.0.13 "GET /v2/85a11a1515f94848be7aa5b56adec8bf/servers/detail?all_tenants=True&host=compute2 HTTP/1.1" status: 200 len: 211 time: 0.5613689
2015-10-02 21:43:13.713 2497 INFO nova.osapi_compute.wsgi.server [req-41380d87-72ba-4dd7-8e12-cd28125d67ce 9b1f9b36d7354b1ea121ccfbae339d8b 85a11a1515f94848be7aa5b56adec8bf - - -] 192.168.0.12 "GET /v2/85a11a1515f94848be7aa5b56adec8bf/servers/detail?all_tenants=True&host=compute1 HTTP/1.1" status: 200 len: 211 time: 0.1094761
2015-10-02 21:43:42.854 2497 INFO nova.osapi_compute.wsgi.server [req-fa856483-1fb5-4edd-9d59-27cae321fe1d 9b1f9b36d7354b1ea121ccfbae339d8b 85a11a1515f94848be7aa5b56adec8bf - - -] 192.168.0.10 "GET /v2/85a11a1515f94848be7aa5b56adec8bf/servers/detail?all_tenants=True HTTP/1.1" status: 200 len: 2048 time: 0.5061750
2015-10-02 21:43:44.136 2490 INFO nova.osapi_compute.wsgi.server [req-087adc2a-b020-4c02-a17b-67b3d268b438 9b1f9b36d7354b1ea121ccfbae339d8b 85a11a1515f94848be7aa5b56adec8bf - - -] 192.168.0.10 "GET /v2/85a11a1515f94848be7aa5b56adec8bf/os-floating-ips HTTP/1.1" status: 200 len: 216 time: 0.4617329
2015-10-02 21:53:03.153 2490 INFO nova.osapi_compute.wsgi.server [req-d86570f8-e848-4d54-805f-b23ed9fcd521 9b1f9b36d7354b1ea121ccfbae339d8b 85a11a1515f94848be7aa5b56adec8bf - - -] 192.168.0.13 "GET /v2/85a11a1515f94848be7aa5b56adec8bf/servers/detail?all_tenants=True&host=compute2 HTTP/1.1" status: 200 len: 211 time: 0.1201260
2015-10-02 21:53:13.868 2495 INFO nova.osapi_compute.wsgi.server [req-bb61afc3-bc91-492a-9e9a-92a46dc40a64 9b1f9b36d7354b1ea121ccfbae339d8b 85a11a1515f94848be7aa5b56adec8bf - - -] 192.168.0.12 "GET /v2/85a11a1515f94848be7aa5b56adec8bf/servers/detail?all_tenants=True&host=compute1 HTTP/1.1" status: 200 len: 211 time: 0.2498062
2015-10-02 21:53:42.621 2497 INFO nova.osapi_compute.wsgi.server [req-d2367f58-70b6-4563-a25f-ca6523c951d7 9b1f9b36d7354b1ea121ccfbae339d8b 85a11a1515f94848be7aa5b56adec8bf - - -] 192.168.0.10 "GET /v2/85a11a1515f94848be7aa5b56adec8bf/servers/detail?all_tenants=True HTTP/1.1" status: 200 len: 2048 time: 0.4133630
2015-10-02 21:53:43.748 2497 INFO nova.osapi_compute.wsgi.server [req-98342d54-799b-4899-b296-8af6c3326508 9b1f9b36d7354b1ea121ccfbae339d8b 85a11a1515f94848be7aa5b56adec8bf - - -] 192.168.0.10 "GET /v2/85a11a1515f94848be7aa5b56adec8bf/os-floating-ips HTTP/1.1" status: 200 len: 216 time: 0.2049730
2015-10-02 22:03:03.121 2494 INFO nova.osapi_compute.wsgi.server [req-aeca4abb-8818-4b8c-8c96-f1c76e0c1216 9b1f9b36d7354b1ea121ccfbae339d8b 85a11a1515f94848be7aa5b56adec8bf - - -] 192.168.0.13 "GET /v2/85a11a1515f94848be7aa5b56adec8bf/servers/detail?all_tenants=True&host=compute2 HTTP/1.1" status: 200 len: 211 time: 0.1390409
2015-10-02 22:03:13.899 2490 INFO nova.osapi_compute.wsgi.server [req-c45774bd-e4dd-4d58-84bd-eb6825d58ac0 9b1f9b36d7354b1ea121ccfbae339d8b 85a11a1515f94848be7aa5b56adec8bf - - -] 192.168.0.12 "GET /v2/85a11a1515f94848be7aa5b56adec8bf/servers/detail?all_tenants=True&host=compute1 HTTP/1.1" status: 200 len: 211 time: 0.2876990
2015-10-02 22:03:42.378 2495 INFO nova.osapi_compute.wsgi.server [req-b0d5383c-fb32-4227-98be-afc95f1c9b61 9b1f9b36d7354b1ea121ccfbae339d8b 85a11a1515f94848be7aa5b56adec8bf - - -] 192.168.0.10 "GET /v2/85a11a1515f94848be7aa5b56adec8bf/servers/detail?all_tenants=True HTTP/1.1" status: 200 len: 2048 time: 0.3851089
2015-10-02 22:03:43.515 2494 INFO nova.osapi_compute.wsgi.server [req-2043f30f-e9a5-4476-bfe1-a8ce18ce260c 9b1f9b36d7354b1ea121ccfbae339d8b 85a11a1515f94848be7aa5b56adec8bf - - -] 192.168.0.10 "GET /v2/85a11a1515f94848be7aa5b56adec8bf/os-floating-ips HTTP/1.1" status: 200 len: 216 time: 0.2235229
2015-10-02 22:13:03.093 2495 INFO nova.osapi_compute.wsgi.server [req-f73d2e97-2e8f-4a64-be62-f3f97e7dfec7 9b1f9b36d7354b1ea121ccfbae339d8b 85a11a1515f94848be7aa5b56adec8bf - - -] 192.168.0.13 "GET /v2/85a11a1515f94848be7aa5b56adec8bf/servers/detail?all_tenants=True&host=compute2 HTTP/1.1" status: 200 len: 211 time: 0.1370249
2015-10-02 22:13:13.816 2495 INFO nova.osapi_compute.wsgi.server [req-143674a9-689f-4170-a332-4356c2024e7b 9b1f9b36d7354b1ea121ccfbae339d8b 85a11a1515f94848be7aa5b56adec8bf - - -] 192.168.0.12 "GET /v2/85a11a1515f94848be7aa5b56adec8bf/servers/detail?all_tenants=True&host=compute1 HTTP/1.1" status: 200 len: 211 time: 0.2500651
2015-10-02 22:13:42.348 2495 INFO nova.osapi_compute.wsgi.server [req-109707d1-3d21-4637-bd2c-4e42a8f770ca 9b1f9b36d7354b1ea121ccfbae339d8b 85a11a1515f94848be7aa5b56adec8bf - - -] 192.168.0.10 "GET /v2/85a11a1515f94848be7aa5b56adec8bf/servers/detail?all_tenants=True HTTP/1.1" status: 200 len: 2048 time: 0.3460040
2015-10-02 22:13:43.627 2497 INFO nova.osapi_compute.wsgi.server [req-c59146f6-4310-43fa-af9c-c1b1104aebd6 9b1f9b36d7354b1ea121ccfbae339d8b 85a11a1515f94848be7aa5b56adec8bf - - -] 192.168.0.10 "GET /v2/85a11a1515f94848be7aa5b56adec8bf/os-floating-ips HTTP/1.1" status: 200 len: 216 time: 0.2278850
2015-10-02 22:23:03.096 2494 INFO nova.osapi_compute.wsgi.server [req-91f405fc-6c15-4736-8158-48e0db9bbafd 9b1f9b36d7354b1ea121ccfbae339d8b 85a11a1515f94848be7aa5b56adec8bf - - -] 192.168.0.13 "GET /v2/85a11a1515f94848be7aa5b56adec8bf/servers/detail?all_tenants=True&host=compute2 HTTP/1.1" status: 200 len: 211 time: 0.1289101
2015-10-02 22:23:13.687 2497 INFO nova.osapi_compute.wsgi.server [req-9641f8a3-78fc-4640-8821-3bfed03c8ce9 9b1f9b36d7354b1ea121ccfbae339d8b 85a11a1515f94848be7aa5b56adec8bf - - -] 192.168.0.12 "GET /v2/85a11a1515f94848be7aa5b56adec8bf/servers/detail?all_tenants=True&host=compute1 HTTP/1.1" status: 200 len: 211 time: 0.1027210
2015-10-02 22:23:42.402 2494 INFO nova.osapi_compute.wsgi.server [req-2d35ec3d-d80a-4bac-8f76-87270aaa533d 9b1f9b36d7354b1ea121ccfbae339d8b 85a11a1515f94848be7aa5b56adec8bf - - -] 192.168.0.10 "GET /v2/85a11a1515f94848be7aa5b56adec8bf/servers/detail?all_tenants=True HTTP/1.1" status: 200 len: 2048 time: 0.3823371
2015-10-02 22:23:43.475 2494 INFO nova.osapi_compute.wsgi.server [req-1004d95b-35ce-4857-a8dd-c70248c2f8bc 9b1f9b36d7354b1ea121ccfbae339d8b 85a11a1515f94848be7aa5b56adec8bf - - -] 192.168.0.10 "GET /v2/85a11a1515f94848be7aa5b56adec8bf/os-floating-ips HTTP/1.1" status: 200 len: 216 time: 0.2439730
2015-10-02 22:33:03.033 2494 WARNING keystonemiddleware.auth_token [-] Authorization failed for token
2015-10-02 22:33:03.036 2494 WARNING keystonemiddleware.auth_token [-] Identity response: {"error": {"message": "Could not find token: 95465da019dd438f9163bae10944c1d1", "code": 404, "title": "Not Found"}}
2015-10-02 22:33:03.037 2494 WARNING keystonemiddleware.auth_token [-] Authorization failed for token
2015-10-02 22:33:03.038 2494 INFO nova.osapi_compute.wsgi.server [-] 192.168.0.13 "GET /v2/85a11a1515f94848be7aa5b56adec8bf/servers/detail?all_tenants=True&host=compute2 HTTP/1.1" status: 401 len: 283 time: 0.0494490
2015-10-02 22:33:03.308 2495 INFO nova.osapi_compute.wsgi.server [req-cae9e326-f081-4572-8ba8-4ab84b231151 9b1f9b36d7354b1ea121ccfbae339d8b 85a11a1515f94848be7aa5b56adec8bf - - -] 192.168.0.13 "GET /v2/85a11a1515f94848be7aa5b56adec8bf/servers/detail?all_tenants=True&host=compute2 HTTP/1.1" status: 200 len: 211 time: 0.1136279
2015-10-02 22:33:13.767 2490 INFO nova.osapi_compute.wsgi.server [req-d0aadbba-0357-48d7-96c4-9ff998b08878 9b1f9b36d7354b1ea121ccfbae339d8b 85a11a1515f94848be7aa5b56adec8bf - - -] 192.168.0.12 "GET /v2/85a11a1515f94848be7aa5b56adec8bf/servers/detail?all_tenants=True&host=compute1 HTTP/1.1" status: 200 len: 211 time: 0.0998900
2015-10-02 22:33:42.495 2494 INFO nova.osapi_compute.wsgi.server [req-c9918d89-f086-456e-b007-a666e518b348 9b1f9b36d7354b1ea121ccfbae339d8b 85a11a1515f94848be7aa5b56adec8bf - - -] 192.168.0.10 "GET /v2/85a11a1515f94848be7aa5b56adec8bf/servers/detail?all_tenants=True HTTP/1.1" status: 200 len: 2048 time: 0.3268380
2015-10-02 22:33:43.474 2494 INFO nova.osapi_compute.wsgi.server [req-649f1630-24a6-4443-9257-1136b22995eb 9b1f9b36d7354b1ea121ccfbae339d8b 85a11a1515f94848be7aa5b56adec8bf - - -] 192.168.0.10 "GET /v2/85a11a1515f94848be7aa5b56adec8bf/os-floating-ips HTTP/1.1" status: 200 len: 216 time: 0.2287159
2015-10-02 22:43:03.128 2494 INFO nova.osapi_compute.wsgi.server [req-29bb092c-631e-42fe-83c4-8533ba98f900 9b1f9b36d7354b1ea121ccfbae339d8b 85a11a1515f94848be7aa5b56adec8bf - - -] 192.168.0.13 "GET /v2/85a11a1515f94848be7aa5b56adec8bf/servers/detail?all_tenants=True&host=compute2 HTTP/1.1" status: 200 len: 211 time: 0.1874540
2015-10-02 22:43:13.595 2494 WARNING keystonemiddleware.auth_token [-] Authorization failed for token
2015-10-02 22:43:13.595 2494 WARNING keystonemiddleware.auth_token [-] Identity response: {"error": {"message": "Could not find token: bab2fb0767c2474e869989d5b6f5cd30", "code": 404, "title": "Not Found"}}
2015-10-02 22:43:13.596 2494 WARNING keystonemiddleware.auth_token [-] Authorization failed for token
2015-10-02 22:43:13.596 2494 INFO nova.osapi_compute.wsgi.server [-] 192.168.0.12 "GET /v2/85a11a1515f94848be7aa5b56adec8bf/servers/detail?all_tenants=True&host=compute1 HTTP/1.1" status: 401 len: 283 time: 0.0286880
2015-10-02 22:43:13.809 2495 INFO nova.osapi_compute.wsgi.server [req-b7c6b97c-c71b-4dda-975b-2e76812d0583 9b1f9b36d7354b1ea121ccfbae339d8b 85a11a1515f94848be7aa5b56adec8bf - - -] 192.168.0.12 "GET /v2/85a11a1515f94848be7aa5b56adec8bf/servers/detail?all_tenants=True&host=compute1 HTTP/1.1" status: 200 len: 211 time: 0.0918119
2015-10-02 22:43:42.279 2495 WARNING keystonemiddleware.auth_token [-] Authorization failed for token
2015-10-02 22:43:42.281 2495 WARNING keystonemiddleware.auth_token [-] Identity response: {"error": {"message": "Could not find token: 9a8ebca8e83e4751a3be520d8d1ca82c", "code": 404, "title": "Not Found"}}
2015-10-02 22:43:42.281 2495 WARNING keystonemiddleware.auth_token [-] Authorization failed for token
2015-10-02 22:43:42.282 2495 INFO nova.osapi_compute.wsgi.server [-] 192.168.0.10 "GET /v2/85a11a1515f94848be7aa5b56adec8bf/servers/detail?all_tenants=True HTTP/1.1" status: 401 len: 283 time: 0.0470569
2015-10-02 22:43:42.809 2495 INFO nova.osapi_compute.wsgi.server [req-6289e966-b1d8-449f-9594-d6a4d52c72a4 9b1f9b36d7354b1ea121ccfbae339d8b 85a11a1515f94848be7aa5b56adec8bf - - -] 192.168.0.10 "GET /v2/85a11a1515f94848be7aa5b56adec8bf/servers/detail?all_tenants=True HTTP/1.1" status: 200 len: 2048 time: 0.3993101
2015-10-02 22:43:44.055 2495 INFO nova.osapi_compute.wsgi.server [req-d8c7677d-2d42-4f91-b4d8-fad6a6916487 9b1f9b36d7354b1ea121ccfbae339d8b 85a11a1515f94848be7aa5b56adec8bf - - -] 192.168.0.10 "GET /v2/85a11a1515f94848be7aa5b56adec8bf/os-floating-ips HTTP/1.1" status: 200 len: 216 time: 0.1671412
2015-10-02 22:53:03.350 2495 INFO nova.osapi_compute.wsgi.server [req-1fdf4304-ad41-451c-915b-8cf4a680fa5a 9b1f9b36d7354b1ea121ccfbae339d8b 85a11a1515f94848be7aa5b56adec8bf - - -] 192.168.0.13 "GET /v2/85a11a1515f94848be7aa5b56adec8bf/servers/detail?all_tenants=True&host=compute2 HTTP/1.1" status: 200 len: 211 time: 0.2376981
2015-10-02 22:53:13.924 2495 INFO nova.osapi_compute.wsgi.server [req-17ce1801-acd6-4b56-a8ce-3da319626807 9b1f9b36d7354b1ea121ccfbae339d8b 85a11a1515f94848be7aa5b56adec8bf - - -] 192.168.0.12 "GET /v2/85a11a1515f94848be7aa5b56adec8bf/servers/detail?all_tenants=True&host=compute1 HTTP/1.1" status: 200 len: 211 time: 0.2950828
2015-10-02 22:53:42.846 2495 INFO nova.osapi_compute.wsgi.server [req-217a48e9-ff95-4219-8e60-b47a687cb32b 9b1f9b36d7354b1ea121ccfbae339d8b 85a11a1515f94848be7aa5b56adec8bf - - -] 192.168.0.10 "GET /v2/85a11a1515f94848be7aa5b56adec8bf/servers/detail?all_tenants=True HTTP/1.1" status: 200 len: 2048 time: 0.5074599
2015-10-02 22:53:43.922 2495 INFO nova.osapi_compute.wsgi.server [req-01cafce5-e0b7-4d3a-83f4-2df9124565bd 9b1f9b36d7354b1ea121ccfbae339d8b 85a11a1515f94848be7aa5b56adec8bf - - -] 192.168.0.10 "GET /v2/85a11a1515f94848be7aa5b56adec8bf/os-floating-ips HTTP/1.1" status: 200 len: 216 time: 0.2544770
2015-10-02 23:03:03.164 2490 INFO nova.osapi_compute.wsgi.server [req-afcc4ebc-b064-4bab-b8f7-a3497dfd6149 9b1f9b36d7354b1ea121ccfbae339d8b 85a11a1515f94848be7aa5b56adec8bf - - -] 192.168.0.13 "GET /v2/85a11a1515f94848be7aa5b56adec8bf/servers/detail?all_tenants=True&host=compute2 HTTP/1.1" status: 200 len: 211 time: 0.2325180
2015-10-02 23:03:13.732 2490 INFO nova.osapi_compute.wsgi.server [req-b6229a67-7814-44e7-9236-acfff54bd3e7 9b1f9b36d7354b1ea121ccfbae339d8b 85a11a1515f94848be7aa5b56adec8bf - - -] 192.168.0.12 "GET /v2/85a11a1515f94848be7aa5b56adec8bf/servers/detail?all_tenants=True&host=compute1 HTTP/1.1" status: 200 len: 211 time: 0.1061420
2015-10-02 23:03:42.694 2495 INFO nova.osapi_compute.wsgi.server [req-42819835-4bc9-410c-bab7-5f8379e409cb 9b1f9b36d7354b1ea121ccfbae339d8b 85a11a1515f94848be7aa5b56adec8bf - - -] 192.168.0.10 "GET /v2/85a11a1515f94848be7aa5b56adec8bf/servers/detail?all_tenants=True HTTP/1.1" status: 200 len: 2048 time: 0.5075178
2015-10-02 23:03:43.829 2494 INFO nova.osapi_compute.wsgi.server [req-dee0dcab-b9ed-447d-952c-dedbe24ab156 9b1f9b36d7354b1ea121ccfbae339d8b 85a11a1515f94848be7aa5b56adec8bf - - -] 192.168.0.10 "GET /v2/85a11a1515f94848be7aa5b56adec8bf/os-floating-ips HTTP/1.1" status: 200 len: 216 time: 0.2581000
2015-10-02 23:13:03.488 2497 INFO nova.osapi_compute.wsgi.server [req-4eb233fc-7cd9-42ad-968f-406c3b2d7079 9b1f9b36d7354b1ea121ccfbae339d8b 85a11a1515f94848be7aa5b56adec8bf - - -] 192.168.0.13 "GET /v2/85a11a1515f94848be7aa5b56adec8bf/servers/detail?all_tenants=True&host=compute2 HTTP/1.1" status: 200 len: 211 time: 0.3796151
2015-10-02 23:13:13.975 2495 INFO nova.osapi_compute.wsgi.server [req-5912054a-edbb-4baf-af4f-6f69c482e7fd 9b1f9b36d7354b1ea121ccfbae339d8b 85a11a1515f94848be7aa5b56adec8bf - - -] 192.168.0.12 "GET /v2/85a11a1515f94848be7aa5b56adec8bf/servers/detail?all_tenants=True&host=compute1 HTTP/1.1" status: 200 len: 211 time: 0.2195930
2015-10-02 23:13:43.282 2495 INFO nova.osapi_compute.wsgi.server [req-d0e12abc-9ab4-4741-81c3-dc783719380f 9b1f9b36d7354b1ea121ccfbae339d8b 85a11a1515f94848be7aa5b56adec8bf - - -] 192.168.0.10 "GET /v2/85a11a1515f94848be7aa5b56adec8bf/servers/detail?all_tenants=True HTTP/1.1" status: 200 len: 2048 time: 0.6953201
2015-10-02 23:13:45.484 2490 INFO nova.osapi_compute.wsgi.server [req-5d293fb5-2a83-4383-8351-c0a18f637fca 9b1f9b36d7354b1ea121ccfbae339d8b 85a11a1515f94848be7aa5b56adec8bf - - -] 192.168.0.10 "GET /v2/85a11a1515f94848be7aa5b56adec8bf/os-floating-ips HTTP/1.1" status: 200 len: 216 time: 0.5559890
2015-10-02 23:23:03.427 2494 INFO nova.osapi_compute.wsgi.server [req-a53b53ac-56c9-4834-9514-45ad83cea91d 9b1f9b36d7354b1ea121ccfbae339d8b 85a11a1515f94848be7aa5b56adec8bf - - -] 192.168.0.13 "GET /v2/85a11a1515f94848be7aa5b56adec8bf/servers/detail?all_tenants=True&host=compute2 HTTP/1.1" status: 200 len: 211 time: 0.2340760
2015-10-02 23:23:13.864 2494 INFO nova.osapi_compute.wsgi.server [req-2d365c2f-2b03-4b29-97f6-3a9f11baaf5c 9b1f9b36d7354b1ea121ccfbae339d8b 85a11a1515f94848be7aa5b56adec8bf - - -] 192.168.0.12 "GET /v2/85a11a1515f94848be7aa5b56adec8bf/servers/detail?all_tenants=True&host=compute1 HTTP/1.1" status: 200 len: 211 time: 0.1826520
2015-10-02 23:23:20.085 2495 INFO nova.osapi_compute.wsgi.server [req-4f1c1733-3235-4807-abc2-4bf21278ce47 e9483918caa940a48fe882ba092c7e0b 300b2cc45c3846939e589310ae714e46 - - -] 192.168.0.10 "GET /v2/300b2cc45c3846939e589310ae714e46/extensions HTTP/1.1" status: 200 len: 22486 time: 0.1672549
2015-10-02 23:23:20.233 2495 INFO nova.osapi_compute.wsgi.server [req-1c8932fe-3f56-4fe3-b864-8c7289fa4818 e9483918caa940a48fe882ba092c7e0b 300b2cc45c3846939e589310ae714e46 - - -] 192.168.0.10 "GET /v2/300b2cc45c3846939e589310ae714e46/os-simple-tenant-usage?start=2015-10-01T00:00:00&end=2015-10-02T23:59:59&detailed=1 HTTP/1.1" status: 200 len: 839 time: 0.0725250
2015-10-02 23:23:20.491 2494 INFO nova.osapi_compute.wsgi.server [req-5f16728d-df30-4afb-a816-a5498f9c3b9d e9483918caa940a48fe882ba092c7e0b 300b2cc45c3846939e589310ae714e46 - - -] 192.168.0.10 "GET /v2/300b2cc45c3846939e589310ae714e46/limits HTTP/1.1" status: 200 len: 708 time: 0.2475150
2015-10-02 23:23:36.661 2497 INFO nova.osapi_compute.wsgi.server [req-6e846e6e-d262-4695-a50a-698209229375 e9483918caa940a48fe882ba092c7e0b 300b2cc45c3846939e589310ae714e46 - - -] 192.168.0.10 "GET /v2/300b2cc45c3846939e589310ae714e46/extensions HTTP/1.1" status: 200 len: 22486 time: 0.1293981
2015-10-02 23:23:36.798 2494 INFO nova.osapi_compute.wsgi.server [req-e14d8a98-39df-4849-a0a6-b82db898b6b9 e9483918caa940a48fe882ba092c7e0b 300b2cc45c3846939e589310ae714e46 - - -] 192.168.0.10 "GET /v2/300b2cc45c3846939e589310ae714e46/os-simple-tenant-usage/300b2cc45c3846939e589310ae714e46?start=2015-10-01T00:00:00&end=2015-10-02T23:59:59 HTTP/1.1" status: 200 len: 216 time: 0.0724409
2015-10-02 23:23:36.909 2494 INFO nova.osapi_compute.wsgi.server [req-85fdd54e-17d4-40b6-acc2-a172c20a572d e9483918caa940a48fe882ba092c7e0b 300b2cc45c3846939e589310ae714e46 - - -] 192.168.0.10 "GET /v2/300b2cc45c3846939e589310ae714e46/limits HTTP/1.1" status: 200 len: 708 time: 0.1015801
2015-10-02 23:23:42.863 2494 INFO nova.osapi_compute.wsgi.server [req-a7fc6c15-36e7-40b5-a36d-1fa98514328e 9b1f9b36d7354b1ea121ccfbae339d8b 85a11a1515f94848be7aa5b56adec8bf - - -] 192.168.0.10 "GET /v2/85a11a1515f94848be7aa5b56adec8bf/servers/detail?all_tenants=True HTTP/1.1" status: 200 len: 2048 time: 0.5618539
2015-10-02 23:23:44.495 2495 INFO nova.osapi_compute.wsgi.server [req-61237f87-f30a-488c-a830-f7d10d96036d 9b1f9b36d7354b1ea121ccfbae339d8b 85a11a1515f94848be7aa5b56adec8bf - - -] 192.168.0.10 "GET /v2/85a11a1515f94848be7aa5b56adec8bf/os-floating-ips HTTP/1.1" status: 200 len: 216 time: 0.2268081
2015-10-02 23:24:07.507 2494 INFO nova.osapi_compute.wsgi.server [req-e84093d4-2ca9-4e9b-9d21-530cee58b274 e9483918caa940a48fe882ba092c7e0b 300b2cc45c3846939e589310ae714e46 - - -] 192.168.0.10 "GET /v2/300b2cc45c3846939e589310ae714e46/servers/detail?limit=21&project_id=300b2cc45c3846939e589310ae714e46 HTTP/1.1" status: 200 len: 211 time: 0.1172860
2015-10-02 23:24:07.889 2490 INFO nova.osapi_compute.wsgi.server [req-6b12a131-bb03-47d2-86ce-2a24c40107ff e9483918caa940a48fe882ba092c7e0b 300b2cc45c3846939e589310ae714e46 - - -] 192.168.0.10 "GET /v2/300b2cc45c3846939e589310ae714e46/limits?reserved=1 HTTP/1.1" status: 200 len: 708 time: 0.1390340
2015-10-02 23:24:07.960 2490 INFO nova.osapi_compute.wsgi.server [req-75eb7b86-5599-4e91-8a9b-79111dd5c610 e9483918caa940a48fe882ba092c7e0b 300b2cc45c3846939e589310ae714e46 - - -] 192.168.0.10 "GET /v2/300b2cc45c3846939e589310ae714e46/limits?reserved=1 HTTP/1.1" status: 200 len: 708 time: 0.0487359
2015-10-02 23:24:11.195 2497 INFO nova.osapi_compute.wsgi.server [req-fc330005-27cc-4cdd-a64b-cebc08854ea3 e9483918caa940a48fe882ba092c7e0b 300b2cc45c3846939e589310ae714e46 - - -] 192.168.0.10 "GET /v2/300b2cc45c3846939e589310ae714e46/os-availability-zone HTTP/1.1" status: 200 len: 293 time: 0.0778348
2015-10-02 23:24:11.258 2497 INFO nova.osapi_compute.wsgi.server [req-484c030e-376e-46a2-b74c-22cc3958a2c4 e9483918caa940a48fe882ba092c7e0b 300b2cc45c3846939e589310ae714e46 - - -] 192.168.0.10 "GET /v2/300b2cc45c3846939e589310ae714e46/flavors/detail HTTP/1.1" status: 200 len: 2287 time: 0.0515070
2015-10-02 23:24:14.571 2495 INFO nova.osapi_compute.wsgi.server [req-716a4065-d7cb-4301-8ca0-d05eebba7683 e9483918caa940a48fe882ba092c7e0b 300b2cc45c3846939e589310ae714e46 - - -] 192.168.0.10 "GET /v2/300b2cc45c3846939e589310ae714e46/extensions HTTP/1.1" status: 200 len: 22486 time: 0.0224361
2015-10-02 23:24:14.647 2495 INFO nova.osapi_compute.wsgi.server [req-5f74860d-58ac-4b2c-bfea-b281ae649e14 e9483918caa940a48fe882ba092c7e0b 300b2cc45c3846939e589310ae714e46 - - -] 192.168.0.10 "GET /v2/300b2cc45c3846939e589310ae714e46/os-keypairs HTTP/1.1" status: 200 len: 212 time: 0.0449800
2015-10-02 23:24:15.330 2497 INFO nova.osapi_compute.wsgi.server [req-9300a339-b5d5-4adf-8abb-62be54ef7337 e9483918caa940a48fe882ba092c7e0b 300b2cc45c3846939e589310ae714e46 - - -] 192.168.0.10 "GET /v2/300b2cc45c3846939e589310ae714e46/limits HTTP/1.1" status: 200 len: 708 time: 0.0789340
2015-10-02 23:24:23.600 2497 INFO nova.osapi_compute.wsgi.server [req-c2e41eb8-3b27-4c8e-b4ae-5faf8fb62112 e9483918caa940a48fe882ba092c7e0b 300b2cc45c3846939e589310ae714e46 - - -] 192.168.0.10 "GET /v2/300b2cc45c3846939e589310ae714e46/os-availability-zone HTTP/1.1" status: 200 len: 293 time: 0.0376210
2015-10-02 23:24:23.632 2497 INFO nova.osapi_compute.wsgi.server [req-e7118b89-fc04-4cdc-9206-d7af65924415 e9483918caa940a48fe882ba092c7e0b 300b2cc45c3846939e589310ae714e46 - - -] 192.168.0.10 "GET /v2/300b2cc45c3846939e589310ae714e46/flavors/detail HTTP/1.1" status: 200 len: 2287 time: 0.0258670
2015-10-02 23:24:25.601 2490 INFO nova.osapi_compute.wsgi.server [req-19086f1d-26e8-4a38-92de-a69ad20da42d e9483918caa940a48fe882ba092c7e0b 300b2cc45c3846939e589310ae714e46 - - -] 192.168.0.10 "GET /v2/300b2cc45c3846939e589310ae714e46/extensions HTTP/1.1" status: 200 len: 22486 time: 0.0236008
2015-10-02 23:24:25.688 2494 INFO nova.osapi_compute.wsgi.server [req-c76c8db1-e26a-4236-a77a-cc5bae19869e e9483918caa940a48fe882ba092c7e0b 300b2cc45c3846939e589310ae714e46 - - -] 192.168.0.10 "GET /v2/300b2cc45c3846939e589310ae714e46/os-quota-sets/300b2cc45c3846939e589310ae714e46 HTTP/1.1" status: 200 len: 568 time: 0.0489399
2015-10-02 23:24:25.879 2490 INFO nova.osapi_compute.wsgi.server [req-677ae3bb-73fd-4680-ac61-00472b172b64 e9483918caa940a48fe882ba092c7e0b 300b2cc45c3846939e589310ae714e46 - - -] 192.168.0.10 "GET /v2/300b2cc45c3846939e589310ae714e46/servers/detail?all_tenants=True&tenant_id=300b2cc45c3846939e589310ae714e46 HTTP/1.1" status: 200 len: 211 time: 0.0866411
2015-10-02 23:24:26.339 2490 INFO nova.osapi_compute.wsgi.server [req-1f68c395-ae8a-4dfd-9e2f-16683119a8c8 e9483918caa940a48fe882ba092c7e0b 300b2cc45c3846939e589310ae714e46 - - -] 192.168.0.10 "GET /v2/300b2cc45c3846939e589310ae714e46/os-keypairs HTTP/1.1" status: 200 len: 212 time: 0.0269620
2015-10-02 23:24:26.750 2497 INFO nova.osapi_compute.wsgi.server [req-52ea6835-598a-44db-8222-6134b8630c2f e9483918caa940a48fe882ba092c7e0b 300b2cc45c3846939e589310ae714e46 - - -] 192.168.0.10 "GET /v2/300b2cc45c3846939e589310ae714e46/limits HTTP/1.1" status: 200 len: 708 time: 0.0463080
2015-10-02 23:24:30.982 2490 INFO nova.osapi_compute.wsgi.server [req-151d1232-454c-48cf-89e8-a38d7c90d531 e9483918caa940a48fe882ba092c7e0b 300b2cc45c3846939e589310ae714e46 - - -] 192.168.0.10 "GET /v2/300b2cc45c3846939e589310ae714e46/os-availability-zone HTTP/1.1" status: 200 len: 293 time: 0.0457618
2015-10-02 23:24:31.040 2495 INFO nova.osapi_compute.wsgi.server [req-7f4f6645-d68a-40b4-98d9-9e1088de4109 e9483918caa940a48fe882ba092c7e0b 300b2cc45c3846939e589310ae714e46 - - -] 192.168.0.10 "GET /v2/300b2cc45c3846939e589310ae714e46/flavors/detail HTTP/1.1" status: 200 len: 2287 time: 0.0483911
2015-10-02 23:24:31.414 2497 INFO nova.osapi_compute.wsgi.server [req-47b7e460-fb94-4b49-ae1b-7c6bb0fab966 e9483918caa940a48fe882ba092c7e0b 300b2cc45c3846939e589310ae714e46 - - -] 192.168.0.10 "GET /v2/300b2cc45c3846939e589310ae714e46/extensions HTTP/1.1" status: 200 len: 22486 time: 0.0164840
2015-10-02 23:24:31.468 2495 INFO nova.osapi_compute.wsgi.server [req-b4ddfac1-6318-4f95-ae10-3b8fc3864c62 e9483918caa940a48fe882ba092c7e0b 300b2cc45c3846939e589310ae714e46 - - -] 192.168.0.10 "GET /v2/300b2cc45c3846939e589310ae714e46/os-quota-sets/300b2cc45c3846939e589310ae714e46 HTTP/1.1" status: 200 len: 568 time: 0.0214550
2015-10-02 23:24:31.622 2490 INFO nova.osapi_compute.wsgi.server [req-4e280b3c-4713-4365-a572-69cbda917ecf e9483918caa940a48fe882ba092c7e0b 300b2cc45c3846939e589310ae714e46 - - -] 192.168.0.10 "GET /v2/300b2cc45c3846939e589310ae714e46/servers/detail?all_tenants=True&tenant_id=300b2cc45c3846939e589310ae714e46 HTTP/1.1" status: 200 len: 211 time: 0.0795419
2015-10-02 23:24:31.978 2490 INFO nova.osapi_compute.wsgi.server [req-b4eb3ebf-2e19-4575-a6c3-6a0c0ddfcad0 e9483918caa940a48fe882ba092c7e0b 300b2cc45c3846939e589310ae714e46 - - -] 192.168.0.10 "GET /v2/300b2cc45c3846939e589310ae714e46/os-keypairs HTTP/1.1" status: 200 len: 212 time: 0.0170281
2015-10-02 23:24:33.038 2495 WARNING oslo_config.cfg [req-5d95a9d4-ff64-4402-b116-f6b05e49c42f e9483918caa940a48fe882ba092c7e0b 300b2cc45c3846939e589310ae714e46 - - -] Option "rabbit_virtual_host" from group "DEFAULT" is deprecated. Use option "rabbit_virtual_host" from group "oslo_messaging_rabbit".
2015-10-02 23:24:33.039 2495 WARNING oslo_config.cfg [req-5d95a9d4-ff64-4402-b116-f6b05e49c42f e9483918caa940a48fe882ba092c7e0b 300b2cc45c3846939e589310ae714e46 - - -] Option "rabbit_hosts" from group "DEFAULT" is deprecated. Use option "rabbit_hosts" from group "oslo_messaging_rabbit".
2015-10-02 23:24:33.040 2495 WARNING oslo_config.cfg [req-5d95a9d4-ff64-4402-b116-f6b05e49c42f e9483918caa940a48fe882ba092c7e0b 300b2cc45c3846939e589310ae714e46 - - -] Option "rabbit_port" from group "DEFAULT" is deprecated. Use option "rabbit_port" from group "oslo_messaging_rabbit".
2015-10-02 23:24:33.040 2495 WARNING oslo_config.cfg [req-5d95a9d4-ff64-4402-b116-f6b05e49c42f e9483918caa940a48fe882ba092c7e0b 300b2cc45c3846939e589310ae714e46 - - -] Option "rabbit_userid" from group "DEFAULT" is deprecated. Use option "rabbit_userid" from group "oslo_messaging_rabbit".
2015-10-02 23:24:33.041 2495 WARNING oslo_config.cfg [req-5d95a9d4-ff64-4402-b116-f6b05e49c42f e9483918caa940a48fe882ba092c7e0b 300b2cc45c3846939e589310ae714e46 - - -] Option "rabbit_password" from group "DEFAULT" is deprecated. Use option "rabbit_password" from group "oslo_messaging_rabbit".
2015-10-02 23:24:33.042 2495 WARNING oslo_config.cfg [req-5d95a9d4-ff64-4402-b116-f6b05e49c42f e9483918caa940a48fe882ba092c7e0b 300b2cc45c3846939e589310ae714e46 - - -] Option "rabbit_use_ssl" from group "DEFAULT" is deprecated. Use option "rabbit_use_ssl" from group "oslo_messaging_rabbit".
2015-10-02 23:24:33.074 2495 INFO oslo_messaging._drivers.impl_rabbit [req-5d95a9d4-ff64-4402-b116-f6b05e49c42f e9483918caa940a48fe882ba092c7e0b 300b2cc45c3846939e589310ae714e46 - - -] Connecting to AMQP server on 192.168.0.10:5672
2015-10-02 23:24:33.101 2495 INFO oslo_messaging._drivers.impl_rabbit [req-5d95a9d4-ff64-4402-b116-f6b05e49c42f e9483918caa940a48fe882ba092c7e0b 300b2cc45c3846939e589310ae714e46 - - -] Connected to AMQP server on 192.168.0.10:5672
2015-10-02 23:24:33.123 2495 INFO nova.osapi_compute.wsgi.server [req-5d95a9d4-ff64-4402-b116-f6b05e49c42f e9483918caa940a48fe882ba092c7e0b 300b2cc45c3846939e589310ae714e46 - - -] 192.168.0.10 "POST /v2/300b2cc45c3846939e589310ae714e46/servers HTTP/1.1" status: 202 len: 758 time: 0.9854560
2015-10-02 23:24:33.635 2490 INFO nova.osapi_compute.wsgi.server [req-f7822039-24e9-458c-b97b-deb398a13a71 e9483918caa940a48fe882ba092c7e0b 300b2cc45c3846939e589310ae714e46 - - -] 192.168.0.10 "GET /v2/300b2cc45c3846939e589310ae714e46/servers/detail?limit=21&project_id=300b2cc45c3846939e589310ae714e46 HTTP/1.1" status: 200 len: 1619 time: 0.1821480
2015-10-02 23:24:33.854 2490 INFO nova.osapi_compute.wsgi.server [req-58d4d302-bbe1-4532-a7bf-d999b059006d e9483918caa940a48fe882ba092c7e0b 300b2cc45c3846939e589310ae714e46 - - -] 192.168.0.10 "GET /v2/300b2cc45c3846939e589310ae714e46/flavors/detail HTTP/1.1" status: 200 len: 2287 time: 0.0318229
2015-10-02 23:24:34.465 2497 INFO nova.osapi_compute.wsgi.server [req-d77c9006-d0b5-47cc-a266-195c66585a29 e9483918caa940a48fe882ba092c7e0b 300b2cc45c3846939e589310ae714e46 - - -] 192.168.0.10 "GET /v2/300b2cc45c3846939e589310ae714e46/limits?reserved=1 HTTP/1.1" status: 200 len: 710 time: 0.0838630
2015-10-02 23:24:34.588 2490 INFO nova.osapi_compute.wsgi.server [req-277284e9-b15c-4271-ba82-6e8772b600e9 e9483918caa940a48fe882ba092c7e0b 300b2cc45c3846939e589310ae714e46 - - -] 192.168.0.10 "GET /v2/300b2cc45c3846939e589310ae714e46/extensions HTTP/1.1" status: 200 len: 22486 time: 0.0194659
2015-10-02 23:24:34.683 2490 INFO nova.osapi_compute.wsgi.server [req-5226b776-e68a-4f41-beba-64850bcf537a e9483918caa940a48fe882ba092c7e0b 300b2cc45c3846939e589310ae714e46 - - -] 192.168.0.10 "GET /v2/300b2cc45c3846939e589310ae714e46/limits?reserved=1 HTTP/1.1" status: 200 len: 710 time: 0.0569961
2015-10-02 23:24:37.255 2490 INFO nova.osapi_compute.wsgi.server [req-8792cc76-2205-4a86-80ef-139150f0760f e9483918caa940a48fe882ba092c7e0b 300b2cc45c3846939e589310ae714e46 - - -] 192.168.0.10 "GET /v2/300b2cc45c3846939e589310ae714e46/servers/07334a4c-dac3-474b-83f0-1d8f4db1f093 HTTP/1.1" status: 200 len: 1996 time: 0.2081759
2015-10-02 23:24:37.289 2490 INFO nova.osapi_compute.wsgi.server [req-4eca33d7-e07c-4834-ad71-e6469be73f23 e9483918caa940a48fe882ba092c7e0b 300b2cc45c3846939e589310ae714e46 - - -] 192.168.0.10 "GET /v2/300b2cc45c3846939e589310ae714e46/flavors/1 HTTP/1.1" status: 200 len: 619 time: 0.0265729
2015-10-02 23:24:37.450 2495 INFO nova.osapi_compute.wsgi.server [req-7bf24cb9-8667-49d0-bece-71377712559f e9483918caa940a48fe882ba092c7e0b 300b2cc45c3846939e589310ae714e46 - - -] 192.168.0.10 "GET /v2/300b2cc45c3846939e589310ae714e46/extensions HTTP/1.1" status: 200 len: 22486 time: 0.0155721
2015-10-02 23:24:40.523 2490 INFO nova.osapi_compute.wsgi.server [req-445c478f-f040-4474-ac80-b83bca580fc6 e9483918caa940a48fe882ba092c7e0b 300b2cc45c3846939e589310ae714e46 - - -] 192.168.0.10 "GET /v2/300b2cc45c3846939e589310ae714e46/servers/07334a4c-dac3-474b-83f0-1d8f4db1f093 HTTP/1.1" status: 200 len: 1996 time: 0.1925130
2015-10-02 23:24:40.676 2495 INFO nova.osapi_compute.wsgi.server [req-01a705bf-0212-4c95-b3dc-906f5b82928f e9483918caa940a48fe882ba092c7e0b 300b2cc45c3846939e589310ae714e46 - - -] 192.168.0.10 "GET /v2/300b2cc45c3846939e589310ae714e46/servers/07334a4c-dac3-474b-83f0-1d8f4db1f093/os-volume_attachments HTTP/1.1" status: 200 len: 221 time: 0.1427538
2015-10-02 23:24:40.716 2497 INFO nova.osapi_compute.wsgi.server [req-ac99e33b-4a66-4e43-b1f5-5c45b6a5f99e e9483918caa940a48fe882ba092c7e0b 300b2cc45c3846939e589310ae714e46 - - -] 192.168.0.10 "GET /v2/300b2cc45c3846939e589310ae714e46/flavors/1 HTTP/1.1" status: 200 len: 619 time: 0.0334120
2015-10-02 23:24:40.740 2494 INFO nova.osapi_compute.wsgi.server [req-eff38ea7-0e0f-4fdf-b2f1-68695efb3bbd e9483918caa940a48fe882ba092c7e0b 300b2cc45c3846939e589310ae714e46 - - -] 192.168.0.10 "GET /v2/300b2cc45c3846939e589310ae714e46/servers/07334a4c-dac3-474b-83f0-1d8f4db1f093 HTTP/1.1" status: 200 len: 1996 time: 0.3037460
2015-10-02 23:24:40.788 2490 INFO nova.osapi_compute.wsgi.server [req-f5ccb28b-d508-43a2-a053-4ed447c13bcb e9483918caa940a48fe882ba092c7e0b 300b2cc45c3846939e589310ae714e46 - - -] 192.168.0.10 "GET /v2/300b2cc45c3846939e589310ae714e46/flavors/1 HTTP/1.1" status: 200 len: 619 time: 0.0401440
2015-10-02 23:24:40.927 2495 INFO nova.osapi_compute.wsgi.server [req-2a9dd552-f1c5-47a9-8828-7fdf19b7259d e9483918caa940a48fe882ba092c7e0b 300b2cc45c3846939e589310ae714e46 - - -] 192.168.0.10 "GET /v2/300b2cc45c3846939e589310ae714e46/extensions HTTP/1.1" status: 200 len: 22486 time: 0.0056880
2015-10-02 23:24:41.103 2490 INFO nova.osapi_compute.wsgi.server [req-87e9f018-7b58-4f67-86dc-d9807aafe296 e9483918caa940a48fe882ba092c7e0b 300b2cc45c3846939e589310ae714e46 - - -] 192.168.0.10 "GET /v2/300b2cc45c3846939e589310ae714e46/extensions HTTP/1.1" status: 200 len: 22486 time: 0.0057251
2015-10-02 23:25:06.689 2490 INFO nova.osapi_compute.wsgi.server [req-d489ccb8-66cd-4a58-b52b-42e6f7e21af0 e9483918caa940a48fe882ba092c7e0b 300b2cc45c3846939e589310ae714e46 - - -] 192.168.0.10 "GET /v2/300b2cc45c3846939e589310ae714e46/servers/07334a4c-dac3-474b-83f0-1d8f4db1f093 HTTP/1.1" status: 200 len: 1996 time: 0.2529721
2015-10-02 23:25:06.809 2495 INFO nova.osapi_compute.wsgi.server [req-f4850bc9-e00c-4479-96f5-2cb782c8cc88 e9483918caa940a48fe882ba092c7e0b 300b2cc45c3846939e589310ae714e46 - - -] 192.168.0.10 "GET /v2/300b2cc45c3846939e589310ae714e46/servers/07334a4c-dac3-474b-83f0-1d8f4db1f093/os-volume_attachments HTTP/1.1" status: 200 len: 221 time: 0.1119180
2015-10-02 23:25:06.862 2494 INFO nova.osapi_compute.wsgi.server [req-c9e4eea7-273a-4473-9ecc-01314f0982dc e9483918caa940a48fe882ba092c7e0b 300b2cc45c3846939e589310ae714e46 - - -] 192.168.0.10 "GET /v2/300b2cc45c3846939e589310ae714e46/flavors/1 HTTP/1.1" status: 200 len: 619 time: 0.0440030
2015-10-02 23:25:07.270 2494 WARNING oslo_config.cfg [req-88354b22-195e-4845-98bc-8568c75cc7dd e9483918caa940a48fe882ba092c7e0b 300b2cc45c3846939e589310ae714e46 - - -] Option "rabbit_virtual_host" from group "DEFAULT" is deprecated. Use option "rabbit_virtual_host" from group "oslo_messaging_rabbit".
2015-10-02 23:25:07.270 2494 WARNING oslo_config.cfg [req-88354b22-195e-4845-98bc-8568c75cc7dd e9483918caa940a48fe882ba092c7e0b 300b2cc45c3846939e589310ae714e46 - - -] Option "rabbit_hosts" from group "DEFAULT" is deprecated. Use option "rabbit_hosts" from group "oslo_messaging_rabbit".
2015-10-02 23:25:07.271 2494 WARNING oslo_config.cfg [req-88354b22-195e-4845-98bc-8568c75cc7dd e9483918caa940a48fe882ba092c7e0b 300b2cc45c3846939e589310ae714e46 - - -] Option "rabbit_port" from group "DEFAULT" is deprecated. Use option "rabbit_port" from group "oslo_messaging_rabbit".
2015-10-02 23:25:07.271 2494 WARNING oslo_config.cfg [req-88354b22-195e-4845-98bc-8568c75cc7dd e9483918caa940a48fe882ba092c7e0b 300b2cc45c3846939e589310ae714e46 - - -] Option "rabbit_userid" from group "DEFAULT" is deprecated. Use option "rabbit_userid" from group "oslo_messaging_rabbit".
2015-10-02 23:25:07.272 2494 WARNING oslo_config.cfg [req-88354b22-195e-4845-98bc-8568c75cc7dd e9483918caa940a48fe882ba092c7e0b 300b2cc45c3846939e589310ae714e46 - - -] Option "rabbit_password" from group "DEFAULT" is deprecated. Use option "rabbit_password" from group "oslo_messaging_rabbit".
2015-10-02 23:25:07.272 2494 WARNING oslo_config.cfg [req-88354b22-195e-4845-98bc-8568c75cc7dd e9483918caa940a48fe882ba092c7e0b 300b2cc45c3846939e589310ae714e46 - - -] Option "rabbit_use_ssl" from group "DEFAULT" is deprecated. Use option "rabbit_use_ssl" from group "oslo_messaging_rabbit".
2015-10-02 23:25:07.298 2494 INFO oslo_messaging._drivers.impl_rabbit [req-88354b22-195e-4845-98bc-8568c75cc7dd e9483918caa940a48fe882ba092c7e0b 300b2cc45c3846939e589310ae714e46 - - -] Connecting to AMQP server on 192.168.0.10:5672
2015-10-02 23:25:07.321 2494 INFO oslo_messaging._drivers.impl_rabbit [req-88354b22-195e-4845-98bc-8568c75cc7dd e9483918caa940a48fe882ba092c7e0b 300b2cc45c3846939e589310ae714e46 - - -] Connected to AMQP server on 192.168.0.10:5672
2015-10-02 23:25:07.322 2494 WARNING oslo_config.cfg [req-88354b22-195e-4845-98bc-8568c75cc7dd e9483918caa940a48fe882ba092c7e0b 300b2cc45c3846939e589310ae714e46 - - -] Option "rabbit_ha_queues" from group "DEFAULT" is deprecated. Use option "rabbit_ha_queues" from group "oslo_messaging_rabbit".
2015-10-02 23:25:07.334 2494 INFO oslo_messaging._drivers.impl_rabbit [req-88354b22-195e-4845-98bc-8568c75cc7dd e9483918caa940a48fe882ba092c7e0b 300b2cc45c3846939e589310ae714e46 - - -] Connecting to AMQP server on 192.168.0.10:5672
2015-10-02 23:25:07.354 2494 INFO oslo_messaging._drivers.impl_rabbit [req-88354b22-195e-4845-98bc-8568c75cc7dd e9483918caa940a48fe882ba092c7e0b 300b2cc45c3846939e589310ae714e46 - - -] Connected to AMQP server on 192.168.0.10:5672
2015-10-02 23:26:07.364 2494 ERROR nova.api.openstack [req-88354b22-195e-4845-98bc-8568c75cc7dd e9483918caa940a48fe882ba092c7e0b 300b2cc45c3846939e589310ae714e46 - - -] Caught error: Timed out waiting for a reply to message ID cab61bd7b8a941bca936f26dc09bea3d
2015-10-02 23:26:07.364 2494 TRACE nova.api.openstack Traceback (most recent call last):
2015-10-02 23:26:07.364 2494 TRACE nova.api.openstack   File "/usr/lib/python2.7/site-packages/nova/api/openstack/__init__.py", line 125, in __call__
2015-10-02 23:26:07.364 2494 TRACE nova.api.openstack     return req.get_response(self.application)
2015-10-02 23:26:07.364 2494 TRACE nova.api.openstack   File "/usr/lib/python2.7/site-packages/webob/request.py", line 1296, in send
2015-10-02 23:26:07.364 2494 TRACE nova.api.openstack     application, catch_exc_info=False)
2015-10-02 23:26:07.364 2494 TRACE nova.api.openstack   File "/usr/lib/python2.7/site-packages/webob/request.py", line 1260, in call_application
2015-10-02 23:26:07.364 2494 TRACE nova.api.openstack     app_iter = application(self.environ, start_response)
2015-10-02 23:26:07.364 2494 TRACE nova.api.openstack   File "/usr/lib/python2.7/site-packages/webob/dec.py", line 144, in __call__
2015-10-02 23:26:07.364 2494 TRACE nova.api.openstack     return resp(environ, start_response)
2015-10-02 23:26:07.364 2494 TRACE nova.api.openstack   File "/usr/lib/python2.7/site-packages/keystonemiddleware/auth_token/__init__.py", line 634, in __call__
2015-10-02 23:26:07.364 2494 TRACE nova.api.openstack     return self._call_app(env, start_response)
2015-10-02 23:26:07.364 2494 TRACE nova.api.openstack   File "/usr/lib/python2.7/site-packages/keystonemiddleware/auth_token/__init__.py", line 554, in _call_app
2015-10-02 23:26:07.364 2494 TRACE nova.api.openstack     return self._app(env, _fake_start_response)
2015-10-02 23:26:07.364 2494 TRACE nova.api.openstack   File "/usr/lib/python2.7/site-packages/webob/dec.py", line 144, in __call__
2015-10-02 23:26:07.364 2494 TRACE nova.api.openstack     return resp(environ, start_response)
2015-10-02 23:26:07.364 2494 TRACE nova.api.openstack   File "/usr/lib/python2.7/site-packages/webob/dec.py", line 144, in __call__
2015-10-02 23:26:07.364 2494 TRACE nova.api.openstack     return resp(environ, start_response)
2015-10-02 23:26:07.364 2494 TRACE nova.api.openstack   File "/usr/lib/python2.7/site-packages/routes/middleware.py", line 131, in __call__
2015-10-02 23:26:07.364 2494 TRACE nova.api.openstack     response = self.app(environ, start_response)
2015-10-02 23:26:07.364 2494 TRACE nova.api.openstack   File "/usr/lib/python2.7/site-packages/webob/dec.py", line 144, in __call__
2015-10-02 23:26:07.364 2494 TRACE nova.api.openstack     return resp(environ, start_response)
2015-10-02 23:26:07.364 2494 TRACE nova.api.openstack   File "/usr/lib/python2.7/site-packages/webob/dec.py", line 130, in __call__
2015-10-02 23:26:07.364 2494 TRACE nova.api.openstack     resp = self.call_func(req, *args, **self.kwargs)
2015-10-02 23:26:07.364 2494 TRACE nova.api.openstack   File "/usr/lib/python2.7/site-packages/webob/dec.py", line 195, in call_func
2015-10-02 23:26:07.364 2494 TRACE nova.api.openstack     return self.func(req, *args, **kwargs)
2015-10-02 23:26:07.364 2494 TRACE nova.api.openstack   File "/usr/lib/python2.7/site-packages/nova/api/openstack/wsgi.py", line 756, in __call__
2015-10-02 23:26:07.364 2494 TRACE nova.api.openstack     content_type, body, accept)
2015-10-02 23:26:07.364 2494 TRACE nova.api.openstack   File "/usr/lib/python2.7/site-packages/nova/api/openstack/wsgi.py", line 821, in _process_stack
2015-10-02 23:26:07.364 2494 TRACE nova.api.openstack     action_result = self.dispatch(meth, request, action_args)
2015-10-02 23:26:07.364 2494 TRACE nova.api.openstack   File "/usr/lib/python2.7/site-packages/nova/api/openstack/wsgi.py", line 911, in dispatch
2015-10-02 23:26:07.364 2494 TRACE nova.api.openstack     return method(req=request, **action_args)
2015-10-02 23:26:07.364 2494 TRACE nova.api.openstack   File "/usr/lib/python2.7/site-packages/nova/api/openstack/compute/contrib/console_output.py", line 64, in get_console_output
2015-10-02 23:26:07.364 2494 TRACE nova.api.openstack     length)
2015-10-02 23:26:07.364 2494 TRACE nova.api.openstack   File "/usr/lib/python2.7/site-packages/nova/compute/api.py", line 230, in wrapped
2015-10-02 23:26:07.364 2494 TRACE nova.api.openstack     return func(self, context, target, *args, **kwargs)
2015-10-02 23:26:07.364 2494 TRACE nova.api.openstack   File "/usr/lib/python2.7/site-packages/nova/compute/api.py", line 210, in wrapped
2015-10-02 23:26:07.364 2494 TRACE nova.api.openstack     return function(self, context, instance, *args, **kwargs)
2015-10-02 23:26:07.364 2494 TRACE nova.api.openstack   File "/usr/lib/python2.7/site-packages/nova/compute/api.py", line 2941, in get_console_output
2015-10-02 23:26:07.364 2494 TRACE nova.api.openstack     instance=instance, tail_length=tail_length)
2015-10-02 23:26:07.364 2494 TRACE nova.api.openstack   File "/usr/lib/python2.7/site-packages/nova/compute/rpcapi.py", line 499, in get_console_output
2015-10-02 23:26:07.364 2494 TRACE nova.api.openstack     instance=instance, tail_length=tail_length)
2015-10-02 23:26:07.364 2494 TRACE nova.api.openstack   File "/usr/lib/python2.7/site-packages/oslo_messaging/rpc/client.py", line 156, in call
2015-10-02 23:26:07.364 2494 TRACE nova.api.openstack     retry=self.retry)
2015-10-02 23:26:07.364 2494 TRACE nova.api.openstack   File "/usr/lib/python2.7/site-packages/oslo_messaging/transport.py", line 90, in _send
2015-10-02 23:26:07.364 2494 TRACE nova.api.openstack     timeout=timeout, retry=retry)
2015-10-02 23:26:07.364 2494 TRACE nova.api.openstack   File "/usr/lib/python2.7/site-packages/oslo_messaging/_drivers/amqpdriver.py", line 350, in send
2015-10-02 23:26:07.364 2494 TRACE nova.api.openstack     retry=retry)
2015-10-02 23:26:07.364 2494 TRACE nova.api.openstack   File "/usr/lib/python2.7/site-packages/oslo_messaging/_drivers/amqpdriver.py", line 339, in _send
2015-10-02 23:26:07.364 2494 TRACE nova.api.openstack     result = self._waiter.wait(msg_id, timeout)
2015-10-02 23:26:07.364 2494 TRACE nova.api.openstack   File "/usr/lib/python2.7/site-packages/oslo_messaging/_drivers/amqpdriver.py", line 243, in wait
2015-10-02 23:26:07.364 2494 TRACE nova.api.openstack     message = self.waiters.get(msg_id, timeout=timeout)
2015-10-02 23:26:07.364 2494 TRACE nova.api.openstack   File "/usr/lib/python2.7/site-packages/oslo_messaging/_drivers/amqpdriver.py", line 149, in get
2015-10-02 23:26:07.364 2494 TRACE nova.api.openstack     'to message ID %s' % msg_id)
2015-10-02 23:26:07.364 2494 TRACE nova.api.openstack MessagingTimeout: Timed out waiting for a reply to message ID cab61bd7b8a941bca936f26dc09bea3d
2015-10-02 23:26:07.364 2494 TRACE nova.api.openstack 
2015-10-02 23:26:07.585 2494 INFO nova.api.openstack [req-88354b22-195e-4845-98bc-8568c75cc7dd e9483918caa940a48fe882ba092c7e0b 300b2cc45c3846939e589310ae714e46 - - -] http://192.168.0.10:8774/v2/300b2cc45c3846939e589310ae714e46/servers/07334a4c-dac3-474b-83f0-1d8f4db1f093/action returned with HTTP 500
2015-10-02 23:26:07.592 2494 INFO nova.osapi_compute.wsgi.server [req-88354b22-195e-4845-98bc-8568c75cc7dd e9483918caa940a48fe882ba092c7e0b 300b2cc45c3846939e589310ae714e46 - - -] 192.168.0.10 "POST /v2/300b2cc45c3846939e589310ae714e46/servers/07334a4c-dac3-474b-83f0-1d8f4db1f093/action HTTP/1.1" status: 500 len: 359 time: 60.4125869
2015-10-02 23:26:07.637 2494 INFO nova.osapi_compute.wsgi.server [req-5c3d0000-b27b-4584-9d89-45ff2ccc12bf e9483918caa940a48fe882ba092c7e0b 300b2cc45c3846939e589310ae714e46 - - -] 192.168.0.10 "GET /v2/300b2cc45c3846939e589310ae714e46/extensions HTTP/1.1" status: 200 len: 22486 time: 0.0150862
2015-10-02 23:26:33.167 2494 INFO oslo_messaging._drivers.amqpdriver [-] No calling threads waiting for msg_id : cab61bd7b8a941bca936f26dc09bea3d
2015-10-02 23:26:33.171 2494 INFO oslo_messaging._drivers.amqpdriver [-] No calling threads waiting for msg_id : cab61bd7b8a941bca936f26dc09bea3d
2015-10-02 23:27:14.219 2494 INFO nova.api.openstack.compute.contrib.server_external_events [req-a32ab915-48d5-41e1-bc9a-25e8f56c6b48 d3125ab7d2eb4ba0a23d480eee988419 85a11a1515f94848be7aa5b56adec8bf - - -] Creating event network-vif-plugged:5aeaf05c-44c1-49de-85ad-03395f9c4443 for instance 07334a4c-dac3-474b-83f0-1d8f4db1f093
2015-10-02 23:27:14.232 2494 INFO nova.osapi_compute.wsgi.server [req-a32ab915-48d5-41e1-bc9a-25e8f56c6b48 d3125ab7d2eb4ba0a23d480eee988419 85a11a1515f94848be7aa5b56adec8bf - - -] 192.168.0.10 "POST /v2/85a11a1515f94848be7aa5b56adec8bf/os-server-external-events HTTP/1.1" status: 200 len: 380 time: 0.1585109
2015-10-02 23:27:18.213 2494 INFO nova.api.openstack.compute.contrib.server_external_events [req-868d8bd1-a2e4-4e23-8faf-7f543677e98b d3125ab7d2eb4ba0a23d480eee988419 85a11a1515f94848be7aa5b56adec8bf - - -] Creating event network-vif-plugged:c57d93c5-8978-42c8-aaff-2b1c69f241ac for instance 07334a4c-dac3-474b-83f0-1d8f4db1f093
2015-10-02 23:27:18.226 2494 INFO nova.osapi_compute.wsgi.server [req-868d8bd1-a2e4-4e23-8faf-7f543677e98b d3125ab7d2eb4ba0a23d480eee988419 85a11a1515f94848be7aa5b56adec8bf - - -] 192.168.0.10 "POST /v2/85a11a1515f94848be7aa5b56adec8bf/os-server-external-events HTTP/1.1" status: 200 len: 380 time: 0.1012540
2015-10-02 23:27:50.977 2494 INFO nova.osapi_compute.wsgi.server [req-b0720ede-8eaf-4832-93f4-75fa6cdc7699 e9483918caa940a48fe882ba092c7e0b 300b2cc45c3846939e589310ae714e46 - - -] 192.168.0.10 "GET /v2/300b2cc45c3846939e589310ae714e46/servers/07334a4c-dac3-474b-83f0-1d8f4db1f093 HTTP/1.1" status: 200 len: 2013 time: 0.1865270
2015-10-02 23:27:51.109 2495 INFO nova.osapi_compute.wsgi.server [req-bc2684f6-78e8-4144-bb3e-73a2b0ee7956 e9483918caa940a48fe882ba092c7e0b 300b2cc45c3846939e589310ae714e46 - - -] 192.168.0.10 "GET /v2/300b2cc45c3846939e589310ae714e46/servers/07334a4c-dac3-474b-83f0-1d8f4db1f093/os-volume_attachments HTTP/1.1" status: 200 len: 221 time: 0.1203370
2015-10-02 23:27:51.136 2495 INFO nova.osapi_compute.wsgi.server [req-c6b96364-6565-4a6b-a60b-5e141e035171 e9483918caa940a48fe882ba092c7e0b 300b2cc45c3846939e589310ae714e46 - - -] 192.168.0.10 "GET /v2/300b2cc45c3846939e589310ae714e46/flavors/1 HTTP/1.1" status: 200 len: 619 time: 0.0222950
2015-10-02 23:27:51.446 2497 INFO nova.osapi_compute.wsgi.server [req-8c229b9a-7557-4d0d-ae65-25a0300ab070 e9483918caa940a48fe882ba092c7e0b 300b2cc45c3846939e589310ae714e46 - - -] 192.168.0.10 "GET /v2/300b2cc45c3846939e589310ae714e46/extensions HTTP/1.1" status: 200 len: 22486 time: 0.0133691
2015-10-02 23:27:54.148 2494 INFO nova.osapi_compute.wsgi.server [req-daffe400-3c62-41d2-a274-d9f0367d77f5 e9483918caa940a48fe882ba092c7e0b 300b2cc45c3846939e589310ae714e46 - - -] 192.168.0.10 "GET /v2/300b2cc45c3846939e589310ae714e46/servers/07334a4c-dac3-474b-83f0-1d8f4db1f093 HTTP/1.1" status: 200 len: 2013 time: 0.1596079
2015-10-02 23:27:54.270 2495 INFO nova.osapi_compute.wsgi.server [req-946d972b-0ba1-48f8-8b3b-c2025e4b04c9 e9483918caa940a48fe882ba092c7e0b 300b2cc45c3846939e589310ae714e46 - - -] 192.168.0.10 "GET /v2/300b2cc45c3846939e589310ae714e46/servers/07334a4c-dac3-474b-83f0-1d8f4db1f093/os-volume_attachments HTTP/1.1" status: 200 len: 221 time: 0.1069219
2015-10-02 23:27:54.322 2490 INFO nova.osapi_compute.wsgi.server [req-f07e7d7d-4cb8-465f-b8a4-db56e79fdfe1 e9483918caa940a48fe882ba092c7e0b 300b2cc45c3846939e589310ae714e46 - - -] 192.168.0.10 "GET /v2/300b2cc45c3846939e589310ae714e46/flavors/1 HTTP/1.1" status: 200 len: 619 time: 0.0428529
2015-10-02 23:27:54.855 2490 WARNING oslo_config.cfg [req-6260949e-8755-42c2-820f-03bdf9821199 e9483918caa940a48fe882ba092c7e0b 300b2cc45c3846939e589310ae714e46 - - -] Option "rabbit_virtual_host" from group "DEFAULT" is deprecated. Use option "rabbit_virtual_host" from group "oslo_messaging_rabbit".
