2015-06-22 21:10:16.999 20573 INFO nova.openstack.common.periodic_task [-] Skipping periodic task _periodic_update_dns because its interval is negative
2015-06-22 21:10:17.001 20573 WARNING nova.api.ec2.cloud [-] Deprecated: The in tree EC2 API is deprecated as of Kilo release and may be removed in a future release. The stackforge ec2-api project http://git.openstack.org/cgit/stackforge/ec2-api/ is the target replacement for this functionality.
2015-06-22 21:10:17.124 20573 INFO nova.wsgi [-] ec2 listening on 0.0.0.0:8773
2015-06-22 21:10:17.124 20573 INFO nova.openstack.common.service [-] Starting 4 workers
2015-06-22 21:10:17.131 20573 INFO nova.openstack.common.service [-] Started child 20580
2015-06-22 21:10:17.142 20573 INFO nova.openstack.common.service [-] Started child 20581
2015-06-22 21:10:17.154 20573 INFO nova.openstack.common.service [-] Started child 20582
2015-06-22 21:10:17.155 20580 INFO nova.ec2.wsgi.server [-] (20580) wsgi starting up on http://0.0.0.0:8773/
2015-06-22 21:10:17.171 20573 INFO nova.openstack.common.service [-] Started child 20583
2015-06-22 21:10:17.184 20582 INFO nova.ec2.wsgi.server [-] (20582) wsgi starting up on http://0.0.0.0:8773/
2015-06-22 21:10:17.185 20581 INFO nova.ec2.wsgi.server [-] (20581) wsgi starting up on http://0.0.0.0:8773/
2015-06-22 21:10:17.195 20583 INFO nova.ec2.wsgi.server [-] (20583) wsgi starting up on http://0.0.0.0:8773/
2015-06-22 21:10:18.212 20573 WARNING keystonemiddleware.auth_token [-] Configuring admin URI using auth fragments. This is deprecated, use 'identity_uri' instead.
2015-06-22 21:10:18.218 20573 INFO nova.api.openstack [-] V3 API has been disabled by configuration
2015-06-22 21:10:18.220 20573 WARNING keystonemiddleware.auth_token [-] Configuring admin URI using auth fragments. This is deprecated, use 'identity_uri' instead.
2015-06-22 21:10:18.436 20573 WARNING keystonemiddleware.auth_token [-] Configuring admin URI using auth fragments. This is deprecated, use 'identity_uri' instead.
2015-06-22 21:10:18.444 20573 INFO nova.api.openstack [-] V3 API has been disabled by configuration
2015-06-22 21:10:18.446 20573 WARNING keystonemiddleware.auth_token [-] Configuring admin URI using auth fragments. This is deprecated, use 'identity_uri' instead.
2015-06-22 21:10:18.449 20573 INFO nova.wsgi [-] osapi_compute listening on 0.0.0.0:8774
2015-06-22 21:10:18.449 20573 INFO nova.openstack.common.service [-] Starting 4 workers
2015-06-22 21:10:18.459 20573 INFO nova.openstack.common.service [-] Started child 20596
2015-06-22 21:10:18.479 20573 INFO nova.openstack.common.service [-] Started child 20597
2015-06-22 21:10:18.485 20596 INFO nova.osapi_compute.wsgi.server [-] (20596) wsgi starting up on http://0.0.0.0:8774/
2015-06-22 21:10:18.506 20597 INFO nova.osapi_compute.wsgi.server [-] (20597) wsgi starting up on http://0.0.0.0:8774/
2015-06-22 21:10:18.498 20573 INFO nova.openstack.common.service [-] Started child 20598
2015-06-22 21:10:18.525 20573 INFO nova.openstack.common.service [-] Started child 20599
2015-06-22 21:10:18.533 20598 INFO nova.osapi_compute.wsgi.server [-] (20598) wsgi starting up on http://0.0.0.0:8774/
2015-06-22 21:10:18.546 20573 INFO nova.network.driver [-] Loading network driver 'nova.network.linux_net'
2015-06-22 21:10:18.546 20599 INFO nova.osapi_compute.wsgi.server [-] (20599) wsgi starting up on http://0.0.0.0:8774/
2015-06-22 21:10:18.550 20573 WARNING oslo_config.cfg [-] Option "lock_path" from group "DEFAULT" is deprecated. Use option "lock_path" from group "oslo_concurrency".
2015-06-22 21:10:19.079 20573 INFO nova.wsgi [-] metadata listening on 0.0.0.0:8775
2015-06-22 21:10:19.081 20573 INFO nova.openstack.common.service [-] Starting 4 workers
2015-06-22 21:10:19.092 20573 INFO nova.openstack.common.service [-] Started child 20614
2015-06-22 21:10:19.117 20573 INFO nova.openstack.common.service [-] Started child 20615
2015-06-22 21:10:19.121 20614 INFO nova.metadata.wsgi.server [-] (20614) wsgi starting up on http://0.0.0.0:8775/
2015-06-22 21:10:19.131 20615 INFO nova.metadata.wsgi.server [-] (20615) wsgi starting up on http://0.0.0.0:8775/
2015-06-22 21:10:19.136 20573 INFO nova.openstack.common.service [-] Started child 20616
2015-06-22 21:10:19.156 20616 INFO nova.metadata.wsgi.server [-] (20616) wsgi starting up on http://0.0.0.0:8775/
2015-06-22 21:10:19.156 20573 INFO nova.openstack.common.service [-] Started child 20617
2015-06-22 21:10:19.188 20617 INFO nova.metadata.wsgi.server [-] (20617) wsgi starting up on http://0.0.0.0:8775/
2015-06-22 21:10:19.233 20573 WARNING oslo_config.cfg [-] Option "rabbit_ha_queues" from group "DEFAULT" is deprecated. Use option "rabbit_ha_queues" from group "oslo_messaging_rabbit".
2015-06-22 21:10:19.235 20573 WARNING oslo_config.cfg [-] Option "rabbit_host" from group "DEFAULT" is deprecated. Use option "rabbit_host" from group "oslo_messaging_rabbit".
2015-06-22 21:10:19.235 20573 WARNING oslo_config.cfg [-] Option "rabbit_hosts" from group "DEFAULT" is deprecated. Use option "rabbit_hosts" from group "oslo_messaging_rabbit".
2015-06-22 21:10:19.236 20573 WARNING oslo_config.cfg [-] Option "rabbit_password" from group "DEFAULT" is deprecated. Use option "rabbit_password" from group "oslo_messaging_rabbit".
2015-06-22 21:10:19.236 20573 WARNING oslo_config.cfg [-] Option "rabbit_port" from group "DEFAULT" is deprecated. Use option "rabbit_port" from group "oslo_messaging_rabbit".
2015-06-22 21:10:19.237 20573 WARNING oslo_config.cfg [-] Option "rabbit_use_ssl" from group "DEFAULT" is deprecated. Use option "rabbit_use_ssl" from group "oslo_messaging_rabbit".
2015-06-22 21:10:19.237 20573 WARNING oslo_config.cfg [-] Option "rabbit_userid" from group "DEFAULT" is deprecated. Use option "rabbit_userid" from group "oslo_messaging_rabbit".
2015-06-22 21:10:19.238 20573 WARNING oslo_config.cfg [-] Option "rabbit_virtual_host" from group "DEFAULT" is deprecated. Use option "rabbit_virtual_host" from group "oslo_messaging_rabbit".
2015-06-22 21:10:19.242 20573 WARNING oslo_config.cfg [-] Option "url_timeout" from group "neutron" is deprecated. Use option "timeout" from group "neutron".
2015-06-22 21:10:19.261 20573 WARNING oslo_config.cfg [-] Option "sql_connection" from group "DEFAULT" is deprecated. Use option "connection" from group "database".
2015-06-22 21:12:57.158 20599 WARNING oslo_config.cfg [req-135a6aa4-9e17-4076-950f-d050ead604e1 9b1f9b36d7354b1ea121ccfbae339d8b 85a11a1515f94848be7aa5b56adec8bf - - -] Option "sql_connection" from group "DEFAULT" is deprecated. Use option "connection" from group "database".
2015-06-22 21:12:57.449 20599 INFO nova.osapi_compute.wsgi.server [req-135a6aa4-9e17-4076-950f-d050ead604e1 9b1f9b36d7354b1ea121ccfbae339d8b 85a11a1515f94848be7aa5b56adec8bf - - -] 192.168.0.12 "GET /v2/85a11a1515f94848be7aa5b56adec8bf/servers/detail?all_tenants=True&host=compute1 HTTP/1.1" status: 200 len: 211 time: 1.3752980
2015-06-22 21:13:01.747 20599 INFO nova.osapi_compute.wsgi.server [req-f0000c8c-a93d-4b95-baf8-0c69ce2ec71a 9b1f9b36d7354b1ea121ccfbae339d8b 85a11a1515f94848be7aa5b56adec8bf - - -] 192.168.0.13 "GET /v2/85a11a1515f94848be7aa5b56adec8bf/servers/detail?all_tenants=True&host=compute2 HTTP/1.1" status: 200 len: 211 time: 0.0898280
2015-06-22 21:22:59.464 20597 WARNING oslo_config.cfg [req-ef0afa80-1638-4702-8851-0a9cbf6f6c0f 9b1f9b36d7354b1ea121ccfbae339d8b 85a11a1515f94848be7aa5b56adec8bf - - -] Option "sql_connection" from group "DEFAULT" is deprecated. Use option "connection" from group "database".
2015-06-22 21:22:59.886 20597 INFO nova.osapi_compute.wsgi.server [req-ef0afa80-1638-4702-8851-0a9cbf6f6c0f 9b1f9b36d7354b1ea121ccfbae339d8b 85a11a1515f94848be7aa5b56adec8bf - - -] 192.168.0.12 "GET /v2/85a11a1515f94848be7aa5b56adec8bf/servers/detail?all_tenants=True&host=compute1 HTTP/1.1" status: 200 len: 211 time: 1.7945261
2015-06-22 21:23:01.632 20597 INFO nova.osapi_compute.wsgi.server [req-a65d7322-3042-4dcc-8795-4846b8a04db8 9b1f9b36d7354b1ea121ccfbae339d8b 85a11a1515f94848be7aa5b56adec8bf - - -] 192.168.0.13 "GET /v2/85a11a1515f94848be7aa5b56adec8bf/servers/detail?all_tenants=True&host=compute2 HTTP/1.1" status: 200 len: 211 time: 0.1953239
2015-06-22 21:24:15.154 20598 WARNING oslo_config.cfg [req-bc9a91b9-2f88-40a0-beb9-feabb0cf3af3 e9483918caa940a48fe882ba092c7e0b 300b2cc45c3846939e589310ae714e46 - - -] Option "sql_connection" from group "DEFAULT" is deprecated. Use option "connection" from group "database".
2015-06-22 21:24:15.441 20598 INFO nova.osapi_compute.wsgi.server [req-bc9a91b9-2f88-40a0-beb9-feabb0cf3af3 e9483918caa940a48fe882ba092c7e0b 300b2cc45c3846939e589310ae714e46 - - -] 192.168.0.10 "GET /v2/300b2cc45c3846939e589310ae714e46/os-services HTTP/1.1" status: 200 len: 1309 time: 1.4095609
2015-06-22 21:24:16.713 20598 WARNING oslo_config.cfg [req-f2288bf0-b82b-4900-8418-66131b0c0bea e9483918caa940a48fe882ba092c7e0b 300b2cc45c3846939e589310ae714e46 - - -] Option "url_timeout" from group "neutron" is deprecated. Use option "timeout" from group "neutron".
2015-06-22 21:24:16.897 20598 INFO nova.osapi_compute.wsgi.server [req-f2288bf0-b82b-4900-8418-66131b0c0bea e9483918caa940a48fe882ba092c7e0b 300b2cc45c3846939e589310ae714e46 - - -] 192.168.0.10 "GET /v2/300b2cc45c3846939e589310ae714e46/os-networks HTTP/1.1" status: 200 len: 1495 time: 0.2368529
2015-06-22 21:24:18.448 20597 INFO nova.osapi_compute.wsgi.server [req-90195f64-f40d-40ac-b2c8-49893fb30f68 e9483918caa940a48fe882ba092c7e0b 300b2cc45c3846939e589310ae714e46 - - -] 192.168.0.10 "GET /v2/300b2cc45c3846939e589310ae714e46/flavors/detail HTTP/1.1" status: 200 len: 2287 time: 0.2190709
2015-06-22 21:24:20.884 20596 WARNING oslo_config.cfg [req-000d67d9-849a-470a-b371-e93a25e45499 e9483918caa940a48fe882ba092c7e0b 300b2cc45c3846939e589310ae714e46 - - -] Option "sql_connection" from group "DEFAULT" is deprecated. Use option "connection" from group "database".
2015-06-22 21:24:21.247 20596 INFO nova.osapi_compute.wsgi.server [req-000d67d9-849a-470a-b371-e93a25e45499 e9483918caa940a48fe882ba092c7e0b 300b2cc45c3846939e589310ae714e46 - - -] 192.168.0.10 "GET /v2/300b2cc45c3846939e589310ae714e46/servers/detail HTTP/1.1" status: 200 len: 211 time: 1.5862260
2015-06-22 21:26:52.582 20599 INFO nova.osapi_compute.wsgi.server [req-608929f5-05e7-4830-a11b-c0ee6a7812f3 e9483918caa940a48fe882ba092c7e0b 300b2cc45c3846939e589310ae714e46 - - -] 192.168.0.10 "GET /v2/300b2cc45c3846939e589310ae714e46/servers/detail HTTP/1.1" status: 200 len: 211 time: 0.1018629
2015-06-22 21:31:32.043 20599 INFO nova.osapi_compute.wsgi.server [req-31677f98-b767-4eb0-9ab4-f10fe162bbd2 9b1f9b36d7354b1ea121ccfbae339d8b 85a11a1515f94848be7aa5b56adec8bf - - -] 192.168.0.10 "GET /v2/85a11a1515f94848be7aa5b56adec8bf/servers/detail?all_tenants=True HTTP/1.1" status: 200 len: 211 time: 0.1200001
2015-06-22 21:31:34.869 20599 WARNING oslo_config.cfg [req-17ec0bd6-f997-47af-9a82-c54bb4a480c6 9b1f9b36d7354b1ea121ccfbae339d8b 85a11a1515f94848be7aa5b56adec8bf - - -] Option "url_timeout" from group "neutron" is deprecated. Use option "timeout" from group "neutron".
2015-06-22 21:31:35.050 20599 INFO nova.osapi_compute.wsgi.server [req-17ec0bd6-f997-47af-9a82-c54bb4a480c6 9b1f9b36d7354b1ea121ccfbae339d8b 85a11a1515f94848be7aa5b56adec8bf - - -] 192.168.0.10 "GET /v2/85a11a1515f94848be7aa5b56adec8bf/os-floating-ips HTTP/1.1" status: 200 len: 216 time: 0.2292221
2015-06-22 21:31:52.578 20597 INFO nova.osapi_compute.wsgi.server [req-e8e0f62c-1565-4fc2-86e1-f769ef1e9054 e9483918caa940a48fe882ba092c7e0b 300b2cc45c3846939e589310ae714e46 - - -] 192.168.0.10 "GET /v2/300b2cc45c3846939e589310ae714e46/servers/detail HTTP/1.1" status: 200 len: 211 time: 0.1105609
2015-06-22 21:32:01.366 20580 INFO nova.openstack.common.service [-] Child caught SIGTERM, exiting
2015-06-22 21:32:01.371 20580 INFO nova.wsgi [-] Stopping WSGI server.
2015-06-22 21:32:01.373 20573 INFO nova.openstack.common.service [-] Caught SIGTERM, stopping children
2015-06-22 21:32:01.377 20573 INFO nova.openstack.common.service [-] Waiting on 12 children to exit
2015-06-22 21:32:01.381 20583 INFO nova.openstack.common.service [-] Child caught SIGTERM, exiting
2015-06-22 21:32:01.385 20583 INFO nova.wsgi [-] Stopping WSGI server.
2015-06-22 21:32:01.387 20583 INFO nova.ec2.wsgi.server [-] (20583) wsgi exited, is_accepting=True
2015-06-22 21:32:01.388 20583 INFO nova.wsgi [-] WSGI server has stopped.
2015-06-22 21:32:01.387 20598 INFO nova.openstack.common.service [-] Child caught SIGTERM, exiting
2015-06-22 21:32:01.417 20596 INFO nova.openstack.common.service [-] Child caught SIGTERM, exiting
2015-06-22 21:32:01.421 20616 INFO nova.openstack.common.service [-] Child caught SIGTERM, exiting
2015-06-22 21:32:01.427 20616 INFO nova.wsgi [-] Stopping WSGI server.
2015-06-22 21:32:01.450 20596 INFO nova.wsgi [-] Stopping WSGI server.
2015-06-22 21:32:01.413 20597 INFO nova.openstack.common.service [-] Child caught SIGTERM, exiting
2015-06-22 21:32:01.452 20596 INFO nova.osapi_compute.wsgi.server [-] (20596) wsgi exited, is_accepting=True
2015-06-22 21:32:01.453 20597 INFO nova.wsgi [-] Stopping WSGI server.
2015-06-22 21:32:01.453 20596 INFO nova.wsgi [-] WSGI server has stopped.
2015-06-22 21:32:01.454 20597 INFO nova.osapi_compute.wsgi.server [-] (20597) wsgi exited, is_accepting=True
2015-06-22 21:32:01.456 20597 INFO nova.wsgi [-] WSGI server has stopped.
2015-06-22 21:32:01.464 20573 INFO nova.openstack.common.service [-] Child 20581 killed by signal 15
2015-06-22 21:32:01.464 20616 INFO nova.metadata.wsgi.server [-] (20616) wsgi exited, is_accepting=True
2015-06-22 21:32:01.466 20616 INFO nova.wsgi [-] WSGI server has stopped.
2015-06-22 21:32:01.478 20573 INFO nova.openstack.common.service [-] Child 20615 killed by signal 15
2015-06-22 21:32:01.479 20573 INFO nova.openstack.common.service [-] Child 20582 killed by signal 15
2015-06-22 21:32:01.501 20573 INFO nova.openstack.common.service [-] Child 20614 killed by signal 15
2015-06-22 21:32:01.545 20573 INFO nova.openstack.common.service [-] Child 20583 killed by signal 15
2015-06-22 21:32:01.546 20573 INFO nova.openstack.common.service [-] Child 20617 killed by signal 15
2015-06-22 21:32:01.555 20573 INFO nova.openstack.common.service [-] Child 20580 killed by signal 15
2015-06-22 21:32:01.571 20573 INFO nova.openstack.common.service [-] Child 20616 exited with status 1
2015-06-22 21:32:01.613 20573 INFO nova.openstack.common.service [-] Child 20599 killed by signal 15
2015-06-22 21:32:01.651 20573 INFO nova.openstack.common.service [-] Child 20596 exited with status 1
2015-06-22 21:32:01.685 20573 INFO nova.openstack.common.service [-] Child 20598 killed by signal 15
2015-06-22 21:32:01.704 20573 INFO nova.openstack.common.service [-] Child 20597 exited with status 1
2015-06-22 22:07:21.844 1042 INFO nova.openstack.common.periodic_task [-] Skipping periodic task _periodic_update_dns because its interval is negative
2015-06-22 22:07:21.849 1042 WARNING nova.api.ec2.cloud [-] Deprecated: The in tree EC2 API is deprecated as of Kilo release and may be removed in a future release. The stackforge ec2-api project http://git.openstack.org/cgit/stackforge/ec2-api/ is the target replacement for this functionality.
2015-06-22 22:07:22.203 1042 INFO nova.wsgi [-] ec2 listening on 0.0.0.0:8773
2015-06-22 22:07:22.203 1042 INFO nova.openstack.common.service [-] Starting 4 workers
2015-06-22 22:07:22.221 1042 INFO nova.openstack.common.service [-] Started child 2121
2015-06-22 22:07:22.266 2121 INFO nova.ec2.wsgi.server [-] (2121) wsgi starting up on http://0.0.0.0:8773/
2015-06-22 22:07:22.249 1042 INFO nova.openstack.common.service [-] Started child 2123
2015-06-22 22:07:22.283 1042 INFO nova.openstack.common.service [-] Started child 2126
2015-06-22 22:07:22.318 1042 INFO nova.openstack.common.service [-] Started child 2130
2015-06-22 22:07:22.332 2126 INFO nova.ec2.wsgi.server [-] (2126) wsgi starting up on http://0.0.0.0:8773/
2015-06-22 22:07:22.348 2123 INFO nova.ec2.wsgi.server [-] (2123) wsgi starting up on http://0.0.0.0:8773/
2015-06-22 22:07:22.352 2130 INFO nova.ec2.wsgi.server [-] (2130) wsgi starting up on http://0.0.0.0:8773/
2015-06-22 22:07:24.385 1042 WARNING keystonemiddleware.auth_token [-] Configuring admin URI using auth fragments. This is deprecated, use 'identity_uri' instead.
2015-06-22 22:07:24.397 1042 INFO nova.api.openstack [-] V3 API has been disabled by configuration
2015-06-22 22:07:24.412 1042 WARNING keystonemiddleware.auth_token [-] Configuring admin URI using auth fragments. This is deprecated, use 'identity_uri' instead.
2015-06-22 22:07:24.985 1042 WARNING keystonemiddleware.auth_token [-] Configuring admin URI using auth fragments. This is deprecated, use 'identity_uri' instead.
2015-06-22 22:07:24.995 1042 INFO nova.api.openstack [-] V3 API has been disabled by configuration
2015-06-22 22:07:25.000 1042 WARNING keystonemiddleware.auth_token [-] Configuring admin URI using auth fragments. This is deprecated, use 'identity_uri' instead.
2015-06-22 22:07:25.007 1042 INFO nova.wsgi [-] osapi_compute listening on 0.0.0.0:8774
2015-06-22 22:07:25.008 1042 INFO nova.openstack.common.service [-] Starting 4 workers
2015-06-22 22:07:25.029 1042 INFO nova.openstack.common.service [-] Started child 2418
2015-06-22 22:07:25.059 1042 INFO nova.openstack.common.service [-] Started child 2420
2015-06-22 22:07:25.087 2418 INFO nova.osapi_compute.wsgi.server [-] (2418) wsgi starting up on http://0.0.0.0:8774/
2015-06-22 22:07:25.108 1042 INFO nova.openstack.common.service [-] Started child 2422
2015-06-22 22:07:25.142 2420 INFO nova.osapi_compute.wsgi.server [-] (2420) wsgi starting up on http://0.0.0.0:8774/
2015-06-22 22:07:25.176 2422 INFO nova.osapi_compute.wsgi.server [-] (2422) wsgi starting up on http://0.0.0.0:8774/
2015-06-22 22:07:25.172 1042 INFO nova.openstack.common.service [-] Started child 2426
2015-06-22 22:07:25.235 1042 INFO nova.network.driver [-] Loading network driver 'nova.network.linux_net'
2015-06-22 22:07:25.250 1042 WARNING oslo_config.cfg [-] Option "lock_path" from group "DEFAULT" is deprecated. Use option "lock_path" from group "oslo_concurrency".
2015-06-22 22:07:25.258 2426 INFO nova.osapi_compute.wsgi.server [-] (2426) wsgi starting up on http://0.0.0.0:8774/
2015-06-22 22:07:26.247 1042 INFO nova.wsgi [-] metadata listening on 0.0.0.0:8775
2015-06-22 22:07:26.250 1042 INFO nova.openstack.common.service [-] Starting 4 workers
2015-06-22 22:07:26.264 1042 INFO nova.openstack.common.service [-] Started child 2502
2015-06-22 22:07:26.297 2502 INFO nova.metadata.wsgi.server [-] (2502) wsgi starting up on http://0.0.0.0:8775/
2015-06-22 22:07:26.291 1042 INFO nova.openstack.common.service [-] Started child 2503
2015-06-22 22:07:26.329 2503 INFO nova.metadata.wsgi.server [-] (2503) wsgi starting up on http://0.0.0.0:8775/
2015-06-22 22:07:26.323 1042 INFO nova.openstack.common.service [-] Started child 2504
2015-06-22 22:07:26.365 2504 INFO nova.metadata.wsgi.server [-] (2504) wsgi starting up on http://0.0.0.0:8775/
2015-06-22 22:07:26.369 1042 INFO nova.openstack.common.service [-] Started child 2505
2015-06-22 22:07:26.465 2505 INFO nova.metadata.wsgi.server [-] (2505) wsgi starting up on http://0.0.0.0:8775/
2015-06-22 22:07:26.516 1042 WARNING oslo_config.cfg [-] Option "rabbit_ha_queues" from group "DEFAULT" is deprecated. Use option "rabbit_ha_queues" from group "oslo_messaging_rabbit".
2015-06-22 22:07:26.517 1042 WARNING oslo_config.cfg [-] Option "rabbit_host" from group "DEFAULT" is deprecated. Use option "rabbit_host" from group "oslo_messaging_rabbit".
2015-06-22 22:07:26.517 1042 WARNING oslo_config.cfg [-] Option "rabbit_hosts" from group "DEFAULT" is deprecated. Use option "rabbit_hosts" from group "oslo_messaging_rabbit".
2015-06-22 22:07:26.518 1042 WARNING oslo_config.cfg [-] Option "rabbit_password" from group "DEFAULT" is deprecated. Use option "rabbit_password" from group "oslo_messaging_rabbit".
2015-06-22 22:07:26.518 1042 WARNING oslo_config.cfg [-] Option "rabbit_port" from group "DEFAULT" is deprecated. Use option "rabbit_port" from group "oslo_messaging_rabbit".
2015-06-22 22:07:26.519 1042 WARNING oslo_config.cfg [-] Option "rabbit_use_ssl" from group "DEFAULT" is deprecated. Use option "rabbit_use_ssl" from group "oslo_messaging_rabbit".
2015-06-22 22:07:26.519 1042 WARNING oslo_config.cfg [-] Option "rabbit_userid" from group "DEFAULT" is deprecated. Use option "rabbit_userid" from group "oslo_messaging_rabbit".
2015-06-22 22:07:26.519 1042 WARNING oslo_config.cfg [-] Option "rabbit_virtual_host" from group "DEFAULT" is deprecated. Use option "rabbit_virtual_host" from group "oslo_messaging_rabbit".
2015-06-22 22:07:26.523 1042 WARNING oslo_config.cfg [-] Option "url_timeout" from group "neutron" is deprecated. Use option "timeout" from group "neutron".
2015-06-22 22:07:26.539 1042 WARNING oslo_config.cfg [-] Option "sql_connection" from group "DEFAULT" is deprecated. Use option "connection" from group "database".
2015-06-22 22:09:29.742 2422 WARNING oslo_config.cfg [req-25970f38-9a94-4bce-80df-ba874b08dd11 e9483918caa940a48fe882ba092c7e0b 300b2cc45c3846939e589310ae714e46 - - -] Option "sql_connection" from group "DEFAULT" is deprecated. Use option "connection" from group "database".
2015-06-22 22:09:30.042 2422 INFO nova.osapi_compute.wsgi.server [req-25970f38-9a94-4bce-80df-ba874b08dd11 e9483918caa940a48fe882ba092c7e0b 300b2cc45c3846939e589310ae714e46 - - -] 192.168.0.10 "GET /v2/300b2cc45c3846939e589310ae714e46/os-services HTTP/1.1" status: 200 len: 2493 time: 1.6173780
2015-06-22 22:09:31.320 2422 WARNING oslo_config.cfg [req-5fca4ca9-9656-403f-99fe-10f14bcedfc8 e9483918caa940a48fe882ba092c7e0b 300b2cc45c3846939e589310ae714e46 - - -] Option "url_timeout" from group "neutron" is deprecated. Use option "timeout" from group "neutron".
2015-06-22 22:09:31.962 2422 INFO nova.osapi_compute.wsgi.server [req-5fca4ca9-9656-403f-99fe-10f14bcedfc8 e9483918caa940a48fe882ba092c7e0b 300b2cc45c3846939e589310ae714e46 - - -] 192.168.0.10 "GET /v2/300b2cc45c3846939e589310ae714e46/os-networks HTTP/1.1" status: 200 len: 1495 time: 0.6790531
2015-06-22 22:09:34.437 2426 WARNING oslo_config.cfg [req-39ec998e-339c-4a57-80ac-20a66b33d156 e9483918caa940a48fe882ba092c7e0b 300b2cc45c3846939e589310ae714e46 - - -] Option "sql_connection" from group "DEFAULT" is deprecated. Use option "connection" from group "database".
2015-06-22 22:09:34.745 2426 INFO nova.osapi_compute.wsgi.server [req-39ec998e-339c-4a57-80ac-20a66b33d156 e9483918caa940a48fe882ba092c7e0b 300b2cc45c3846939e589310ae714e46 - - -] 192.168.0.10 "GET /v2/300b2cc45c3846939e589310ae714e46/flavors/detail HTTP/1.1" status: 200 len: 2287 time: 1.6120031
2015-06-22 22:09:36.110 2422 INFO nova.osapi_compute.wsgi.server [req-af318a8a-b702-43bf-9ee1-61c802da0807 e9483918caa940a48fe882ba092c7e0b 300b2cc45c3846939e589310ae714e46 - - -] 192.168.0.10 "GET /v2/300b2cc45c3846939e589310ae714e46/servers/detail HTTP/1.1" status: 200 len: 211 time: 0.1050761
2015-06-22 22:11:27.502 2422 INFO nova.osapi_compute.wsgi.server [req-5432ae7c-97e3-4318-91cd-94cdf9380bec e9483918caa940a48fe882ba092c7e0b 300b2cc45c3846939e589310ae714e46 - - -] 192.168.0.10 "GET /v2/300b2cc45c3846939e589310ae714e46/servers/detail HTTP/1.1" status: 200 len: 211 time: 0.0980849
2015-06-22 22:16:28.556 2420 WARNING oslo_config.cfg [req-67a914b0-9460-4450-8d0e-0ee965571171 e9483918caa940a48fe882ba092c7e0b 300b2cc45c3846939e589310ae714e46 - - -] Option "sql_connection" from group "DEFAULT" is deprecated. Use option "connection" from group "database".
2015-06-22 22:16:28.851 2420 INFO nova.osapi_compute.wsgi.server [req-67a914b0-9460-4450-8d0e-0ee965571171 e9483918caa940a48fe882ba092c7e0b 300b2cc45c3846939e589310ae714e46 - - -] 192.168.0.10 "GET /v2/300b2cc45c3846939e589310ae714e46/servers/detail HTTP/1.1" status: 200 len: 211 time: 1.3796451
2015-06-22 22:16:46.768 2418 WARNING oslo_config.cfg [req-e3dfd6d4-5486-4e73-884c-9df76afdd260 9b1f9b36d7354b1ea121ccfbae339d8b 85a11a1515f94848be7aa5b56adec8bf - - -] Option "sql_connection" from group "DEFAULT" is deprecated. Use option "connection" from group "database".
2015-06-22 22:16:47.141 2418 INFO nova.osapi_compute.wsgi.server [req-e3dfd6d4-5486-4e73-884c-9df76afdd260 9b1f9b36d7354b1ea121ccfbae339d8b 85a11a1515f94848be7aa5b56adec8bf - - -] 192.168.0.12 "GET /v2/85a11a1515f94848be7aa5b56adec8bf/servers/detail?all_tenants=True&host=compute1.example.com HTTP/1.1" status: 200 len: 211 time: 1.4521410
2015-06-22 22:16:47.438 2418 INFO nova.osapi_compute.wsgi.server [req-cf381623-b9dd-4aaa-a4a6-296c6cb706ff 9b1f9b36d7354b1ea121ccfbae339d8b 85a11a1515f94848be7aa5b56adec8bf - - -] 192.168.0.13 "GET /v2/85a11a1515f94848be7aa5b56adec8bf/servers/detail?all_tenants=True&host=compute2.example.com HTTP/1.1" status: 200 len: 211 time: 0.0819130
2015-06-22 22:17:16.832 2426 INFO nova.osapi_compute.wsgi.server [req-c01674e6-8d60-4d0b-9fd9-265a62c82a34 9b1f9b36d7354b1ea121ccfbae339d8b 85a11a1515f94848be7aa5b56adec8bf - - -] 192.168.0.10 "GET /v2/85a11a1515f94848be7aa5b56adec8bf/servers/detail?all_tenants=True HTTP/1.1" status: 200 len: 211 time: 0.1007891
2015-06-22 22:17:20.194 2418 WARNING oslo_config.cfg [req-d3055bbc-5c3f-4b8b-84f4-96f7d5718ba3 9b1f9b36d7354b1ea121ccfbae339d8b 85a11a1515f94848be7aa5b56adec8bf - - -] Option "url_timeout" from group "neutron" is deprecated. Use option "timeout" from group "neutron".
2015-06-22 22:17:20.571 2418 INFO nova.osapi_compute.wsgi.server [req-d3055bbc-5c3f-4b8b-84f4-96f7d5718ba3 9b1f9b36d7354b1ea121ccfbae339d8b 85a11a1515f94848be7aa5b56adec8bf - - -] 192.168.0.10 "GET /v2/85a11a1515f94848be7aa5b56adec8bf/os-floating-ips HTTP/1.1" status: 200 len: 216 time: 0.4241540
2015-06-22 22:21:27.454 2422 INFO nova.osapi_compute.wsgi.server [req-b4577e89-9a78-4fae-9a6e-f17e5db15553 e9483918caa940a48fe882ba092c7e0b 300b2cc45c3846939e589310ae714e46 - - -] 192.168.0.10 "GET /v2/300b2cc45c3846939e589310ae714e46/servers/detail HTTP/1.1" status: 200 len: 211 time: 0.0935490
2015-06-22 22:26:27.475 2422 INFO nova.osapi_compute.wsgi.server [req-31754fc7-e2f7-4332-82ea-e82d93e5e425 e9483918caa940a48fe882ba092c7e0b 300b2cc45c3846939e589310ae714e46 - - -] 192.168.0.10 "GET /v2/300b2cc45c3846939e589310ae714e46/servers/detail HTTP/1.1" status: 200 len: 211 time: 0.0963340
2015-06-22 22:26:45.647 2426 INFO nova.osapi_compute.wsgi.server [req-db7ecac8-b53e-4c4f-a98d-2d0e3c2b8a8b 9b1f9b36d7354b1ea121ccfbae339d8b 85a11a1515f94848be7aa5b56adec8bf - - -] 192.168.0.12 "GET /v2/85a11a1515f94848be7aa5b56adec8bf/servers/detail?all_tenants=True&host=compute1.example.com HTTP/1.1" status: 200 len: 211 time: 0.1015360
2015-06-22 22:26:47.285 2420 INFO nova.osapi_compute.wsgi.server [req-62d2de38-966d-46c4-83d9-1a4b762e874e 9b1f9b36d7354b1ea121ccfbae339d8b 85a11a1515f94848be7aa5b56adec8bf - - -] 192.168.0.13 "GET /v2/85a11a1515f94848be7aa5b56adec8bf/servers/detail?all_tenants=True&host=compute2.example.com HTTP/1.1" status: 200 len: 211 time: 0.0967860
2015-06-22 22:27:16.253 2420 INFO nova.osapi_compute.wsgi.server [req-aaff9a6b-9746-404d-a57f-a81743aa7191 9b1f9b36d7354b1ea121ccfbae339d8b 85a11a1515f94848be7aa5b56adec8bf - - -] 192.168.0.10 "GET /v2/85a11a1515f94848be7aa5b56adec8bf/servers/detail?all_tenants=True HTTP/1.1" status: 200 len: 211 time: 0.0963080
2015-06-22 22:27:17.736 2426 WARNING oslo_config.cfg [req-323b1290-11e7-43e3-8bca-3c71737786e4 9b1f9b36d7354b1ea121ccfbae339d8b 85a11a1515f94848be7aa5b56adec8bf - - -] Option "url_timeout" from group "neutron" is deprecated. Use option "timeout" from group "neutron".
2015-06-22 22:27:17.899 2426 INFO nova.osapi_compute.wsgi.server [req-323b1290-11e7-43e3-8bca-3c71737786e4 9b1f9b36d7354b1ea121ccfbae339d8b 85a11a1515f94848be7aa5b56adec8bf - - -] 192.168.0.10 "GET /v2/85a11a1515f94848be7aa5b56adec8bf/os-floating-ips HTTP/1.1" status: 200 len: 216 time: 0.2151449
2015-06-22 22:27:48.305 2426 INFO nova.osapi_compute.wsgi.server [req-c45b76fa-0352-47e8-b299-7cb2652c091e e9483918caa940a48fe882ba092c7e0b 300b2cc45c3846939e589310ae714e46 - - -] 192.168.0.10 "GET /v2/300b2cc45c3846939e589310ae714e46/os-services HTTP/1.1" status: 200 len: 2493 time: 0.0802209
2015-06-22 22:27:49.658 2426 INFO nova.osapi_compute.wsgi.server [req-66791ae2-96c6-4921-983e-716492d819b0 e9483918caa940a48fe882ba092c7e0b 300b2cc45c3846939e589310ae714e46 - - -] 192.168.0.10 "GET /v2/300b2cc45c3846939e589310ae714e46/os-networks HTTP/1.1" status: 200 len: 1495 time: 0.1728282
2015-06-22 22:27:50.866 2426 INFO nova.osapi_compute.wsgi.server [req-b07a0cf3-e8f5-4ea5-bbc0-871a91a9366d e9483918caa940a48fe882ba092c7e0b 300b2cc45c3846939e589310ae714e46 - - -] 192.168.0.10 "GET /v2/300b2cc45c3846939e589310ae714e46/flavors/detail HTTP/1.1" status: 200 len: 2287 time: 0.0603108
2015-06-22 22:27:52.202 2426 INFO nova.osapi_compute.wsgi.server [req-3cb65b41-c835-4245-96c6-56206839e2a1 e9483918caa940a48fe882ba092c7e0b 300b2cc45c3846939e589310ae714e46 - - -] 192.168.0.10 "GET /v2/300b2cc45c3846939e589310ae714e46/servers/detail HTTP/1.1" status: 200 len: 211 time: 0.0819709
2015-06-22 22:29:37.241 2420 INFO nova.osapi_compute.wsgi.server [req-2c0918b6-dca0-48be-b76b-9ea3c3dba4a8 e9483918caa940a48fe882ba092c7e0b 300b2cc45c3846939e589310ae714e46 - - -] 192.168.0.10 "GET /v2/300b2cc45c3846939e589310ae714e46/extensions HTTP/1.1" status: 200 len: 22486 time: 0.0455451
2015-06-22 22:29:37.320 2422 INFO nova.osapi_compute.wsgi.server [req-73ad343a-a52a-40a9-a093-e7c698eb9169 e9483918caa940a48fe882ba092c7e0b 300b2cc45c3846939e589310ae714e46 - - -] 192.168.0.10 "GET /v2/300b2cc45c3846939e589310ae714e46/os-simple-tenant-usage?start=2015-06-01T00:00:00&end=2015-06-22T23:59:59&detailed=1 HTTP/1.1" status: 200 len: 217 time: 0.0662971
2015-06-22 22:29:37.357 2422 INFO nova.osapi_compute.wsgi.server [req-51217263-8f25-4aa3-ab38-f2844a73cc27 e9483918caa940a48fe882ba092c7e0b 300b2cc45c3846939e589310ae714e46 - - -] 192.168.0.10 "GET /v2/300b2cc45c3846939e589310ae714e46/limits HTTP/1.1" status: 200 len: 708 time: 0.0317180
2015-06-22 22:29:54.099 2418 INFO nova.osapi_compute.wsgi.server [req-97c8f9cb-e164-442e-93c7-21e9b0ffdc7f e9483918caa940a48fe882ba092c7e0b 300b2cc45c3846939e589310ae714e46 - - -] 192.168.0.10 "GET /v2/300b2cc45c3846939e589310ae714e46/servers/detail?limit=21&project_id=300b2cc45c3846939e589310ae714e46 HTTP/1.1" status: 200 len: 211 time: 0.1070940
2015-06-22 22:29:54.258 2426 INFO nova.osapi_compute.wsgi.server [req-41918285-1ba3-46b1-b331-975686bbb5ea e9483918caa940a48fe882ba092c7e0b 300b2cc45c3846939e589310ae714e46 - - -] 192.168.0.10 "GET /v2/300b2cc45c3846939e589310ae714e46/limits?reserved=1 HTTP/1.1" status: 200 len: 708 time: 0.0732260
2015-06-22 22:29:54.302 2420 INFO nova.osapi_compute.wsgi.server [req-80b5ca5d-a43f-470c-af13-65049094651e e9483918caa940a48fe882ba092c7e0b 300b2cc45c3846939e589310ae714e46 - - -] 192.168.0.10 "GET /v2/300b2cc45c3846939e589310ae714e46/limits?reserved=1 HTTP/1.1" status: 200 len: 708 time: 0.0330141
2015-06-22 22:30:19.851 2422 INFO nova.osapi_compute.wsgi.server [req-4d9a869c-ac9e-4eb2-af95-c77926ab545b 92b130a947e342adb476431b041ed43c a9c27d47441e432c8529f8f30ea3261e - - -] 192.168.0.10 "GET /v2/a9c27d47441e432c8529f8f30ea3261e/extensions HTTP/1.1" status: 200 len: 22486 time: 0.0583549
2015-06-22 22:30:19.925 2426 INFO nova.osapi_compute.wsgi.server [req-7fdafbbc-e620-4ec5-910a-5c5752f1f7ca 92b130a947e342adb476431b041ed43c a9c27d47441e432c8529f8f30ea3261e - - -] 192.168.0.10 "GET /v2/a9c27d47441e432c8529f8f30ea3261e/os-simple-tenant-usage/a9c27d47441e432c8529f8f30ea3261e?start=2015-06-01T00:00:00&end=2015-06-22T23:59:59 HTTP/1.1" status: 200 len: 216 time: 0.0639670
2015-06-22 22:30:20.003 2418 INFO nova.osapi_compute.wsgi.server [req-8dbd273d-24be-45c4-9763-3ffc4e62a56d 92b130a947e342adb476431b041ed43c a9c27d47441e432c8529f8f30ea3261e - - -] 192.168.0.10 "GET /v2/a9c27d47441e432c8529f8f30ea3261e/limits HTTP/1.1" status: 200 len: 708 time: 0.0711288
2015-06-22 22:30:29.908 2418 INFO nova.osapi_compute.wsgi.server [req-c0756e18-ef5c-41fa-b245-56b37823668f 92b130a947e342adb476431b041ed43c a9c27d47441e432c8529f8f30ea3261e - - -] 192.168.0.10 "GET /v2/a9c27d47441e432c8529f8f30ea3261e/servers/detail?limit=21&project_id=a9c27d47441e432c8529f8f30ea3261e HTTP/1.1" status: 200 len: 211 time: 0.0447381
2015-06-22 22:30:30.097 2420 INFO nova.osapi_compute.wsgi.server [req-55b097b0-e34f-49f2-8a14-1fbe362af13e 92b130a947e342adb476431b041ed43c a9c27d47441e432c8529f8f30ea3261e - - -] 192.168.0.10 "GET /v2/a9c27d47441e432c8529f8f30ea3261e/limits?reserved=1 HTTP/1.1" status: 200 len: 708 time: 0.0670941
2015-06-22 22:30:30.135 2422 INFO nova.osapi_compute.wsgi.server [req-b99fbc8e-a4ad-4b0c-b1db-33f372e16f87 92b130a947e342adb476431b041ed43c a9c27d47441e432c8529f8f30ea3261e - - -] 192.168.0.10 "GET /v2/a9c27d47441e432c8529f8f30ea3261e/limits?reserved=1 HTTP/1.1" status: 200 len: 708 time: 0.0277660
2015-06-22 22:30:35.993 2422 INFO nova.osapi_compute.wsgi.server [req-b65455f6-3773-4c7b-8827-f64e9fad75b8 92b130a947e342adb476431b041ed43c a9c27d47441e432c8529f8f30ea3261e - - -] 192.168.0.10 "GET /v2/a9c27d47441e432c8529f8f30ea3261e/os-keypairs HTTP/1.1" status: 200 len: 212 time: 0.0216711
2015-06-22 22:30:36.276 2422 INFO nova.osapi_compute.wsgi.server [req-1eb5dd2b-77dd-4246-904b-64eba6fb729b 92b130a947e342adb476431b041ed43c a9c27d47441e432c8529f8f30ea3261e - - -] 192.168.0.10 "GET /v2/a9c27d47441e432c8529f8f30ea3261e/servers/detail?project_id=a9c27d47441e432c8529f8f30ea3261e HTTP/1.1" status: 200 len: 211 time: 0.0501380
2015-06-22 22:30:36.368 2420 INFO nova.osapi_compute.wsgi.server [req-1c3e1e58-1321-4c89-b32b-dafd92488ae4 92b130a947e342adb476431b041ed43c a9c27d47441e432c8529f8f30ea3261e - - -] 192.168.0.10 "GET /v2/a9c27d47441e432c8529f8f30ea3261e/os-quota-sets/a9c27d47441e432c8529f8f30ea3261e HTTP/1.1" status: 200 len: 568 time: 0.0232711
2015-06-22 22:30:36.954 2420 INFO nova.osapi_compute.wsgi.server [req-cc4c3a1b-1eaa-4464-886a-2645a46400c6 92b130a947e342adb476431b041ed43c a9c27d47441e432c8529f8f30ea3261e - - -] 192.168.0.10 "GET /v2/a9c27d47441e432c8529f8f30ea3261e/servers/detail?all_tenants=True&tenant_id=a9c27d47441e432c8529f8f30ea3261e HTTP/1.1" status: 200 len: 211 time: 0.0512791
2015-06-22 22:30:36.990 2420 INFO nova.osapi_compute.wsgi.server [req-5e4bbd63-54cf-4181-b873-e7af0abe72d8 92b130a947e342adb476431b041ed43c a9c27d47441e432c8529f8f30ea3261e - - -] 192.168.0.10 "GET /v2/a9c27d47441e432c8529f8f30ea3261e/flavors/detail HTTP/1.1" status: 200 len: 2287 time: 0.0316329
2015-06-22 22:30:46.543 2422 INFO nova.osapi_compute.wsgi.server [req-ae86d2fa-a508-4876-bdee-52c5b548afc8 92b130a947e342adb476431b041ed43c a9c27d47441e432c8529f8f30ea3261e - - -] 192.168.0.10 "GET /v2/a9c27d47441e432c8529f8f30ea3261e/servers/detail?project_id=a9c27d47441e432c8529f8f30ea3261e HTTP/1.1" status: 200 len: 211 time: 0.0531161
2015-06-22 22:30:50.013 2418 INFO nova.osapi_compute.wsgi.server [req-202d788b-c745-4c4f-b40a-23771e7c0782 92b130a947e342adb476431b041ed43c a9c27d47441e432c8529f8f30ea3261e - - -] 192.168.0.10 "GET /v2/a9c27d47441e432c8529f8f30ea3261e/os-keypairs HTTP/1.1" status: 200 len: 212 time: 0.0243299
2015-06-22 22:30:50.267 2418 INFO nova.osapi_compute.wsgi.server [req-0fd4df7b-76a8-4a72-9d28-3d58c4123f34 92b130a947e342adb476431b041ed43c a9c27d47441e432c8529f8f30ea3261e - - -] 192.168.0.10 "GET /v2/a9c27d47441e432c8529f8f30ea3261e/servers/detail?project_id=a9c27d47441e432c8529f8f30ea3261e HTTP/1.1" status: 200 len: 211 time: 0.0457630
2015-06-22 22:30:50.351 2426 INFO nova.osapi_compute.wsgi.server [req-7c4fffbc-832d-4529-8087-2721d8f9a792 92b130a947e342adb476431b041ed43c a9c27d47441e432c8529f8f30ea3261e - - -] 192.168.0.10 "GET /v2/a9c27d47441e432c8529f8f30ea3261e/os-quota-sets/a9c27d47441e432c8529f8f30ea3261e HTTP/1.1" status: 200 len: 568 time: 0.0224829
2015-06-22 22:30:50.489 2418 INFO nova.osapi_compute.wsgi.server [req-4874bfeb-5e23-4f39-a22a-972af8cf39ca 92b130a947e342adb476431b041ed43c a9c27d47441e432c8529f8f30ea3261e - - -] 192.168.0.10 "GET /v2/a9c27d47441e432c8529f8f30ea3261e/servers/detail?all_tenants=True&tenant_id=a9c27d47441e432c8529f8f30ea3261e HTTP/1.1" status: 200 len: 211 time: 0.0435588
2015-06-22 22:30:50.522 2418 INFO nova.osapi_compute.wsgi.server [req-2b8279dd-9d3e-42ee-8a3a-126a0e88d8e6 92b130a947e342adb476431b041ed43c a9c27d47441e432c8529f8f30ea3261e - - -] 192.168.0.10 "GET /v2/a9c27d47441e432c8529f8f30ea3261e/flavors/detail HTTP/1.1" status: 200 len: 2287 time: 0.0279360
2015-06-22 22:30:55.479 2420 INFO nova.osapi_compute.wsgi.server [req-249a1637-a717-44ee-b0d3-7d1409ffbc54 92b130a947e342adb476431b041ed43c a9c27d47441e432c8529f8f30ea3261e - - -] 192.168.0.10 "GET /v2/a9c27d47441e432c8529f8f30ea3261e/os-quota-sets/a9c27d47441e432c8529f8f30ea3261e HTTP/1.1" status: 200 len: 568 time: 0.0243850
2015-06-22 22:30:55.591 2420 INFO nova.osapi_compute.wsgi.server [req-b6572764-ff56-4cf2-bcaa-7c58ccfebca4 92b130a947e342adb476431b041ed43c a9c27d47441e432c8529f8f30ea3261e - - -] 192.168.0.10 "GET /v2/a9c27d47441e432c8529f8f30ea3261e/servers/detail?all_tenants=True&tenant_id=a9c27d47441e432c8529f8f30ea3261e HTTP/1.1" status: 200 len: 211 time: 0.0531349
2015-06-22 22:30:55.620 2418 INFO nova.osapi_compute.wsgi.server [req-34fe19d9-0900-4633-a683-4aeef325552d 92b130a947e342adb476431b041ed43c a9c27d47441e432c8529f8f30ea3261e - - -] 192.168.0.10 "GET /v2/a9c27d47441e432c8529f8f30ea3261e/flavors/detail HTTP/1.1" status: 200 len: 2287 time: 0.0242710
2015-06-22 22:30:57.982 2418 INFO nova.osapi_compute.wsgi.server [req-5cd26361-c434-4a74-8920-c60668260e15 92b130a947e342adb476431b041ed43c a9c27d47441e432c8529f8f30ea3261e - - -] 192.168.0.10 "GET /v2/a9c27d47441e432c8529f8f30ea3261e/os-quota-sets/a9c27d47441e432c8529f8f30ea3261e HTTP/1.1" status: 200 len: 568 time: 0.0120938
2015-06-22 22:30:58.064 2418 INFO nova.osapi_compute.wsgi.server [req-cdb230ce-213f-4365-9ec1-e5937dad539f 92b130a947e342adb476431b041ed43c a9c27d47441e432c8529f8f30ea3261e - - -] 192.168.0.10 "GET /v2/a9c27d47441e432c8529f8f30ea3261e/servers/detail?all_tenants=True&tenant_id=a9c27d47441e432c8529f8f30ea3261e HTTP/1.1" status: 200 len: 211 time: 0.0387251
2015-06-22 22:30:58.104 2422 INFO nova.osapi_compute.wsgi.server [req-51249fc2-3b48-40e8-85bf-2f1c2b42d6c8 92b130a947e342adb476431b041ed43c a9c27d47441e432c8529f8f30ea3261e - - -] 192.168.0.10 "GET /v2/a9c27d47441e432c8529f8f30ea3261e/flavors/detail HTTP/1.1" status: 200 len: 2287 time: 0.0342069
2015-06-22 22:30:58.793 2418 INFO nova.osapi_compute.wsgi.server [req-c74ce9ab-99b2-468a-adf2-b6613f2d6455 92b130a947e342adb476431b041ed43c a9c27d47441e432c8529f8f30ea3261e - - -] 192.168.0.10 "GET /v2/a9c27d47441e432c8529f8f30ea3261e/os-keypairs HTTP/1.1" status: 200 len: 212 time: 0.0084999
2015-06-22 22:30:58.900 2418 INFO nova.osapi_compute.wsgi.server [req-07c7dc2d-09b8-4ff9-9a88-9128df5af061 92b130a947e342adb476431b041ed43c a9c27d47441e432c8529f8f30ea3261e - - -] 192.168.0.10 "GET /v2/a9c27d47441e432c8529f8f30ea3261e/servers/detail?project_id=a9c27d47441e432c8529f8f30ea3261e HTTP/1.1" status: 200 len: 211 time: 0.0408771
2015-06-22 22:30:58.981 2426 INFO nova.osapi_compute.wsgi.server [req-17fdf8bc-ad67-4b3a-af3a-68b213c7b433 92b130a947e342adb476431b041ed43c a9c27d47441e432c8529f8f30ea3261e - - -] 192.168.0.10 "GET /v2/a9c27d47441e432c8529f8f30ea3261e/os-quota-sets/a9c27d47441e432c8529f8f30ea3261e HTTP/1.1" status: 200 len: 568 time: 0.0121350
2015-06-22 22:30:59.081 2426 INFO nova.osapi_compute.wsgi.server [req-b32f6496-633e-4f6b-8f92-a46c6a7ca535 92b130a947e342adb476431b041ed43c a9c27d47441e432c8529f8f30ea3261e - - -] 192.168.0.10 "GET /v2/a9c27d47441e432c8529f8f30ea3261e/servers/detail?all_tenants=True&tenant_id=a9c27d47441e432c8529f8f30ea3261e HTTP/1.1" status: 200 len: 211 time: 0.0514219
2015-06-22 22:30:59.111 2426 INFO nova.osapi_compute.wsgi.server [req-f50a7367-b006-41f2-88db-9f71198b0130 92b130a947e342adb476431b041ed43c a9c27d47441e432c8529f8f30ea3261e - - -] 192.168.0.10 "GET /v2/a9c27d47441e432c8529f8f30ea3261e/flavors/detail HTTP/1.1" status: 200 len: 2287 time: 0.0249722
2015-06-22 22:31:11.713 2420 INFO nova.osapi_compute.wsgi.server [req-fc7c49fb-c862-4d29-b3d7-20b81a82a67b 92b130a947e342adb476431b041ed43c a9c27d47441e432c8529f8f30ea3261e - - -] 192.168.0.10 "GET /v2/a9c27d47441e432c8529f8f30ea3261e/extensions HTTP/1.1" status: 200 len: 22486 time: 0.0145471
2015-06-22 22:31:11.756 2420 INFO nova.osapi_compute.wsgi.server [req-69b50c91-0a6a-4ab0-99f6-032489a03988 92b130a947e342adb476431b041ed43c a9c27d47441e432c8529f8f30ea3261e - - -] 192.168.0.10 "GET /v2/a9c27d47441e432c8529f8f30ea3261e/os-simple-tenant-usage/a9c27d47441e432c8529f8f30ea3261e?start=2015-06-01T00:00:00&end=2015-06-22T23:59:59 HTTP/1.1" status: 200 len: 216 time: 0.0328450
2015-06-22 22:31:11.931 2418 INFO nova.osapi_compute.wsgi.server [req-58ea5512-8b1c-4d51-877b-c5eda3268c56 92b130a947e342adb476431b041ed43c a9c27d47441e432c8529f8f30ea3261e - - -] 192.168.0.10 "GET /v2/a9c27d47441e432c8529f8f30ea3261e/limits HTTP/1.1" status: 200 len: 708 time: 0.1684768
2015-06-22 22:31:15.085 2426 INFO nova.osapi_compute.wsgi.server [req-f72023a5-bc21-44a4-a668-c875d687d406 92b130a947e342adb476431b041ed43c a9c27d47441e432c8529f8f30ea3261e - - -] 192.168.0.10 "GET /v2/a9c27d47441e432c8529f8f30ea3261e/servers/detail?limit=21&project_id=a9c27d47441e432c8529f8f30ea3261e HTTP/1.1" status: 200 len: 211 time: 0.0601239
2015-06-22 22:31:15.189 2420 INFO nova.osapi_compute.wsgi.server [req-a82e9743-4a72-4cf3-ba55-4d63b1d1a37f 92b130a947e342adb476431b041ed43c a9c27d47441e432c8529f8f30ea3261e - - -] 192.168.0.10 "GET /v2/a9c27d47441e432c8529f8f30ea3261e/limits?reserved=1 HTTP/1.1" status: 200 len: 708 time: 0.0330241
2015-06-22 22:31:15.226 2420 INFO nova.osapi_compute.wsgi.server [req-2e30bb36-8000-49a5-b064-ea1b0a607adc 92b130a947e342adb476431b041ed43c a9c27d47441e432c8529f8f30ea3261e - - -] 192.168.0.10 "GET /v2/a9c27d47441e432c8529f8f30ea3261e/limits?reserved=1 HTTP/1.1" status: 200 len: 708 time: 0.0266910
2015-06-22 22:31:18.661 2418 INFO nova.osapi_compute.wsgi.server [req-f2db5c05-9d8d-4eb0-8000-f229785aeafd 92b130a947e342adb476431b041ed43c a9c27d47441e432c8529f8f30ea3261e - - -] 192.168.0.10 "GET /v2/a9c27d47441e432c8529f8f30ea3261e/os-availability-zone HTTP/1.1" status: 200 len: 293 time: 0.0318170
2015-06-22 22:31:18.687 2418 INFO nova.osapi_compute.wsgi.server [req-c40ff616-65fb-4e50-8d5c-a9ce3505f610 92b130a947e342adb476431b041ed43c a9c27d47441e432c8529f8f30ea3261e - - -] 192.168.0.10 "GET /v2/a9c27d47441e432c8529f8f30ea3261e/flavors/detail HTTP/1.1" status: 200 len: 2287 time: 0.0203750
2015-06-22 22:31:19.633 2422 INFO nova.osapi_compute.wsgi.server [req-8c31545d-1e3f-45f5-a5bc-28a029a4f669 92b130a947e342adb476431b041ed43c a9c27d47441e432c8529f8f30ea3261e - - -] 192.168.0.10 "GET /v2/a9c27d47441e432c8529f8f30ea3261e/extensions HTTP/1.1" status: 200 len: 22486 time: 0.0177410
2015-06-22 22:31:19.662 2422 INFO nova.osapi_compute.wsgi.server [req-fbd2c8c1-ece6-4c83-9c36-e8512925cdd1 92b130a947e342adb476431b041ed43c a9c27d47441e432c8529f8f30ea3261e - - -] 192.168.0.10 "GET /v2/a9c27d47441e432c8529f8f30ea3261e/os-keypairs HTTP/1.1" status: 200 len: 212 time: 0.0143552
2015-06-22 22:31:19.976 2420 INFO nova.osapi_compute.wsgi.server [req-8cf2969d-9826-470f-8598-4e0bbfcc81c9 92b130a947e342adb476431b041ed43c a9c27d47441e432c8529f8f30ea3261e - - -] 192.168.0.10 "GET /v2/a9c27d47441e432c8529f8f30ea3261e/limits HTTP/1.1" status: 200 len: 708 time: 0.0359759
2015-06-22 22:31:27.509 2418 INFO nova.osapi_compute.wsgi.server [req-4ed568f7-b5a5-4d0d-a0e3-d8b83dcb3742 e9483918caa940a48fe882ba092c7e0b 300b2cc45c3846939e589310ae714e46 - - -] 192.168.0.10 "GET /v2/300b2cc45c3846939e589310ae714e46/servers/detail HTTP/1.1" status: 200 len: 211 time: 0.0917571
2015-06-22 22:31:36.543 2420 INFO nova.osapi_compute.wsgi.server [req-0d2ec2c8-8c80-48bd-9486-824412ea1ecf 92b130a947e342adb476431b041ed43c a9c27d47441e432c8529f8f30ea3261e - - -] 192.168.0.10 "GET /v2/a9c27d47441e432c8529f8f30ea3261e/os-availability-zone HTTP/1.1" status: 200 len: 293 time: 0.0414329
2015-06-22 22:31:36.573 2420 INFO nova.osapi_compute.wsgi.server [req-5bfb407e-d32e-4c83-a2d7-6ad6e7dfb5ae 92b130a947e342adb476431b041ed43c a9c27d47441e432c8529f8f30ea3261e - - -] 192.168.0.10 "GET /v2/a9c27d47441e432c8529f8f30ea3261e/flavors/detail HTTP/1.1" status: 200 len: 2287 time: 0.0242238
2015-06-22 22:31:36.858 2422 INFO nova.osapi_compute.wsgi.server [req-31c3ebd2-8ef8-4b71-a5d5-ab71ee8579f9 92b130a947e342adb476431b041ed43c a9c27d47441e432c8529f8f30ea3261e - - -] 192.168.0.10 "GET /v2/a9c27d47441e432c8529f8f30ea3261e/extensions HTTP/1.1" status: 200 len: 22486 time: 0.0130730
2015-06-22 22:31:36.912 2418 INFO nova.osapi_compute.wsgi.server [req-2273ca59-71cc-4992-afa5-39fd81c3d399 92b130a947e342adb476431b041ed43c a9c27d47441e432c8529f8f30ea3261e - - -] 192.168.0.10 "GET /v2/a9c27d47441e432c8529f8f30ea3261e/os-quota-sets/a9c27d47441e432c8529f8f30ea3261e HTTP/1.1" status: 200 len: 568 time: 0.0237579
2015-06-22 22:31:37.053 2426 INFO nova.osapi_compute.wsgi.server [req-b1846ebf-72c2-4447-be79-7f5d93fd5753 92b130a947e342adb476431b041ed43c a9c27d47441e432c8529f8f30ea3261e - - -] 192.168.0.10 "GET /v2/a9c27d47441e432c8529f8f30ea3261e/servers/detail?all_tenants=True&tenant_id=a9c27d47441e432c8529f8f30ea3261e HTTP/1.1" status: 200 len: 211 time: 0.0576060
2015-06-22 22:31:37.365 2418 INFO nova.osapi_compute.wsgi.server [req-63b70ed6-87bb-4fea-8726-657055714436 92b130a947e342adb476431b041ed43c a9c27d47441e432c8529f8f30ea3261e - - -] 192.168.0.10 "GET /v2/a9c27d47441e432c8529f8f30ea3261e/os-keypairs HTTP/1.1" status: 200 len: 212 time: 0.0089991
2015-06-22 22:31:38.063 2418 WARNING oslo_config.cfg [req-f0977320-5d39-4d09-87cd-e9bcce4ac5b7 92b130a947e342adb476431b041ed43c a9c27d47441e432c8529f8f30ea3261e - - -] Option "rabbit_virtual_host" from group "DEFAULT" is deprecated. Use option "rabbit_virtual_host" from group "oslo_messaging_rabbit".
2015-06-22 22:31:38.063 2418 WARNING oslo_config.cfg [req-f0977320-5d39-4d09-87cd-e9bcce4ac5b7 92b130a947e342adb476431b041ed43c a9c27d47441e432c8529f8f30ea3261e - - -] Option "rabbit_hosts" from group "DEFAULT" is deprecated. Use option "rabbit_hosts" from group "oslo_messaging_rabbit".
2015-06-22 22:31:38.064 2418 WARNING oslo_config.cfg [req-f0977320-5d39-4d09-87cd-e9bcce4ac5b7 92b130a947e342adb476431b041ed43c a9c27d47441e432c8529f8f30ea3261e - - -] Option "rabbit_port" from group "DEFAULT" is deprecated. Use option "rabbit_port" from group "oslo_messaging_rabbit".
2015-06-22 22:31:38.064 2418 WARNING oslo_config.cfg [req-f0977320-5d39-4d09-87cd-e9bcce4ac5b7 92b130a947e342adb476431b041ed43c a9c27d47441e432c8529f8f30ea3261e - - -] Option "rabbit_userid" from group "DEFAULT" is deprecated. Use option "rabbit_userid" from group "oslo_messaging_rabbit".
2015-06-22 22:31:38.065 2418 WARNING oslo_config.cfg [req-f0977320-5d39-4d09-87cd-e9bcce4ac5b7 92b130a947e342adb476431b041ed43c a9c27d47441e432c8529f8f30ea3261e - - -] Option "rabbit_password" from group "DEFAULT" is deprecated. Use option "rabbit_password" from group "oslo_messaging_rabbit".
2015-06-22 22:31:38.065 2418 WARNING oslo_config.cfg [req-f0977320-5d39-4d09-87cd-e9bcce4ac5b7 92b130a947e342adb476431b041ed43c a9c27d47441e432c8529f8f30ea3261e - - -] Option "rabbit_use_ssl" from group "DEFAULT" is deprecated. Use option "rabbit_use_ssl" from group "oslo_messaging_rabbit".
2015-06-22 22:31:38.082 2418 INFO oslo_messaging._drivers.impl_rabbit [req-f0977320-5d39-4d09-87cd-e9bcce4ac5b7 92b130a947e342adb476431b041ed43c a9c27d47441e432c8529f8f30ea3261e - - -] Connecting to AMQP server on 192.168.0.10:5672
2015-06-22 22:31:38.102 2418 INFO oslo_messaging._drivers.impl_rabbit [req-f0977320-5d39-4d09-87cd-e9bcce4ac5b7 92b130a947e342adb476431b041ed43c a9c27d47441e432c8529f8f30ea3261e - - -] Connected to AMQP server on 192.168.0.10:5672
2015-06-22 22:31:38.109 2418 INFO nova.osapi_compute.wsgi.server [req-f0977320-5d39-4d09-87cd-e9bcce4ac5b7 92b130a947e342adb476431b041ed43c a9c27d47441e432c8529f8f30ea3261e - - -] 192.168.0.10 "POST /v2/a9c27d47441e432c8529f8f30ea3261e/servers HTTP/1.1" status: 202 len: 758 time: 0.6181080
2015-06-22 22:31:38.753 2418 INFO nova.osapi_compute.wsgi.server [req-ee26d5f7-d254-4fc0-ba9c-16092d2f4b47 92b130a947e342adb476431b041ed43c a9c27d47441e432c8529f8f30ea3261e - - -] 192.168.0.10 "GET /v2/a9c27d47441e432c8529f8f30ea3261e/servers/detail?limit=21&project_id=a9c27d47441e432c8529f8f30ea3261e HTTP/1.1" status: 200 len: 1541 time: 0.0962110
2015-06-22 22:31:38.940 2422 INFO nova.osapi_compute.wsgi.server [req-ce213d9c-fe55-4cc8-973b-b65c1473c26d 92b130a947e342adb476431b041ed43c a9c27d47441e432c8529f8f30ea3261e - - -] 192.168.0.10 "GET /v2/a9c27d47441e432c8529f8f30ea3261e/flavors/detail HTTP/1.1" status: 200 len: 2287 time: 0.0388429
2015-06-22 22:31:39.422 2422 INFO nova.osapi_compute.wsgi.server [req-e068e7e2-0a96-4006-9847-956d0d546390 92b130a947e342adb476431b041ed43c a9c27d47441e432c8529f8f30ea3261e - - -] 192.168.0.10 "GET /v2/a9c27d47441e432c8529f8f30ea3261e/limits?reserved=1 HTTP/1.1" status: 200 len: 710 time: 0.0446560
2015-06-22 22:31:39.463 2418 INFO nova.osapi_compute.wsgi.server [req-7bb0a9c0-5b79-4f30-bf2b-b609ac4faa15 92b130a947e342adb476431b041ed43c a9c27d47441e432c8529f8f30ea3261e - - -] 192.168.0.10 "GET /v2/a9c27d47441e432c8529f8f30ea3261e/extensions HTTP/1.1" status: 200 len: 22486 time: 0.0056710
2015-06-22 22:31:39.567 2422 INFO nova.osapi_compute.wsgi.server [req-52754053-d078-464b-870e-353a1fa4ad78 92b130a947e342adb476431b041ed43c a9c27d47441e432c8529f8f30ea3261e - - -] 192.168.0.10 "GET /v2/a9c27d47441e432c8529f8f30ea3261e/limits?reserved=1 HTTP/1.1" status: 200 len: 710 time: 0.0517120
2015-06-22 22:31:40.841 2418 INFO nova.osapi_compute.wsgi.server [req-4a00bc0a-6bc4-4887-820f-9e1f6c5b93a9 92b130a947e342adb476431b041ed43c a9c27d47441e432c8529f8f30ea3261e - - -] 192.168.0.10 "GET /v2/a9c27d47441e432c8529f8f30ea3261e/servers/949bf081-5f77-435d-92c8-08b630a82b6f HTTP/1.1" status: 200 len: 1586 time: 0.1675029
