2016-02-22 19:24:29.243 1866 INFO eventlet.wsgi.server [-] (1866) wsgi starting up on http://0.0.0.0:9292/
2016-02-22 19:24:29.330 1873 INFO eventlet.wsgi.server [-] (1873) wsgi starting up on http://0.0.0.0:9292/
2016-02-22 19:24:29.417 931 INFO glance.common.wsgi [-] Started child 1873
2016-02-22 19:24:29.533 931 INFO glance.common.wsgi [-] Started child 1882
2016-02-22 19:24:29.587 1882 INFO eventlet.wsgi.server [-] (1882) wsgi starting up on http://0.0.0.0:9292/
2016-02-22 19:24:29.683 1885 INFO eventlet.wsgi.server [-] (1885) wsgi starting up on http://0.0.0.0:9292/
2016-02-22 19:24:29.656 931 INFO glance.common.wsgi [-] Started child 1885
2016-02-22 19:26:01.690 931 INFO glance.common.wsgi [-] Removed dead child 1866
2016-02-22 19:26:01.858 931 INFO glance.common.wsgi [-] Started child 2836
2016-02-22 19:26:02.036 2836 INFO eventlet.wsgi.server [-] (2836) wsgi starting up on http://0.0.0.0:9292/
2016-02-22 19:26:02.120 2836 INFO eventlet.wsgi.server [-] (2836) wsgi exited, is_accepting=True
2016-02-22 19:26:02.188 2836 INFO glance.common.wsgi [-] Child 2836 exiting normally
2016-02-22 19:39:53.350 1015 WARNING oslo_config.cfg [-] Option "filesystem_store_datadir" from group "DEFAULT" is deprecated. Use option "filesystem_store_datadir" from group "glance_store".
2016-02-22 19:39:53.368 1015 INFO glance.common.wsgi [-] Starting 4 workers
2016-02-22 19:39:53.489 2006 INFO eventlet.wsgi.server [-] (2006) wsgi starting up on http://0.0.0.0:9292/
2016-02-22 19:39:53.466 1015 INFO glance.common.wsgi [-] Started child 2006
2016-02-22 19:39:53.544 1015 INFO glance.common.wsgi [-] Started child 2012
2016-02-22 19:39:53.544 2012 INFO eventlet.wsgi.server [-] (2012) wsgi starting up on http://0.0.0.0:9292/
2016-02-22 19:39:53.610 2015 INFO eventlet.wsgi.server [-] (2015) wsgi starting up on http://0.0.0.0:9292/
2016-02-22 19:39:53.615 1015 INFO glance.common.wsgi [-] Started child 2015
2016-02-22 19:39:53.720 1015 INFO glance.common.wsgi [-] Started child 2019
2016-02-22 19:39:53.710 2019 INFO eventlet.wsgi.server [-] (2019) wsgi starting up on http://0.0.0.0:9292/
2016-02-22 19:49:51.702 2019 INFO eventlet.wsgi.server [req-b4a1b06c-8d92-4edb-a36a-a3e724d111e2 9b1f9b36d7354b1ea121ccfbae339d8b 85a11a1515f94848be7aa5b56adec8bf - - -] 192.168.0.10 - - [22/Feb/2016 19:49:51] "GET /v1/images/detail?is_public=None&limit=20 HTTP/1.1" 200 713 0.983523
2016-02-22 19:59:49.167 2012 INFO eventlet.wsgi.server [req-a6d0512a-4f18-4354-ac0c-584eab92c67c 9b1f9b36d7354b1ea121ccfbae339d8b 85a11a1515f94848be7aa5b56adec8bf - - -] 192.168.0.10 - - [22/Feb/2016 19:59:49] "GET /v1/images/detail?is_public=None&limit=20 HTTP/1.1" 200 713 0.846895
2016-02-22 20:09:48.872 2006 INFO eventlet.wsgi.server [req-f8dbca17-0f5b-4400-bcf7-5291b323058b 9b1f9b36d7354b1ea121ccfbae339d8b 85a11a1515f94848be7aa5b56adec8bf - - -] 192.168.0.10 - - [22/Feb/2016 20:09:48] "GET /v1/images/detail?is_public=None&limit=20 HTTP/1.1" 200 713 0.851788
2016-02-22 20:19:48.646 2015 INFO eventlet.wsgi.server [req-b408b4bd-b876-47c2-99b0-66eb49c5e13e 9b1f9b36d7354b1ea121ccfbae339d8b 85a11a1515f94848be7aa5b56adec8bf - - -] 192.168.0.10 - - [22/Feb/2016 20:19:48] "GET /v1/images/detail?is_public=None&limit=20 HTTP/1.1" 200 713 0.517504
2016-02-22 20:29:48.247 2012 INFO eventlet.wsgi.server [req-f05eccbe-1e83-433b-82db-979653f056b3 9b1f9b36d7354b1ea121ccfbae339d8b 85a11a1515f94848be7aa5b56adec8bf - - -] 192.168.0.10 - - [22/Feb/2016 20:29:48] "GET /v1/images/detail?is_public=None&limit=20 HTTP/1.1" 200 713 0.253157
2016-02-22 20:39:48.302 2012 INFO eventlet.wsgi.server [req-54c45ec0-bfc1-4f81-8c7c-aa395e7a1c64 9b1f9b36d7354b1ea121ccfbae339d8b 85a11a1515f94848be7aa5b56adec8bf - - -] 192.168.0.10 - - [22/Feb/2016 20:39:48] "GET /v1/images/detail?is_public=None&limit=20 HTTP/1.1" 200 713 0.279138
2016-02-22 20:49:48.492 2012 INFO eventlet.wsgi.server [req-7cdd0431-f400-47b4-b9d0-7f739586f1ac 9b1f9b36d7354b1ea121ccfbae339d8b 85a11a1515f94848be7aa5b56adec8bf - - -] 192.168.0.10 - - [22/Feb/2016 20:49:48] "GET /v1/images/detail?is_public=None&limit=20 HTTP/1.1" 200 713 0.258966
2016-02-22 20:59:49.235 2012 INFO eventlet.wsgi.server [req-bc62a741-cf68-490e-abd5-c0cde1484eba 9b1f9b36d7354b1ea121ccfbae339d8b 85a11a1515f94848be7aa5b56adec8bf - - -] 192.168.0.10 - - [22/Feb/2016 20:59:49] "GET /v1/images/detail?is_public=None&limit=20 HTTP/1.1" 200 713 0.492486
2016-02-22 21:09:48.792 2019 INFO eventlet.wsgi.server [req-2073e41a-2647-40e7-8801-00ef784289b6 9b1f9b36d7354b1ea121ccfbae339d8b 85a11a1515f94848be7aa5b56adec8bf - - -] 192.168.0.10 - - [22/Feb/2016 21:09:48] "GET /v1/images/detail?is_public=None&limit=20 HTTP/1.1" 200 713 0.763441
2016-02-22 21:15:10.352 2012 INFO eventlet.wsgi.server [req-7c794be4-21b6-440f-ac23-5595402d7a57 b09f9177aaef40e6b4b83f5c04b475ce c39c2957a82d4c4c967aff3a4e989171 - - -] 192.168.0.10 - - [22/Feb/2016 21:15:10] "GET /v1/images/detail?sort_key=created_at&sort_dir=desc&status=active&limit=1000&is_public=True HTTP/1.1" 200 713 0.478031
2016-02-22 21:15:10.642 2012 INFO eventlet.wsgi.server [req-da738a17-0488-4b57-803a-77dacce41f8a b09f9177aaef40e6b4b83f5c04b475ce c39c2957a82d4c4c967aff3a4e989171 - - -] 192.168.0.10 - - [22/Feb/2016 21:15:10] "GET /v1/images/detail?sort_key=created_at&sort_dir=desc&property-owner_id=c39c2957a82d4c4c967aff3a4e989171&status=active&limit=1000 HTTP/1.1" 200 231 0.285118
2016-02-22 21:15:50.659 2006 INFO eventlet.wsgi.server [req-0575a544-f3a5-4abd-8883-636ca363237d b09f9177aaef40e6b4b83f5c04b475ce c39c2957a82d4c4c967aff3a4e989171 - - -] 192.168.0.10 - - [22/Feb/2016 21:15:50] "GET /v1/images/detail?sort_key=created_at&sort_dir=desc&status=active&limit=1000&is_public=True HTTP/1.1" 200 713 0.444141
2016-02-22 21:15:50.740 2006 INFO eventlet.wsgi.server [req-d843557d-334b-457a-a863-c725d3fec7dc b09f9177aaef40e6b4b83f5c04b475ce c39c2957a82d4c4c967aff3a4e989171 - - -] 192.168.0.10 - - [22/Feb/2016 21:15:50] "GET /v1/images/detail?sort_key=created_at&sort_dir=desc&property-owner_id=c39c2957a82d4c4c967aff3a4e989171&status=active&limit=1000 HTTP/1.1" 200 231 0.072529
2016-02-22 21:18:02.615 2015 INFO eventlet.wsgi.server [req-88b6599c-644a-48c8-ac93-788606de6281 b09f9177aaef40e6b4b83f5c04b475ce c39c2957a82d4c4c967aff3a4e989171 - - -] 192.168.0.10 - - [22/Feb/2016 21:18:02] "GET /v1/images/detail?sort_key=created_at&sort_dir=desc&status=active&limit=1000&is_public=True HTTP/1.1" 200 713 0.239900
2016-02-22 21:18:02.717 2015 INFO eventlet.wsgi.server [req-3e56dd6b-f165-4f68-a59a-edb9bc86c255 b09f9177aaef40e6b4b83f5c04b475ce c39c2957a82d4c4c967aff3a4e989171 - - -] 192.168.0.10 - - [22/Feb/2016 21:18:02] "GET /v1/images/detail?sort_key=created_at&sort_dir=desc&property-owner_id=c39c2957a82d4c4c967aff3a4e989171&status=active&limit=1000 HTTP/1.1" 200 231 0.091594
2016-02-22 21:18:03.879 2019 INFO eventlet.wsgi.server [req-a66c262b-d690-4903-92f6-9c2b1d9c8835 b09f9177aaef40e6b4b83f5c04b475ce c39c2957a82d4c4c967aff3a4e989171 - - -] 192.168.0.10 - - [22/Feb/2016 21:18:03] "HEAD /v1/images/8a724f78-2673-4ea1-b607-373626a15afb HTTP/1.1" 200 817 0.157888
2016-02-22 21:18:05.303 2006 INFO eventlet.wsgi.server [req-92c38968-e2ad-44e7-9366-e59d25fb2bd2 b09f9177aaef40e6b4b83f5c04b475ce c39c2957a82d4c4c967aff3a4e989171 - - -] 192.168.0.10 - - [22/Feb/2016 21:18:05] "GET /v1/images/detail?sort_key=created_at&sort_dir=desc&limit=1000 HTTP/1.1" 200 713 0.251410
2016-02-22 21:18:06.396 2012 WARNING oslo_config.cfg [req-da2f39d7-5039-47c4-a1b5-5c04a8c0e8c7 b09f9177aaef40e6b4b83f5c04b475ce c39c2957a82d4c4c967aff3a4e989171 - - -] Option "rabbit_virtual_host" from group "DEFAULT" is deprecated. Use option "rabbit_virtual_host" from group "oslo_messaging_rabbit".
2016-02-22 21:18:06.398 2012 WARNING oslo_config.cfg [req-da2f39d7-5039-47c4-a1b5-5c04a8c0e8c7 b09f9177aaef40e6b4b83f5c04b475ce c39c2957a82d4c4c967aff3a4e989171 - - -] Option "rabbit_hosts" from group "DEFAULT" is deprecated. Use option "rabbit_hosts" from group "oslo_messaging_rabbit".
2016-02-22 21:18:06.399 2012 WARNING oslo_config.cfg [req-da2f39d7-5039-47c4-a1b5-5c04a8c0e8c7 b09f9177aaef40e6b4b83f5c04b475ce c39c2957a82d4c4c967aff3a4e989171 - - -] Option "rabbit_port" from group "DEFAULT" is deprecated. Use option "rabbit_port" from group "oslo_messaging_rabbit".
2016-02-22 21:18:06.400 2012 WARNING oslo_config.cfg [req-da2f39d7-5039-47c4-a1b5-5c04a8c0e8c7 b09f9177aaef40e6b4b83f5c04b475ce c39c2957a82d4c4c967aff3a4e989171 - - -] Option "rabbit_userid" from group "DEFAULT" is deprecated. Use option "rabbit_userid" from group "oslo_messaging_rabbit".
2016-02-22 21:18:06.400 2012 WARNING oslo_config.cfg [req-da2f39d7-5039-47c4-a1b5-5c04a8c0e8c7 b09f9177aaef40e6b4b83f5c04b475ce c39c2957a82d4c4c967aff3a4e989171 - - -] Option "rabbit_password" from group "DEFAULT" is deprecated. Use option "rabbit_password" from group "oslo_messaging_rabbit".
2016-02-22 21:18:06.403 2012 WARNING oslo_config.cfg [req-da2f39d7-5039-47c4-a1b5-5c04a8c0e8c7 b09f9177aaef40e6b4b83f5c04b475ce c39c2957a82d4c4c967aff3a4e989171 - - -] Option "rabbit_use_ssl" from group "DEFAULT" is deprecated. Use option "rabbit_use_ssl" from group "oslo_messaging_rabbit".
2016-02-22 21:18:06.458 2012 INFO oslo_messaging._drivers.impl_rabbit [req-da2f39d7-5039-47c4-a1b5-5c04a8c0e8c7 b09f9177aaef40e6b4b83f5c04b475ce c39c2957a82d4c4c967aff3a4e989171 - - -] Connecting to AMQP server on 192.168.0.10:5672
2016-02-22 21:18:06.480 2012 INFO oslo_messaging._drivers.impl_rabbit [req-da2f39d7-5039-47c4-a1b5-5c04a8c0e8c7 b09f9177aaef40e6b4b83f5c04b475ce c39c2957a82d4c4c967aff3a4e989171 - - -] Connected to AMQP server on 192.168.0.10:5672
2016-02-22 21:18:06.482 2012 WARNING oslo_config.cfg [req-da2f39d7-5039-47c4-a1b5-5c04a8c0e8c7 b09f9177aaef40e6b4b83f5c04b475ce c39c2957a82d4c4c967aff3a4e989171 - - -] Option "rabbit_ha_queues" from group "DEFAULT" is deprecated. Use option "rabbit_ha_queues" from group "oslo_messaging_rabbit".
2016-02-22 21:18:06.492 2012 INFO eventlet.wsgi.server [req-da2f39d7-5039-47c4-a1b5-5c04a8c0e8c7 b09f9177aaef40e6b4b83f5c04b475ce c39c2957a82d4c4c967aff3a4e989171 - - -] 192.168.0.13 - - [22/Feb/2016 21:18:06] "GET /v1/images/8a724f78-2673-4ea1-b607-373626a15afb HTTP/1.1" 200 13201720 0.419122
2016-02-22 21:18:07.128 2012 INFO eventlet.wsgi.server [req-88752c96-f539-4ae7-a3bf-68aa1c9273bb b09f9177aaef40e6b4b83f5c04b475ce c39c2957a82d4c4c967aff3a4e989171 - - -] 192.168.0.10 - - [22/Feb/2016 21:18:07] "HEAD /v1/images/8a724f78-2673-4ea1-b607-373626a15afb HTTP/1.1" 200 817 0.044944
2016-02-22 21:18:10.438 2019 INFO eventlet.wsgi.server [req-7a993837-71a5-440e-9eaa-0234d07c9f14 b09f9177aaef40e6b4b83f5c04b475ce c39c2957a82d4c4c967aff3a4e989171 - - -] 192.168.0.10 - - [22/Feb/2016 21:18:10] "HEAD /v1/images/8a724f78-2673-4ea1-b607-373626a15afb HTTP/1.1" 200 817 0.059688
2016-02-22 21:18:16.244 2012 INFO eventlet.wsgi.server [req-d16f3092-4de1-4bd1-b6b1-209d0c4a6b83 b09f9177aaef40e6b4b83f5c04b475ce c39c2957a82d4c4c967aff3a4e989171 - - -] 192.168.0.10 - - [22/Feb/2016 21:18:16] "HEAD /v1/images/8a724f78-2673-4ea1-b607-373626a15afb HTTP/1.1" 200 817 0.070858
2016-02-22 21:18:24.768 2006 INFO eventlet.wsgi.server [req-1f78d486-da28-442f-a613-47ee562ff1be b09f9177aaef40e6b4b83f5c04b475ce c39c2957a82d4c4c967aff3a4e989171 - - -] 192.168.0.10 - - [22/Feb/2016 21:18:24] "HEAD /v1/images/8a724f78-2673-4ea1-b607-373626a15afb HTTP/1.1" 200 817 0.057545
2016-02-22 21:18:35.549 2006 INFO eventlet.wsgi.server [req-7cae6fcf-fe9f-432b-b64c-57ae6de3b90a b09f9177aaef40e6b4b83f5c04b475ce c39c2957a82d4c4c967aff3a4e989171 - - -] 192.168.0.10 - - [22/Feb/2016 21:18:35] "HEAD /v1/images/8a724f78-2673-4ea1-b607-373626a15afb HTTP/1.1" 200 817 0.064534
2016-02-22 21:18:49.145 2012 INFO eventlet.wsgi.server [req-f4310501-fbe4-4aa0-bc5d-b12ac035831c b09f9177aaef40e6b4b83f5c04b475ce c39c2957a82d4c4c967aff3a4e989171 - - -] 192.168.0.10 - - [22/Feb/2016 21:18:49] "HEAD /v1/images/8a724f78-2673-4ea1-b607-373626a15afb HTTP/1.1" 200 817 0.104023
2016-02-22 21:19:05.227 2019 INFO eventlet.wsgi.server [req-e253001d-d6c7-4ccf-8e43-c39b926bd012 b09f9177aaef40e6b4b83f5c04b475ce c39c2957a82d4c4c967aff3a4e989171 - - -] 192.168.0.10 - - [22/Feb/2016 21:19:05] "HEAD /v1/images/8a724f78-2673-4ea1-b607-373626a15afb HTTP/1.1" 200 817 0.066546
2016-02-22 21:19:19.846 2012 INFO eventlet.wsgi.server [req-58af11aa-2eb4-4dcf-b7fb-6095d72da9b9 9b1f9b36d7354b1ea121ccfbae339d8b 85a11a1515f94848be7aa5b56adec8bf - - -] 192.168.0.10 - - [22/Feb/2016 21:19:19] "HEAD /v1/images/8a724f78-2673-4ea1-b607-373626a15afb HTTP/1.1" 200 817 0.223041
2016-02-22 21:19:23.416 2006 INFO eventlet.wsgi.server [req-c4fd49a6-dc89-43eb-ae54-8863aba1a21e b09f9177aaef40e6b4b83f5c04b475ce c39c2957a82d4c4c967aff3a4e989171 - - -] 192.168.0.10 - - [22/Feb/2016 21:19:23] "HEAD /v1/images/8a724f78-2673-4ea1-b607-373626a15afb HTTP/1.1" 200 817 0.052942
2016-02-22 21:19:44.259 2006 INFO eventlet.wsgi.server [req-feab4b95-4759-4250-9ce8-84ffe0d95892 b09f9177aaef40e6b4b83f5c04b475ce c39c2957a82d4c4c967aff3a4e989171 - - -] 192.168.0.10 - - [22/Feb/2016 21:19:44] "HEAD /v1/images/8a724f78-2673-4ea1-b607-373626a15afb HTTP/1.1" 200 817 0.043569
2016-02-22 21:19:48.733 2012 INFO eventlet.wsgi.server [req-e5a7b423-e984-49e7-b244-c16b65a8e2f4 9b1f9b36d7354b1ea121ccfbae339d8b 85a11a1515f94848be7aa5b56adec8bf - - -] 192.168.0.10 - - [22/Feb/2016 21:19:48] "GET /v1/images/detail?is_public=None&limit=20 HTTP/1.1" 200 713 0.316618
2016-02-22 21:20:07.856 2006 INFO eventlet.wsgi.server [req-9eb62214-fe9a-43c1-93aa-e9efa139081c b09f9177aaef40e6b4b83f5c04b475ce c39c2957a82d4c4c967aff3a4e989171 - - -] 192.168.0.10 - - [22/Feb/2016 21:20:07] "HEAD /v1/images/8a724f78-2673-4ea1-b607-373626a15afb HTTP/1.1" 200 817 0.086815
2016-02-22 21:20:34.061 2015 INFO eventlet.wsgi.server [req-099d916e-6482-4782-8661-63a1fcc96ee2 b09f9177aaef40e6b4b83f5c04b475ce c39c2957a82d4c4c967aff3a4e989171 - - -] 192.168.0.10 - - [22/Feb/2016 21:20:34] "HEAD /v1/images/8a724f78-2673-4ea1-b607-373626a15afb HTTP/1.1" 200 817 0.182412
2016-02-22 21:21:02.716 2019 INFO eventlet.wsgi.server [req-e8e1dac9-2d05-41ae-a576-1f6cf3d140ac b09f9177aaef40e6b4b83f5c04b475ce c39c2957a82d4c4c967aff3a4e989171 - - -] 192.168.0.10 - - [22/Feb/2016 21:21:02] "HEAD /v1/images/8a724f78-2673-4ea1-b607-373626a15afb HTTP/1.1" 200 817 0.262777
2016-02-22 21:21:33.679 2012 INFO eventlet.wsgi.server [req-b11c324f-b39c-44a7-802b-9599baf210e8 b09f9177aaef40e6b4b83f5c04b475ce c39c2957a82d4c4c967aff3a4e989171 - - -] 192.168.0.10 - - [22/Feb/2016 21:21:33] "HEAD /v1/images/8a724f78-2673-4ea1-b607-373626a15afb HTTP/1.1" 200 817 0.230040
2016-02-22 21:23:00.562 2012 INFO eventlet.wsgi.server [req-b7a172a7-5151-4b19-94a6-2bd02f0e2e79 abb85e595adb430bbb80babcaa4579f0 c39c2957a82d4c4c967aff3a4e989171 - - -] 192.168.0.10 - - [22/Feb/2016 21:23:00] "GET /v1/images/detail?sort_key=created_at&sort_dir=desc&limit=1000 HTTP/1.1" 200 713 0.263175
2016-02-22 21:23:21.612 2015 INFO eventlet.wsgi.server [req-005e036a-f16d-4e2f-ba8d-be1da6f52803 abb85e595adb430bbb80babcaa4579f0 c39c2957a82d4c4c967aff3a4e989171 - - -] 192.168.0.10 - - [22/Feb/2016 21:23:21] "GET /v1/images/detail?sort_key=created_at&sort_dir=desc&status=active&limit=1000&is_public=True HTTP/1.1" 200 713 0.391633
2016-02-22 21:23:21.787 2015 INFO eventlet.wsgi.server [req-41c6088b-c7da-40d0-887c-087112cef0f3 abb85e595adb430bbb80babcaa4579f0 c39c2957a82d4c4c967aff3a4e989171 - - -] 192.168.0.10 - - [22/Feb/2016 21:23:21] "GET /v1/images/detail?sort_key=created_at&sort_dir=desc&property-owner_id=c39c2957a82d4c4c967aff3a4e989171&status=active&limit=1000 HTTP/1.1" 200 231 0.169606
2016-02-22 21:23:55.049 2015 INFO eventlet.wsgi.server [req-ee69a27a-6148-4d58-9e28-4df2a838fde6 abb85e595adb430bbb80babcaa4579f0 c39c2957a82d4c4c967aff3a4e989171 - - -] 192.168.0.10 - - [22/Feb/2016 21:23:55] "GET /v1/images/detail?sort_key=created_at&sort_dir=desc&status=active&limit=1000&is_public=True HTTP/1.1" 200 713 0.110337
2016-02-22 21:23:55.268 2015 INFO eventlet.wsgi.server [req-e531f4e1-0c40-4d28-91bb-a6f26bbd2bee abb85e595adb430bbb80babcaa4579f0 c39c2957a82d4c4c967aff3a4e989171 - - -] 192.168.0.10 - - [22/Feb/2016 21:23:55] "GET /v1/images/detail?sort_key=created_at&sort_dir=desc&property-owner_id=c39c2957a82d4c4c967aff3a4e989171&status=active&limit=1000 HTTP/1.1" 200 231 0.213951
2016-02-22 21:23:56.464 2015 INFO eventlet.wsgi.server [req-5dc84627-0792-496b-bf05-425b58c60ccf abb85e595adb430bbb80babcaa4579f0 c39c2957a82d4c4c967aff3a4e989171 - - -] 192.168.0.10 - - [22/Feb/2016 21:23:56] "HEAD /v1/images/8a724f78-2673-4ea1-b607-373626a15afb HTTP/1.1" 200 817 0.027628
2016-02-22 21:23:57.987 2019 INFO eventlet.wsgi.server [req-2b05a4c5-42f6-472a-a75d-6783401ba9fe abb85e595adb430bbb80babcaa4579f0 c39c2957a82d4c4c967aff3a4e989171 - - -] 192.168.0.10 - - [22/Feb/2016 21:23:57] "GET /v1/images/detail?sort_key=created_at&sort_dir=desc&limit=1000 HTTP/1.1" 200 713 0.334032
2016-02-22 21:23:58.489 2015 WARNING oslo_config.cfg [req-cdca772c-c3f8-4fce-b32c-8784044d3409 abb85e595adb430bbb80babcaa4579f0 c39c2957a82d4c4c967aff3a4e989171 - - -] Option "rabbit_virtual_host" from group "DEFAULT" is deprecated. Use option "rabbit_virtual_host" from group "oslo_messaging_rabbit".
2016-02-22 21:23:58.491 2015 WARNING oslo_config.cfg [req-cdca772c-c3f8-4fce-b32c-8784044d3409 abb85e595adb430bbb80babcaa4579f0 c39c2957a82d4c4c967aff3a4e989171 - - -] Option "rabbit_hosts" from group "DEFAULT" is deprecated. Use option "rabbit_hosts" from group "oslo_messaging_rabbit".
2016-02-22 21:23:58.492 2015 WARNING oslo_config.cfg [req-cdca772c-c3f8-4fce-b32c-8784044d3409 abb85e595adb430bbb80babcaa4579f0 c39c2957a82d4c4c967aff3a4e989171 - - -] Option "rabbit_port" from group "DEFAULT" is deprecated. Use option "rabbit_port" from group "oslo_messaging_rabbit".
2016-02-22 21:23:58.492 2015 WARNING oslo_config.cfg [req-cdca772c-c3f8-4fce-b32c-8784044d3409 abb85e595adb430bbb80babcaa4579f0 c39c2957a82d4c4c967aff3a4e989171 - - -] Option "rabbit_userid" from group "DEFAULT" is deprecated. Use option "rabbit_userid" from group "oslo_messaging_rabbit".
2016-02-22 21:23:58.493 2015 WARNING oslo_config.cfg [req-cdca772c-c3f8-4fce-b32c-8784044d3409 abb85e595adb430bbb80babcaa4579f0 c39c2957a82d4c4c967aff3a4e989171 - - -] Option "rabbit_password" from group "DEFAULT" is deprecated. Use option "rabbit_password" from group "oslo_messaging_rabbit".
2016-02-22 21:23:58.495 2015 WARNING oslo_config.cfg [req-cdca772c-c3f8-4fce-b32c-8784044d3409 abb85e595adb430bbb80babcaa4579f0 c39c2957a82d4c4c967aff3a4e989171 - - -] Option "rabbit_use_ssl" from group "DEFAULT" is deprecated. Use option "rabbit_use_ssl" from group "oslo_messaging_rabbit".
2016-02-22 21:23:58.561 2015 INFO oslo_messaging._drivers.impl_rabbit [req-cdca772c-c3f8-4fce-b32c-8784044d3409 abb85e595adb430bbb80babcaa4579f0 c39c2957a82d4c4c967aff3a4e989171 - - -] Connecting to AMQP server on 192.168.0.10:5672
2016-02-22 21:23:58.585 2015 INFO oslo_messaging._drivers.impl_rabbit [req-cdca772c-c3f8-4fce-b32c-8784044d3409 abb85e595adb430bbb80babcaa4579f0 c39c2957a82d4c4c967aff3a4e989171 - - -] Connected to AMQP server on 192.168.0.10:5672
2016-02-22 21:23:58.587 2015 WARNING oslo_config.cfg [req-cdca772c-c3f8-4fce-b32c-8784044d3409 abb85e595adb430bbb80babcaa4579f0 c39c2957a82d4c4c967aff3a4e989171 - - -] Option "rabbit_ha_queues" from group "DEFAULT" is deprecated. Use option "rabbit_ha_queues" from group "oslo_messaging_rabbit".
2016-02-22 21:23:58.600 2015 INFO eventlet.wsgi.server [req-cdca772c-c3f8-4fce-b32c-8784044d3409 abb85e595adb430bbb80babcaa4579f0 c39c2957a82d4c4c967aff3a4e989171 - - -] 192.168.0.12 - - [22/Feb/2016 21:23:58] "GET /v1/images/8a724f78-2673-4ea1-b607-373626a15afb HTTP/1.1" 200 13201720 0.299204
2016-02-22 21:24:00.071 2015 INFO eventlet.wsgi.server [req-309e60d6-bb02-43ca-9ae0-04f33c049447 abb85e595adb430bbb80babcaa4579f0 c39c2957a82d4c4c967aff3a4e989171 - - -] 192.168.0.10 - - [22/Feb/2016 21:24:00] "HEAD /v1/images/8a724f78-2673-4ea1-b607-373626a15afb HTTP/1.1" 200 817 0.054552
2016-02-22 21:24:03.695 2015 INFO eventlet.wsgi.server [req-b60a0d24-d225-4072-82e5-fa4e6f800987 abb85e595adb430bbb80babcaa4579f0 c39c2957a82d4c4c967aff3a4e989171 - - -] 192.168.0.10 - - [22/Feb/2016 21:24:03] "HEAD /v1/images/8a724f78-2673-4ea1-b607-373626a15afb HTTP/1.1" 200 817 0.070414
2016-02-22 21:24:12.258 2006 INFO eventlet.wsgi.server [req-dcb8dedc-1269-4d09-8bf5-628b21e85c9d abb85e595adb430bbb80babcaa4579f0 c39c2957a82d4c4c967aff3a4e989171 - - -] 192.168.0.10 - - [22/Feb/2016 21:24:12] "HEAD /v1/images/8a724f78-2673-4ea1-b607-373626a15afb HTTP/1.1" 200 817 0.242472
2016-02-22 21:24:20.743 2006 INFO eventlet.wsgi.server [req-07c77d1a-b0ce-4c65-9b2f-4f91596c83d6 abb85e595adb430bbb80babcaa4579f0 c39c2957a82d4c4c967aff3a4e989171 - - -] 192.168.0.10 - - [22/Feb/2016 21:24:20] "HEAD /v1/images/8a724f78-2673-4ea1-b607-373626a15afb HTTP/1.1" 200 817 0.055755
2016-02-22 21:24:31.646 2012 INFO eventlet.wsgi.server [req-90efab1e-16b6-4d44-9efe-2efe339ba2f9 abb85e595adb430bbb80babcaa4579f0 c39c2957a82d4c4c967aff3a4e989171 - - -] 192.168.0.10 - - [22/Feb/2016 21:24:31] "HEAD /v1/images/8a724f78-2673-4ea1-b607-373626a15afb HTTP/1.1" 200 817 0.066714
2016-02-22 21:24:44.919 2019 INFO eventlet.wsgi.server [req-36e0f438-f21b-41b6-94fc-33f757aca207 abb85e595adb430bbb80babcaa4579f0 c39c2957a82d4c4c967aff3a4e989171 - - -] 192.168.0.10 - - [22/Feb/2016 21:24:44] "HEAD /v1/images/8a724f78-2673-4ea1-b607-373626a15afb HTTP/1.1" 200 817 0.063635
2016-02-22 21:25:00.719 2006 INFO eventlet.wsgi.server [req-a47d31cc-209a-4204-8f12-a8dc892215bb abb85e595adb430bbb80babcaa4579f0 c39c2957a82d4c4c967aff3a4e989171 - - -] 192.168.0.10 - - [22/Feb/2016 21:25:00] "HEAD /v1/images/8a724f78-2673-4ea1-b607-373626a15afb HTTP/1.1" 200 817 0.066987
2016-02-22 21:25:19.128 2012 INFO eventlet.wsgi.server [req-4f0a716c-05d8-449e-9d78-4a3d29c22fb1 abb85e595adb430bbb80babcaa4579f0 c39c2957a82d4c4c967aff3a4e989171 - - -] 192.168.0.10 - - [22/Feb/2016 21:25:19] "HEAD /v1/images/8a724f78-2673-4ea1-b607-373626a15afb HTTP/1.1" 200 817 0.074040
2016-02-22 21:25:40.132 2006 INFO eventlet.wsgi.server [req-aeb1efb7-72a5-4f3b-839b-2e54e3ad0dbf abb85e595adb430bbb80babcaa4579f0 c39c2957a82d4c4c967aff3a4e989171 - - -] 192.168.0.10 - - [22/Feb/2016 21:25:40] "HEAD /v1/images/8a724f78-2673-4ea1-b607-373626a15afb HTTP/1.1" 200 817 0.098169
2016-02-22 21:26:03.623 2006 INFO eventlet.wsgi.server [req-a2ac3ec0-a337-4ada-a86b-c36fb23bba9f abb85e595adb430bbb80babcaa4579f0 c39c2957a82d4c4c967aff3a4e989171 - - -] 192.168.0.10 - - [22/Feb/2016 21:26:03] "HEAD /v1/images/8a724f78-2673-4ea1-b607-373626a15afb HTTP/1.1" 200 817 0.077155
2016-02-22 21:26:29.512 2019 INFO eventlet.wsgi.server [req-7a812173-4bd1-4f8e-9533-cd0c27b748a3 abb85e595adb430bbb80babcaa4579f0 c39c2957a82d4c4c967aff3a4e989171 - - -] 192.168.0.10 - - [22/Feb/2016 21:26:29] "HEAD /v1/images/8a724f78-2673-4ea1-b607-373626a15afb HTTP/1.1" 200 817 0.067231
2016-02-22 21:26:57.885 2015 INFO eventlet.wsgi.server [req-b4272d06-4f44-4a0d-8d7c-385fec28c0b8 abb85e595adb430bbb80babcaa4579f0 c39c2957a82d4c4c967aff3a4e989171 - - -] 192.168.0.10 - - [22/Feb/2016 21:26:57] "HEAD /v1/images/8a724f78-2673-4ea1-b607-373626a15afb HTTP/1.1" 200 817 0.077597
2016-02-22 21:27:28.841 2019 INFO eventlet.wsgi.server [req-8710a6f7-f5db-41ec-82ae-98c91a17a27a abb85e595adb430bbb80babcaa4579f0 c39c2957a82d4c4c967aff3a4e989171 - - -] 192.168.0.10 - - [22/Feb/2016 21:27:28] "HEAD /v1/images/8a724f78-2673-4ea1-b607-373626a15afb HTTP/1.1" 200 817 0.075453
2016-02-22 21:29:17.334 2012 INFO eventlet.wsgi.server [req-17b79518-7cff-4b12-b730-58ab2fd0d05b abb85e595adb430bbb80babcaa4579f0 c39c2957a82d4c4c967aff3a4e989171 - - -] 192.168.0.10 - - [22/Feb/2016 21:29:17] "GET /v1/images/detail?sort_key=created_at&sort_dir=desc&limit=1000 HTTP/1.1" 200 713 0.301780
2016-02-22 21:29:19.896 2012 INFO eventlet.wsgi.server [req-623111dd-d16b-48c3-bf45-671daf50cb8e 9b1f9b36d7354b1ea121ccfbae339d8b 85a11a1515f94848be7aa5b56adec8bf - - -] 192.168.0.10 - - [22/Feb/2016 21:29:19] "HEAD /v1/images/8a724f78-2673-4ea1-b607-373626a15afb HTTP/1.1" 200 817 0.231773
2016-02-22 21:29:25.148 2006 INFO eventlet.wsgi.server [req-9a6fd261-4b76-4a42-8467-87df2edece83 abb85e595adb430bbb80babcaa4579f0 c39c2957a82d4c4c967aff3a4e989171 - - -] 192.168.0.10 - - [22/Feb/2016 21:29:25] "HEAD /v1/images/8a724f78-2673-4ea1-b607-373626a15afb HTTP/1.1" 200 817 0.273663
2016-02-22 21:29:42.436 2006 INFO eventlet.wsgi.server [req-ce0b3bd5-103f-4124-af41-3312410bd2b3 9b1f9b36d7354b1ea121ccfbae339d8b 85a11a1515f94848be7aa5b56adec8bf - - -] 192.168.0.10 - - [22/Feb/2016 21:29:42] "HEAD /v1/images/8a724f78-2673-4ea1-b607-373626a15afb HTTP/1.1" 200 817 0.284321
2016-02-22 21:29:48.733 2006 INFO eventlet.wsgi.server [req-e9b0a432-9de1-4a49-9288-12699710a584 9b1f9b36d7354b1ea121ccfbae339d8b 85a11a1515f94848be7aa5b56adec8bf - - -] 192.168.0.10 - - [22/Feb/2016 21:29:48] "GET /v1/images/detail?is_public=None&limit=20 HTTP/1.1" 200 713 0.269338
2016-02-22 21:33:54.770 2006 INFO eventlet.wsgi.server [req-d87f05a5-401a-4942-9765-0c9112bb4521 e9483918caa940a48fe882ba092c7e0b 300b2cc45c3846939e589310ae714e46 - - -] 192.168.0.10 - - [22/Feb/2016 21:33:54] "HEAD /v1/images/8a724f78-2673-4ea1-b607-373626a15afb HTTP/1.1" 200 817 0.258107
2016-02-22 21:33:54.874 2006 INFO eventlet.wsgi.server [req-2f51e291-d4c9-4506-8b23-9756b55bcd73 e9483918caa940a48fe882ba092c7e0b 300b2cc45c3846939e589310ae714e46 - - -] 192.168.0.10 - - [22/Feb/2016 21:33:54] "HEAD /v1/images/8a724f78-2673-4ea1-b607-373626a15afb HTTP/1.1" 200 817 0.025282
2016-02-22 21:35:41.940 2006 INFO eventlet.wsgi.server [req-45e8ccac-1a29-46f8-b288-145311032a44 e9483918caa940a48fe882ba092c7e0b 300b2cc45c3846939e589310ae714e46 - - -] 192.168.0.10 - - [22/Feb/2016 21:35:41] "HEAD /v1/images/8a724f78-2673-4ea1-b607-373626a15afb HTTP/1.1" 200 817 0.061770
2016-02-22 21:35:42.246 2006 INFO eventlet.wsgi.server [req-f53e81b8-b692-45b3-bf50-f1c4a14210b7 e9483918caa940a48fe882ba092c7e0b 300b2cc45c3846939e589310ae714e46 - - -] 192.168.0.10 - - [22/Feb/2016 21:35:42] "HEAD /v1/images/8a724f78-2673-4ea1-b607-373626a15afb HTTP/1.1" 200 817 0.229866
2016-02-22 21:35:43.887 2006 INFO eventlet.wsgi.server [req-df7b6959-48ff-4a9f-a9d3-1ab43f93b12d e9483918caa940a48fe882ba092c7e0b 300b2cc45c3846939e589310ae714e46 - - -] 192.168.0.10 - - [22/Feb/2016 21:35:43] "HEAD /v1/images/8a724f78-2673-4ea1-b607-373626a15afb HTTP/1.1" 200 817 0.054937
2016-02-22 21:35:44.046 2006 INFO eventlet.wsgi.server [req-df7b6959-48ff-4a9f-a9d3-1ab43f93b12d e9483918caa940a48fe882ba092c7e0b 300b2cc45c3846939e589310ae714e46 - - -] 192.168.0.10 - - [22/Feb/2016 21:35:44] "HEAD /v1/images/8a724f78-2673-4ea1-b607-373626a15afb HTTP/1.1" 200 817 0.224789
2016-02-22 21:39:48.345 2006 INFO eventlet.wsgi.server [req-68cfd3ec-9c53-412d-8e5e-905fd6197a03 9b1f9b36d7354b1ea121ccfbae339d8b 85a11a1515f94848be7aa5b56adec8bf - - -] 192.168.0.10 - - [22/Feb/2016 21:39:48] "GET /v1/images/detail?is_public=None&limit=20 HTTP/1.1" 200 713 0.273300
2016-02-22 21:49:48.435 2019 INFO eventlet.wsgi.server [req-0e9439f3-8b9c-4b48-be13-2724f8146427 9b1f9b36d7354b1ea121ccfbae339d8b 85a11a1515f94848be7aa5b56adec8bf - - -] 192.168.0.10 - - [22/Feb/2016 21:49:48] "GET /v1/images/detail?is_public=None&limit=20 HTTP/1.1" 200 713 0.229001
2016-02-22 21:59:49.015 2019 INFO eventlet.wsgi.server [req-103ebc01-6201-4f67-af1b-b9ffc614ac81 9b1f9b36d7354b1ea121ccfbae339d8b 85a11a1515f94848be7aa5b56adec8bf - - -] 192.168.0.10 - - [22/Feb/2016 21:59:49] "GET /v1/images/detail?is_public=None&limit=20 HTTP/1.1" 200 713 0.243510
2016-02-22 22:09:48.512 2012 INFO eventlet.wsgi.server [req-f82deabf-4826-47e1-996d-2eb95c65347e 9b1f9b36d7354b1ea121ccfbae339d8b 85a11a1515f94848be7aa5b56adec8bf - - -] 192.168.0.10 - - [22/Feb/2016 22:09:48] "GET /v1/images/detail?is_public=None&limit=20 HTTP/1.1" 200 713 0.391508
2016-02-22 22:19:48.486 2015 INFO eventlet.wsgi.server [req-35844a87-bd9f-423a-a39e-58e4b472c1c1 9b1f9b36d7354b1ea121ccfbae339d8b 85a11a1515f94848be7aa5b56adec8bf - - -] 192.168.0.10 - - [22/Feb/2016 22:19:48] "GET /v1/images/detail?is_public=None&limit=20 HTTP/1.1" 200 713 0.400190
2016-02-22 22:27:52.112 1015 INFO glance.common.wsgi [-] Removed dead child 2006
2016-02-22 22:27:52.513 1015 INFO glance.common.wsgi [-] Started child 5893
2016-02-22 22:27:52.478 5893 INFO eventlet.wsgi.server [-] (5893) wsgi starting up on http://0.0.0.0:9292/
2016-02-22 22:27:52.763 5893 INFO eventlet.wsgi.server [-] (5893) wsgi exited, is_accepting=True
2016-02-22 22:27:52.909 5893 INFO glance.common.wsgi [-] Child 5893 exiting normally
2016-02-23 19:47:19.688 1017 WARNING oslo_config.cfg [-] Option "filesystem_store_datadir" from group "DEFAULT" is deprecated. Use option "filesystem_store_datadir" from group "glance_store".
2016-02-23 19:47:19.694 1017 INFO glance.common.wsgi [-] Starting 4 workers
2016-02-23 19:47:19.746 1017 INFO glance.common.wsgi [-] Started child 2034
2016-02-23 19:47:19.751 2034 INFO eventlet.wsgi.server [-] (2034) wsgi starting up on http://0.0.0.0:9292/
2016-02-23 19:47:19.810 2038 INFO eventlet.wsgi.server [-] (2038) wsgi starting up on http://0.0.0.0:9292/
2016-02-23 19:47:19.821 1017 INFO glance.common.wsgi [-] Started child 2038
2016-02-23 19:47:19.882 1017 INFO glance.common.wsgi [-] Started child 2043
2016-02-23 19:47:19.921 2043 INFO eventlet.wsgi.server [-] (2043) wsgi starting up on http://0.0.0.0:9292/
2016-02-23 19:47:19.997 1017 INFO glance.common.wsgi [-] Started child 2047
2016-02-23 19:47:20.032 2047 INFO eventlet.wsgi.server [-] (2047) wsgi starting up on http://0.0.0.0:9292/
2016-02-23 19:57:19.956 2038 INFO eventlet.wsgi.server [req-04f85e04-566d-4714-a58a-006e422db2a0 9b1f9b36d7354b1ea121ccfbae339d8b 85a11a1515f94848be7aa5b56adec8bf - - -] 192.168.0.10 - - [23/Feb/2016 19:57:19] "GET /v1/images/detail?is_public=None&limit=20 HTTP/1.1" 200 713 0.912992
2016-02-23 20:07:18.280 2043 INFO eventlet.wsgi.server [req-f43a76fc-df42-407e-8d35-6a412863d029 9b1f9b36d7354b1ea121ccfbae339d8b 85a11a1515f94848be7aa5b56adec8bf - - -] 192.168.0.10 - - [23/Feb/2016 20:07:18] "GET /v1/images/detail?is_public=None&limit=20 HTTP/1.1" 200 713 0.835377
2016-02-23 20:17:18.937 2034 INFO eventlet.wsgi.server [req-caba92cb-0c63-45b3-a876-55bd993298cc 9b1f9b36d7354b1ea121ccfbae339d8b 85a11a1515f94848be7aa5b56adec8bf - - -] 192.168.0.10 - - [23/Feb/2016 20:17:18] "GET /v1/images/detail?is_public=None&limit=20 HTTP/1.1" 200 713 1.178117
2016-02-23 20:27:18.486 2047 INFO eventlet.wsgi.server [req-131b1441-0d00-4071-9ba1-2392d6a5ba7f 9b1f9b36d7354b1ea121ccfbae339d8b 85a11a1515f94848be7aa5b56adec8bf - - -] 192.168.0.10 - - [23/Feb/2016 20:27:18] "GET /v1/images/detail?is_public=None&limit=20 HTTP/1.1" 200 713 0.656821
2016-02-23 20:37:18.148 2038 INFO eventlet.wsgi.server [req-a46be8dc-d3d9-47e8-8972-9ca4a35ce013 9b1f9b36d7354b1ea121ccfbae339d8b 85a11a1515f94848be7aa5b56adec8bf - - -] 192.168.0.10 - - [23/Feb/2016 20:37:18] "GET /v1/images/detail?is_public=None&limit=20 HTTP/1.1" 200 713 0.674668
2016-02-23 20:47:17.899 2034 INFO eventlet.wsgi.server [req-0a1f84f9-ca74-47dd-aac4-53685bbc4f83 9b1f9b36d7354b1ea121ccfbae339d8b 85a11a1515f94848be7aa5b56adec8bf - - -] 192.168.0.10 - - [23/Feb/2016 20:47:17] "GET /v1/images/detail?is_public=None&limit=20 HTTP/1.1" 200 713 0.313707
2016-02-23 20:57:18.145 2034 INFO eventlet.wsgi.server [req-8188ac6f-55ec-47a5-b68f-78e10e8fe8bc 9b1f9b36d7354b1ea121ccfbae339d8b 85a11a1515f94848be7aa5b56adec8bf - - -] 192.168.0.10 - - [23/Feb/2016 20:57:18] "GET /v1/images/detail?is_public=None&limit=20 HTTP/1.1" 200 713 0.254996
2016-02-23 21:07:18.408 2034 INFO eventlet.wsgi.server [req-53d1d23a-8b90-4819-af0d-f3c18c104c1d 9b1f9b36d7354b1ea121ccfbae339d8b 85a11a1515f94848be7aa5b56adec8bf - - -] 192.168.0.10 - - [23/Feb/2016 21:07:18] "GET /v1/images/detail?is_public=None&limit=20 HTTP/1.1" 200 713 0.254275
2016-02-23 21:17:17.917 2047 INFO eventlet.wsgi.server [req-31f1a38b-4a3f-4bbf-b8e9-09b387ddb5e0 9b1f9b36d7354b1ea121ccfbae339d8b 85a11a1515f94848be7aa5b56adec8bf - - -] 192.168.0.10 - - [23/Feb/2016 21:17:17] "GET /v1/images/detail?is_public=None&limit=20 HTTP/1.1" 200 713 0.290048
2016-02-23 21:27:17.808 2047 INFO eventlet.wsgi.server [req-54fe389d-f517-4f30-acad-d3bc2958e6fe 9b1f9b36d7354b1ea121ccfbae339d8b 85a11a1515f94848be7aa5b56adec8bf - - -] 192.168.0.10 - - [23/Feb/2016 21:27:17] "GET /v1/images/detail?is_public=None&limit=20 HTTP/1.1" 200 713 0.361006
2016-02-23 21:37:18.140 2038 INFO eventlet.wsgi.server [req-c002e683-8ddd-4238-9e5b-8f2792d8d3f0 9b1f9b36d7354b1ea121ccfbae339d8b 85a11a1515f94848be7aa5b56adec8bf - - -] 192.168.0.10 - - [23/Feb/2016 21:37:18] "GET /v1/images/detail?is_public=None&limit=20 HTTP/1.1" 200 713 0.604494
2016-02-23 21:47:18.028 2047 INFO eventlet.wsgi.server [req-98057d35-c14e-4b93-ae61-6a3b3e327aa3 9b1f9b36d7354b1ea121ccfbae339d8b 85a11a1515f94848be7aa5b56adec8bf - - -] 192.168.0.10 - - [23/Feb/2016 21:47:18] "GET /v1/images/detail?is_public=None&limit=20 HTTP/1.1" 200 713 0.504681
2016-02-23 21:57:18.492 2047 INFO eventlet.wsgi.server [req-efd2c210-7068-4e3a-9dc7-acf6e4619e26 9b1f9b36d7354b1ea121ccfbae339d8b 85a11a1515f94848be7aa5b56adec8bf - - -] 192.168.0.10 - - [23/Feb/2016 21:57:18] "GET /v1/images/detail?is_public=None&limit=20 HTTP/1.1" 200 713 0.371544
2016-02-23 22:07:04.901 2047 INFO eventlet.wsgi.server [req-96b2d179-8268-4479-87c7-2ae0ab70d55c 6faed7c946234e689b523e389a812a5c 654ecf6e62854cea9720173b7e835a61 - - -] 192.168.0.10 - - [23/Feb/2016 22:07:04] "GET /v1/images/detail?is_public=none&limit=20 HTTP/1.1" 200 713 0.288159
2016-02-23 22:07:18.967 2047 INFO eventlet.wsgi.server [req-1f1e228c-8025-4826-9ab6-677d6f7e6459 9b1f9b36d7354b1ea121ccfbae339d8b 85a11a1515f94848be7aa5b56adec8bf - - -] 192.168.0.10 - - [23/Feb/2016 22:07:18] "GET /v1/images/detail?is_public=None&limit=20 HTTP/1.1" 200 713 0.462620
2016-02-23 22:09:02.679 2043 INFO eventlet.wsgi.server [req-76fa19ad-6082-4ad6-a9bc-6618a8d91aa6 6faed7c946234e689b523e389a812a5c 654ecf6e62854cea9720173b7e835a61 - - -] 192.168.0.10 - - [23/Feb/2016 22:09:02] "GET /v1/images/detail?is_public=none&limit=20 HTTP/1.1" 200 713 0.627784
2016-02-23 22:09:02.978 2038 INFO eventlet.wsgi.server [req-b2f779e2-a95f-4192-92bf-02be9ce0c012 6faed7c946234e689b523e389a812a5c 654ecf6e62854cea9720173b7e835a61 - - -] 192.168.0.10 - - [23/Feb/2016 22:09:02] "HEAD /v1/images/8a724f78-2673-4ea1-b607-373626a15afb HTTP/1.1" 200 817 0.243487
2016-02-23 22:09:03.169 2038 INFO eventlet.wsgi.server [req-5e5bf0b3-5cff-4038-ad9a-14b3a8cfa0e7 6faed7c946234e689b523e389a812a5c 654ecf6e62854cea9720173b7e835a61 - - -] 192.168.0.10 - - [23/Feb/2016 22:09:03] "HEAD /v1/images/8a724f78-2673-4ea1-b607-373626a15afb HTTP/1.1" 200 817 0.040059
2016-02-23 22:10:54.656 2043 INFO eventlet.wsgi.server [req-c93b6d44-c0ef-4f45-a950-1fc65aa11b3e 6faed7c946234e689b523e389a812a5c 654ecf6e62854cea9720173b7e835a61 - - -] 192.168.0.10 - - [23/Feb/2016 22:10:54] "GET /v1/images/detail?is_public=none&limit=20 HTTP/1.1" 200 713 0.419793
2016-02-23 22:10:55.095 2043 INFO eventlet.wsgi.server [req-2ea57cbf-84de-4618-851f-d42f591a8c5b 6faed7c946234e689b523e389a812a5c 654ecf6e62854cea9720173b7e835a61 - - -] 192.168.0.10 - - [23/Feb/2016 22:10:55] "HEAD /v1/images/8a724f78-2673-4ea1-b607-373626a15afb HTTP/1.1" 200 817 0.377425
2016-02-23 22:10:55.604 2038 INFO eventlet.wsgi.server [req-9930b95b-2d31-47b7-8cf8-2ad6744a10f6 6faed7c946234e689b523e389a812a5c 654ecf6e62854cea9720173b7e835a61 - - -] 192.168.0.10 - - [23/Feb/2016 22:10:55] "HEAD /v1/images/8a724f78-2673-4ea1-b607-373626a15afb HTTP/1.1" 200 817 0.327147
2016-02-23 22:10:56.967 2034 INFO eventlet.wsgi.server [req-53ac6e2c-2911-4385-b803-aa19880efdb1 6faed7c946234e689b523e389a812a5c 654ecf6e62854cea9720173b7e835a61 - - -] 192.168.0.10 - - [23/Feb/2016 22:10:56] "HEAD /v1/images/8a724f78-2673-4ea1-b607-373626a15afb HTTP/1.1" 200 817 0.265930
2016-02-23 22:10:58.739 2047 WARNING oslo_config.cfg [req-08466967-e4ab-4116-9b39-7f82b9d2af26 6faed7c946234e689b523e389a812a5c 654ecf6e62854cea9720173b7e835a61 - - -] Option "rabbit_virtual_host" from group "DEFAULT" is deprecated. Use option "rabbit_virtual_host" from group "oslo_messaging_rabbit".
2016-02-23 22:10:58.740 2047 WARNING oslo_config.cfg [req-08466967-e4ab-4116-9b39-7f82b9d2af26 6faed7c946234e689b523e389a812a5c 654ecf6e62854cea9720173b7e835a61 - - -] Option "rabbit_hosts" from group "DEFAULT" is deprecated. Use option "rabbit_hosts" from group "oslo_messaging_rabbit".
2016-02-23 22:10:58.741 2047 WARNING oslo_config.cfg [req-08466967-e4ab-4116-9b39-7f82b9d2af26 6faed7c946234e689b523e389a812a5c 654ecf6e62854cea9720173b7e835a61 - - -] Option "rabbit_port" from group "DEFAULT" is deprecated. Use option "rabbit_port" from group "oslo_messaging_rabbit".
2016-02-23 22:10:58.741 2047 WARNING oslo_config.cfg [req-08466967-e4ab-4116-9b39-7f82b9d2af26 6faed7c946234e689b523e389a812a5c 654ecf6e62854cea9720173b7e835a61 - - -] Option "rabbit_userid" from group "DEFAULT" is deprecated. Use option "rabbit_userid" from group "oslo_messaging_rabbit".
2016-02-23 22:10:58.742 2047 WARNING oslo_config.cfg [req-08466967-e4ab-4116-9b39-7f82b9d2af26 6faed7c946234e689b523e389a812a5c 654ecf6e62854cea9720173b7e835a61 - - -] Option "rabbit_password" from group "DEFAULT" is deprecated. Use option "rabbit_password" from group "oslo_messaging_rabbit".
2016-02-23 22:10:58.743 2047 WARNING oslo_config.cfg [req-08466967-e4ab-4116-9b39-7f82b9d2af26 6faed7c946234e689b523e389a812a5c 654ecf6e62854cea9720173b7e835a61 - - -] Option "rabbit_use_ssl" from group "DEFAULT" is deprecated. Use option "rabbit_use_ssl" from group "oslo_messaging_rabbit".
2016-02-23 22:10:58.787 2047 INFO oslo_messaging._drivers.impl_rabbit [req-08466967-e4ab-4116-9b39-7f82b9d2af26 6faed7c946234e689b523e389a812a5c 654ecf6e62854cea9720173b7e835a61 - - -] Connecting to AMQP server on 192.168.0.10:5672
2016-02-23 22:10:58.810 2047 INFO oslo_messaging._drivers.impl_rabbit [req-08466967-e4ab-4116-9b39-7f82b9d2af26 6faed7c946234e689b523e389a812a5c 654ecf6e62854cea9720173b7e835a61 - - -] Connected to AMQP server on 192.168.0.10:5672
2016-02-23 22:10:58.811 2047 WARNING oslo_config.cfg [req-08466967-e4ab-4116-9b39-7f82b9d2af26 6faed7c946234e689b523e389a812a5c 654ecf6e62854cea9720173b7e835a61 - - -] Option "rabbit_ha_queues" from group "DEFAULT" is deprecated. Use option "rabbit_ha_queues" from group "oslo_messaging_rabbit".
2016-02-23 22:10:58.823 2047 INFO eventlet.wsgi.server [req-08466967-e4ab-4116-9b39-7f82b9d2af26 6faed7c946234e689b523e389a812a5c 654ecf6e62854cea9720173b7e835a61 - - -] 192.168.0.13 - - [23/Feb/2016 22:10:58] "GET /v1/images/8a724f78-2673-4ea1-b607-373626a15afb HTTP/1.1" 200 13201720 0.563356
2016-02-23 22:15:46.863 2047 INFO eventlet.wsgi.server [req-613f53ae-0749-4bd5-aec8-336395404c96 6faed7c946234e689b523e389a812a5c 654ecf6e62854cea9720173b7e835a61 - - -] 192.168.0.10 - - [23/Feb/2016 22:15:46] "HEAD /v1/images/8a724f78-2673-4ea1-b607-373626a15afb HTTP/1.1" 200 817 0.402335
2016-02-23 22:17:00.492 2047 INFO eventlet.wsgi.server [req-1c901132-8e33-4934-8724-7a93a5509ec4 9b1f9b36d7354b1ea121ccfbae339d8b 85a11a1515f94848be7aa5b56adec8bf - - -] 192.168.0.10 - - [23/Feb/2016 22:17:00] "HEAD /v1/images/8a724f78-2673-4ea1-b607-373626a15afb HTTP/1.1" 200 817 0.380797
2016-02-23 22:17:18.232 2043 INFO eventlet.wsgi.server [req-6674a135-dc97-446b-8ec9-6e03b1dfd81b 9b1f9b36d7354b1ea121ccfbae339d8b 85a11a1515f94848be7aa5b56adec8bf - - -] 192.168.0.10 - - [23/Feb/2016 22:17:18] "GET /v1/images/detail?is_public=None&limit=20 HTTP/1.1" 200 713 0.319096
2016-02-23 22:18:27.179 2043 INFO eventlet.wsgi.server [req-fd885209-1bb0-4d40-a493-1b503dab6d4f 6faed7c946234e689b523e389a812a5c 654ecf6e62854cea9720173b7e835a61 - - -] 192.168.0.10 - - [23/Feb/2016 22:18:27] "GET /v1/images/detail?sort_key=created_at&sort_dir=desc&limit=1000 HTTP/1.1" 200 713 0.352015
2016-02-23 22:18:45.322 2047 INFO eventlet.wsgi.server [req-e302835c-1aea-41e9-ac35-5221cf68d934 6faed7c946234e689b523e389a812a5c 654ecf6e62854cea9720173b7e835a61 - - -] 192.168.0.10 - - [23/Feb/2016 22:18:45] "HEAD /v1/images/8a724f78-2673-4ea1-b607-373626a15afb HTTP/1.1" 200 817 0.403427
2016-02-23 22:26:11.256 2034 INFO eventlet.wsgi.server [req-81af7a64-965f-4172-b560-94ca8b41818c 6faed7c946234e689b523e389a812a5c 654ecf6e62854cea9720173b7e835a61 - - -] 192.168.0.10 - - [23/Feb/2016 22:26:11] "GET /v1/images/detail?sort_key=created_at&sort_dir=desc&limit=1000 HTTP/1.1" 200 713 0.518678
2016-02-23 22:26:21.637 2043 INFO eventlet.wsgi.server [req-0615ee01-364c-4f8b-9e31-edfa330dd212 6faed7c946234e689b523e389a812a5c 654ecf6e62854cea9720173b7e835a61 - - -] 192.168.0.10 - - [23/Feb/2016 22:26:21] "HEAD /v1/images/8a724f78-2673-4ea1-b607-373626a15afb HTTP/1.1" 200 817 0.358490
2016-02-23 22:26:59.980 2038 INFO eventlet.wsgi.server [req-610e3dce-7bc3-442a-9127-23b5385f8c3a 9b1f9b36d7354b1ea121ccfbae339d8b 85a11a1515f94848be7aa5b56adec8bf - - -] 192.168.0.10 - - [23/Feb/2016 22:26:59] "HEAD /v1/images/8a724f78-2673-4ea1-b607-373626a15afb HTTP/1.1" 200 817 0.413586
2016-02-23 22:27:18.151 2038 INFO eventlet.wsgi.server [req-ea5fb049-596e-41e0-ae7b-b8621a0c2f62 9b1f9b36d7354b1ea121ccfbae339d8b 85a11a1515f94848be7aa5b56adec8bf - - -] 192.168.0.10 - - [23/Feb/2016 22:27:18] "GET /v1/images/detail?is_public=None&limit=20 HTTP/1.1" 200 713 0.251172
2016-02-23 22:30:27.393 2047 INFO eventlet.wsgi.server [req-4055677d-a8c5-4a09-a7a2-a5132a1766c3 6faed7c946234e689b523e389a812a5c 654ecf6e62854cea9720173b7e835a61 - - -] 192.168.0.10 - - [23/Feb/2016 22:30:27] "GET /v1/images/detail?sort_key=created_at&sort_dir=desc&limit=1000 HTTP/1.1" 200 713 0.465755
2016-02-23 22:30:41.518 2043 INFO eventlet.wsgi.server [req-74450d69-e414-460f-8a6b-1b7b3dc631c6 6faed7c946234e689b523e389a812a5c 654ecf6e62854cea9720173b7e835a61 - - -] 192.168.0.10 - - [23/Feb/2016 22:30:41] "HEAD /v1/images/8a724f78-2673-4ea1-b607-373626a15afb HTTP/1.1" 200 817 0.059405
2016-02-23 22:33:54.396 2043 INFO eventlet.wsgi.server [req-27638f4f-3641-4359-bbd6-b5d67900bd77 e9483918caa940a48fe882ba092c7e0b 300b2cc45c3846939e589310ae714e46 - - -] 192.168.0.10 - - [23/Feb/2016 22:33:54] "HEAD /v1/images/8a724f78-2673-4ea1-b607-373626a15afb HTTP/1.1" 200 817 0.307374
2016-02-23 22:36:59.857 2043 INFO eventlet.wsgi.server [req-ec71ef8d-33ac-4a73-8b6a-a59643d94c97 9b1f9b36d7354b1ea121ccfbae339d8b 85a11a1515f94848be7aa5b56adec8bf - - -] 192.168.0.10 - - [23/Feb/2016 22:36:59] "HEAD /v1/images/8a724f78-2673-4ea1-b607-373626a15afb HTTP/1.1" 200 817 0.221058
2016-02-23 22:37:18.246 2047 INFO eventlet.wsgi.server [req-f5130614-ba3d-468a-a0a7-c44b327c7fab 9b1f9b36d7354b1ea121ccfbae339d8b 85a11a1515f94848be7aa5b56adec8bf - - -] 192.168.0.10 - - [23/Feb/2016 22:37:18] "GET /v1/images/detail?is_public=None&limit=20 HTTP/1.1" 200 713 0.439329
2016-02-23 22:38:19.632 2043 INFO eventlet.wsgi.server [req-30651072-684c-4df1-a813-835f23caed7c e9483918caa940a48fe882ba092c7e0b 300b2cc45c3846939e589310ae714e46 - - -] 192.168.0.10 - - [23/Feb/2016 22:38:19] "HEAD /v1/images/8a724f78-2673-4ea1-b607-373626a15afb HTTP/1.1" 200 817 0.213406
2016-02-23 22:39:11.326 2034 INFO eventlet.wsgi.server [req-a49ca7ec-6422-4aea-bc9c-5cd151bbae4f e9483918caa940a48fe882ba092c7e0b 300b2cc45c3846939e589310ae714e46 - - -] 192.168.0.10 - - [23/Feb/2016 22:39:11] "HEAD /v1/images/8a724f78-2673-4ea1-b607-373626a15afb HTTP/1.1" 200 817 0.219270
2016-02-23 22:39:40.597 2038 INFO eventlet.wsgi.server [req-a1196986-24c5-43ea-8e88-9b1f134b37bb e9483918caa940a48fe882ba092c7e0b 300b2cc45c3846939e589310ae714e46 - - -] 192.168.0.10 - - [23/Feb/2016 22:39:40] "HEAD /v1/images/8a724f78-2673-4ea1-b607-373626a15afb HTTP/1.1" 200 817 0.358497
2016-02-23 22:40:30.342 2047 INFO eventlet.wsgi.server [req-1ade7248-8a39-4de6-9ddb-d7ca79239032 e9483918caa940a48fe882ba092c7e0b 300b2cc45c3846939e589310ae714e46 - - -] 192.168.0.10 - - [23/Feb/2016 22:40:30] "HEAD /v1/images/8a724f78-2673-4ea1-b607-373626a15afb HTTP/1.1" 200 817 0.261573
2016-02-23 22:41:28.360 2043 INFO eventlet.wsgi.server [req-856be420-eab4-4d3f-91c4-f381ee637c62 e9483918caa940a48fe882ba092c7e0b 300b2cc45c3846939e589310ae714e46 - - -] 192.168.0.10 - - [23/Feb/2016 22:41:28] "HEAD /v1/images/8a724f78-2673-4ea1-b607-373626a15afb HTTP/1.1" 200 817 0.246017
2016-02-23 22:41:56.182 2043 INFO eventlet.wsgi.server [req-a42135e1-168b-49cc-851a-15e967d4cbba e9483918caa940a48fe882ba092c7e0b 300b2cc45c3846939e589310ae714e46 - - -] 192.168.0.10 - - [23/Feb/2016 22:41:56] "HEAD /v1/images/8a724f78-2673-4ea1-b607-373626a15afb HTTP/1.1" 200 817 0.297461
2016-02-23 22:42:00.138 2043 INFO eventlet.wsgi.server [req-4481cb76-db2b-4414-8fca-d0cc6765ded5 e9483918caa940a48fe882ba092c7e0b 300b2cc45c3846939e589310ae714e46 - - -] 192.168.0.10 - - [23/Feb/2016 22:42:00] "HEAD /v1/images/8a724f78-2673-4ea1-b607-373626a15afb HTTP/1.1" 200 817 0.290278
2016-02-23 22:42:22.611 2034 INFO eventlet.wsgi.server [req-e545d057-cec2-464b-aaab-47001e7ceba3 e9483918caa940a48fe882ba092c7e0b 300b2cc45c3846939e589310ae714e46 - - -] 192.168.0.10 - - [23/Feb/2016 22:42:22] "HEAD /v1/images/8a724f78-2673-4ea1-b607-373626a15afb HTTP/1.1" 200 817 0.274680
2016-02-23 22:42:26.573 2047 INFO eventlet.wsgi.server [req-1d7c6220-2559-4a23-a30c-909524dca862 e9483918caa940a48fe882ba092c7e0b 300b2cc45c3846939e589310ae714e46 - - -] 192.168.0.10 - - [23/Feb/2016 22:42:26] "HEAD /v1/images/8a724f78-2673-4ea1-b607-373626a15afb HTTP/1.1" 200 817 0.290272
2016-02-23 22:42:42.621 2043 INFO eventlet.wsgi.server [req-2e6c5232-64ae-47dc-8058-8912153e40ad e9483918caa940a48fe882ba092c7e0b 300b2cc45c3846939e589310ae714e46 - - -] 192.168.0.10 - - [23/Feb/2016 22:42:42] "HEAD /v1/images/8a724f78-2673-4ea1-b607-373626a15afb HTTP/1.1" 200 817 0.279225
2016-02-23 22:43:50.936 2043 INFO eventlet.wsgi.server [req-0d276c69-a2ae-4d5f-a1d9-baa8c0546f1e 6faed7c946234e689b523e389a812a5c 654ecf6e62854cea9720173b7e835a61 - - -] 192.168.0.10 - - [23/Feb/2016 22:43:50] "HEAD /v1/images/8a724f78-2673-4ea1-b607-373626a15afb HTTP/1.1" 200 817 0.257068
2016-02-23 22:43:55.656 2043 INFO eventlet.wsgi.server [req-89e5f663-51bd-49df-9160-285dd6309017 6faed7c946234e689b523e389a812a5c 654ecf6e62854cea9720173b7e835a61 - - -] 192.168.0.10 - - [23/Feb/2016 22:43:55] "GET /v1/images/detail?sort_key=created_at&sort_dir=desc&limit=1000 HTTP/1.1" 200 713 0.181910
2016-02-23 22:44:38.853 2034 INFO eventlet.wsgi.server [req-9ad32f33-5810-4aec-8681-1e47e111f1ec e9483918caa940a48fe882ba092c7e0b 300b2cc45c3846939e589310ae714e46 - - -] 192.168.0.10 - - [23/Feb/2016 22:44:38] "HEAD /v1/images/8a724f78-2673-4ea1-b607-373626a15afb HTTP/1.1" 200 817 0.241851
2016-02-23 22:44:48.297 2047 INFO eventlet.wsgi.server [req-b405a2f1-1fd1-4b56-9d1d-e739ac80e088 6faed7c946234e689b523e389a812a5c 654ecf6e62854cea9720173b7e835a61 - - -] 192.168.0.10 - - [23/Feb/2016 22:44:48] "GET /v1/images/detail?sort_key=created_at&sort_dir=desc&limit=1000 HTTP/1.1" 200 713 0.252812
2016-02-23 22:45:09.125 2034 INFO eventlet.wsgi.server [req-559fc84a-c2c5-494a-9dfc-bdb4a3969f3d e9483918caa940a48fe882ba092c7e0b 300b2cc45c3846939e589310ae714e46 - - -] 192.168.0.13 - - [23/Feb/2016 22:45:09] "HEAD /v1/images/8a724f78-2673-4ea1-b607-373626a15afb HTTP/1.1" 200 817 0.220865
2016-02-23 22:45:14.449 2034 INFO eventlet.wsgi.server [req-54619ac6-bc08-49d9-83d8-4c6f4c36cfe5 e9483918caa940a48fe882ba092c7e0b 300b2cc45c3846939e589310ae714e46 - - -] 192.168.0.10 - - [23/Feb/2016 22:45:14] "HEAD /v1/images/8a724f78-2673-4ea1-b607-373626a15afb HTTP/1.1" 200 817 0.209660
2016-02-23 22:45:38.173 2038 INFO eventlet.wsgi.server [req-fc6d058f-1c39-4e2a-983b-318e5c8910f8 6faed7c946234e689b523e389a812a5c 654ecf6e62854cea9720173b7e835a61 - - -] 192.168.0.10 - - [23/Feb/2016 22:45:38] "GET /v1/images/detail?sort_key=created_at&sort_dir=desc&limit=1000 HTTP/1.1" 200 713 0.301826
2016-02-23 22:46:15.811 2034 INFO eventlet.wsgi.server [req-0bd752a1-c036-4592-af81-b69ef6c5d7ed e9483918caa940a48fe882ba092c7e0b 300b2cc45c3846939e589310ae714e46 - - -] 192.168.0.10 - - [23/Feb/2016 22:46:15] "HEAD /v1/images/8a724f78-2673-4ea1-b607-373626a15afb HTTP/1.1" 200 817 0.227940
2016-02-23 22:46:20.202 2034 INFO eventlet.wsgi.server [req-bdc0d0c8-743e-4e26-914f-e83187d0e766 e9483918caa940a48fe882ba092c7e0b 300b2cc45c3846939e589310ae714e46 - - -] 192.168.0.10 - - [23/Feb/2016 22:46:20] "HEAD /v1/images/8a724f78-2673-4ea1-b607-373626a15afb HTTP/1.1" 200 817 0.298137
2016-02-23 22:46:24.088 2034 INFO eventlet.wsgi.server [req-e22b169b-a15c-483c-9f0c-adf34bf3e0d5 e9483918caa940a48fe882ba092c7e0b 300b2cc45c3846939e589310ae714e46 - - -] 192.168.0.10 - - [23/Feb/2016 22:46:24] "HEAD /v1/images/8a724f78-2673-4ea1-b607-373626a15afb HTTP/1.1" 200 817 0.263858
2016-02-23 22:46:44.863 2034 INFO eventlet.wsgi.server [req-f57c96ef-9b5c-455d-b0a9-989d25ad5ec7 e9483918caa940a48fe882ba092c7e0b 300b2cc45c3846939e589310ae714e46 - - -] 192.168.0.10 - - [23/Feb/2016 22:46:44] "HEAD /v1/images/8a724f78-2673-4ea1-b607-373626a15afb HTTP/1.1" 200 817 0.224867
2016-02-23 22:46:52.235 2034 INFO eventlet.wsgi.server [req-46fa0611-dcbd-41ff-96fd-617818b2e733 e9483918caa940a48fe882ba092c7e0b 300b2cc45c3846939e589310ae714e46 - - -] 192.168.0.10 - - [23/Feb/2016 22:46:52] "HEAD /v1/images/8a724f78-2673-4ea1-b607-373626a15afb HTTP/1.1" 200 817 0.195159
2016-02-23 22:46:59.993 2034 INFO eventlet.wsgi.server [req-75ed826b-5830-4772-bec4-feaab5164c3f 9b1f9b36d7354b1ea121ccfbae339d8b 85a11a1515f94848be7aa5b56adec8bf - - -] 192.168.0.10 - - [23/Feb/2016 22:46:59] "HEAD /v1/images/8a724f78-2673-4ea1-b607-373626a15afb HTTP/1.1" 200 817 0.474663
2016-02-23 22:47:17.973 2034 INFO eventlet.wsgi.server [req-b1f2e01e-e9fe-454d-a12e-8340785f0444 9b1f9b36d7354b1ea121ccfbae339d8b 85a11a1515f94848be7aa5b56adec8bf - - -] 192.168.0.10 - - [23/Feb/2016 22:47:17] "GET /v1/images/detail?is_public=None&limit=20 HTTP/1.1" 200 713 0.341973
2016-02-23 22:47:40.326 2034 INFO eventlet.wsgi.server [req-b1f83018-f72c-4547-9af3-b3fa1b4f0f71 e9483918caa940a48fe882ba092c7e0b 300b2cc45c3846939e589310ae714e46 - - -] 192.168.0.13 - - [23/Feb/2016 22:47:40] "HEAD /v1/images/8a724f78-2673-4ea1-b607-373626a15afb HTTP/1.1" 200 817 0.246862
