2015-10-04 15:28:06.135 2012 INFO eventlet.wsgi.server [req-bf46d0fd-0b8a-4201-a20f-3eb2a37cc04c 9b1f9b36d7354b1ea121ccfbae339d8b 85a11a1515f94848be7aa5b56adec8bf - - -] 192.168.0.10 - - [04/Oct/2015 15:28:06] "HEAD /v1/images/8a724f78-2673-4ea1-b607-373626a15afb HTTP/1.1" 200 817 0.272088
2015-10-04 15:28:11.842 2019 INFO eventlet.wsgi.server [req-65852e5d-88ac-4b3a-8d28-1de37455da81 9b1f9b36d7354b1ea121ccfbae339d8b 85a11a1515f94848be7aa5b56adec8bf - - -] 192.168.0.10 - - [04/Oct/2015 15:28:11] "GET /v1/images/detail?is_public=None&limit=20 HTTP/1.1" 200 713 0.238102
2015-10-04 15:38:06.075 2021 INFO eventlet.wsgi.server [req-40188ecb-2818-4806-9347-ec1be5412c21 9b1f9b36d7354b1ea121ccfbae339d8b 85a11a1515f94848be7aa5b56adec8bf - - -] 192.168.0.10 - - [04/Oct/2015 15:38:06] "HEAD /v1/images/8a724f78-2673-4ea1-b607-373626a15afb HTTP/1.1" 200 817 0.233967
2015-10-04 15:38:11.646 2001 INFO eventlet.wsgi.server [req-446e435b-cf19-4dad-8ea1-6dc44c2878c1 9b1f9b36d7354b1ea121ccfbae339d8b 85a11a1515f94848be7aa5b56adec8bf - - -] 192.168.0.10 - - [04/Oct/2015 15:38:11] "GET /v1/images/detail?is_public=None&limit=20 HTTP/1.1" 200 713 0.255858
2015-10-04 15:39:57.797 1028 INFO glance.common.wsgi [-] Removed dead child 2021
2015-10-04 15:39:57.902 1028 INFO glance.common.wsgi [-] Started child 6614
2015-10-04 15:39:57.937 6614 INFO eventlet.wsgi.server [-] (6614) wsgi starting up on http://0.0.0.0:9292/
2015-10-04 15:39:57.944 6614 INFO eventlet.wsgi.server [-] (6614) wsgi exited, is_accepting=True
2015-10-04 15:39:58.145 6614 INFO glance.common.wsgi [-] Child 6614 exiting normally
2015-10-04 15:40:54.148 968 WARNING oslo_config.cfg [-] Option "filesystem_store_datadir" from group "DEFAULT" is deprecated. Use option "filesystem_store_datadir" from group "glance_store".
2015-10-04 15:40:54.175 968 INFO glance.common.wsgi [-] Starting 4 workers
2015-10-04 15:40:54.262 968 INFO glance.common.wsgi [-] Started child 1864
2015-10-04 15:40:54.272 1864 INFO eventlet.wsgi.server [-] (1864) wsgi starting up on http://0.0.0.0:9292/
2015-10-04 15:40:54.342 968 INFO glance.common.wsgi [-] Started child 1870
2015-10-04 15:40:54.358 1870 INFO eventlet.wsgi.server [-] (1870) wsgi starting up on http://0.0.0.0:9292/
2015-10-04 15:40:54.450 968 INFO glance.common.wsgi [-] Started child 1879
2015-10-04 15:40:54.445 1879 INFO eventlet.wsgi.server [-] (1879) wsgi starting up on http://0.0.0.0:9292/
2015-10-04 15:40:54.519 968 INFO glance.common.wsgi [-] Started child 1884
2015-10-04 15:40:54.581 1884 INFO eventlet.wsgi.server [-] (1884) wsgi starting up on http://0.0.0.0:9292/
2015-10-04 15:48:11.521 1879 INFO eventlet.wsgi.server [req-4462ee63-ee1b-490b-872a-4610f3476d19 9b1f9b36d7354b1ea121ccfbae339d8b 85a11a1515f94848be7aa5b56adec8bf - - -] 192.168.0.10 - - [04/Oct/2015 15:48:11] "HEAD /v1/images/8a724f78-2673-4ea1-b607-373626a15afb HTTP/1.1" 200 817 0.873652
2015-10-04 15:50:52.996 1870 INFO eventlet.wsgi.server [req-022ca46a-1422-42fb-b3e8-eba193497c1c 9b1f9b36d7354b1ea121ccfbae339d8b 85a11a1515f94848be7aa5b56adec8bf - - -] 192.168.0.10 - - [04/Oct/2015 15:50:52] "GET /v1/images/detail?is_public=None&limit=20 HTTP/1.1" 200 713 0.811490
2015-10-04 15:58:06.562 1884 INFO eventlet.wsgi.server [req-6cc47c27-73d0-45c4-999c-a72fab0e6e8b 9b1f9b36d7354b1ea121ccfbae339d8b 85a11a1515f94848be7aa5b56adec8bf - - -] 192.168.0.10 - - [04/Oct/2015 15:58:06] "HEAD /v1/images/8a724f78-2673-4ea1-b607-373626a15afb HTTP/1.1" 200 817 0.415891
2015-10-04 16:00:51.808 1864 INFO eventlet.wsgi.server [req-17572850-2744-42df-b718-dabd35f94f87 9b1f9b36d7354b1ea121ccfbae339d8b 85a11a1515f94848be7aa5b56adec8bf - - -] 192.168.0.10 - - [04/Oct/2015 16:00:51] "GET /v1/images/detail?is_public=None&limit=20 HTTP/1.1" 200 713 0.482366
2015-10-04 16:08:06.167 1870 INFO eventlet.wsgi.server [req-23edcf61-a62b-4b05-9829-3f4f6d30fed6 9b1f9b36d7354b1ea121ccfbae339d8b 85a11a1515f94848be7aa5b56adec8bf - - -] 192.168.0.10 - - [04/Oct/2015 16:08:06] "HEAD /v1/images/8a724f78-2673-4ea1-b607-373626a15afb HTTP/1.1" 200 817 0.237791
2015-10-04 16:10:52.047 1884 INFO eventlet.wsgi.server [req-25358af6-9d88-43e1-b5bd-747794330f1e 9b1f9b36d7354b1ea121ccfbae339d8b 85a11a1515f94848be7aa5b56adec8bf - - -] 192.168.0.10 - - [04/Oct/2015 16:10:52] "GET /v1/images/detail?is_public=None&limit=20 HTTP/1.1" 200 713 0.679678
2015-10-04 16:18:06.120 1879 INFO eventlet.wsgi.server [req-b3b923fd-c419-49ad-a520-3eea5125f9ed 9b1f9b36d7354b1ea121ccfbae339d8b 85a11a1515f94848be7aa5b56adec8bf - - -] 192.168.0.10 - - [04/Oct/2015 16:18:06] "HEAD /v1/images/8a724f78-2673-4ea1-b607-373626a15afb HTTP/1.1" 200 817 0.221170
2015-10-04 16:20:51.479 1870 INFO eventlet.wsgi.server [req-2dd979f4-846e-4b6a-bd44-d1850c1de1e0 9b1f9b36d7354b1ea121ccfbae339d8b 85a11a1515f94848be7aa5b56adec8bf - - -] 192.168.0.10 - - [04/Oct/2015 16:20:51] "GET /v1/images/detail?is_public=None&limit=20 HTTP/1.1" 200 713 0.253924
2015-10-04 16:28:06.185 1884 INFO eventlet.wsgi.server [req-9dc6848c-ceeb-452b-b17f-e0ed7187a990 9b1f9b36d7354b1ea121ccfbae339d8b 85a11a1515f94848be7aa5b56adec8bf - - -] 192.168.0.10 - - [04/Oct/2015 16:28:06] "HEAD /v1/images/8a724f78-2673-4ea1-b607-373626a15afb HTTP/1.1" 200 817 0.218798
2015-10-04 16:30:51.828 1879 INFO eventlet.wsgi.server [req-6793a48a-92d1-4587-a2da-110bbf4f496c 9b1f9b36d7354b1ea121ccfbae339d8b 85a11a1515f94848be7aa5b56adec8bf - - -] 192.168.0.10 - - [04/Oct/2015 16:30:51] "GET /v1/images/detail?is_public=None&limit=20 HTTP/1.1" 200 713 0.649521
2015-10-04 16:38:06.559 1884 INFO eventlet.wsgi.server [req-de926b6f-ff0a-4e4b-a8a4-4afa294ac998 9b1f9b36d7354b1ea121ccfbae339d8b 85a11a1515f94848be7aa5b56adec8bf - - -] 192.168.0.10 - - [04/Oct/2015 16:38:06] "HEAD /v1/images/8a724f78-2673-4ea1-b607-373626a15afb HTTP/1.1" 200 817 0.241929
2015-10-04 16:40:51.694 1879 INFO eventlet.wsgi.server [req-183a0335-8892-4ba4-a803-eb4bc2eb3a3d 9b1f9b36d7354b1ea121ccfbae339d8b 85a11a1515f94848be7aa5b56adec8bf - - -] 192.168.0.10 - - [04/Oct/2015 16:40:51] "GET /v1/images/detail?is_public=None&limit=20 HTTP/1.1" 200 713 0.233178
2015-10-04 16:48:06.410 1864 INFO eventlet.wsgi.server [req-3de3bb42-07d6-40fb-ba6e-7a8e42a3d6de 9b1f9b36d7354b1ea121ccfbae339d8b 85a11a1515f94848be7aa5b56adec8bf - - -] 192.168.0.10 - - [04/Oct/2015 16:48:06] "HEAD /v1/images/8a724f78-2673-4ea1-b607-373626a15afb HTTP/1.1" 200 817 0.232547
2015-10-04 16:50:52.470 1870 INFO eventlet.wsgi.server [req-91926ef9-c523-4e04-ba0e-c58dd9395a8c 9b1f9b36d7354b1ea121ccfbae339d8b 85a11a1515f94848be7aa5b56adec8bf - - -] 192.168.0.10 - - [04/Oct/2015 16:50:52] "GET /v1/images/detail?is_public=None&limit=20 HTTP/1.1" 200 713 0.425562
2015-10-04 16:58:06.510 1870 INFO eventlet.wsgi.server [req-1e4fe862-db87-4e1f-b129-18577c94c2dc 9b1f9b36d7354b1ea121ccfbae339d8b 85a11a1515f94848be7aa5b56adec8bf - - -] 192.168.0.10 - - [04/Oct/2015 16:58:06] "HEAD /v1/images/8a724f78-2673-4ea1-b607-373626a15afb HTTP/1.1" 200 817 0.219165
2015-10-04 17:00:51.595 1884 INFO eventlet.wsgi.server [req-29f6aa04-736f-45c3-94cd-48d3b2982842 9b1f9b36d7354b1ea121ccfbae339d8b 85a11a1515f94848be7aa5b56adec8bf - - -] 192.168.0.10 - - [04/Oct/2015 17:00:51] "GET /v1/images/detail?is_public=None&limit=20 HTTP/1.1" 200 713 0.355811
2015-10-04 17:08:06.442 1879 INFO eventlet.wsgi.server [req-e46d866d-a4d3-4476-b47e-5c53d891928a 9b1f9b36d7354b1ea121ccfbae339d8b 85a11a1515f94848be7aa5b56adec8bf - - -] 192.168.0.10 - - [04/Oct/2015 17:08:06] "HEAD /v1/images/8a724f78-2673-4ea1-b607-373626a15afb HTTP/1.1" 200 817 0.474630
2015-10-04 17:10:51.534 1884 INFO eventlet.wsgi.server [req-d59258eb-3906-45cc-b152-359bf8930ada 9b1f9b36d7354b1ea121ccfbae339d8b 85a11a1515f94848be7aa5b56adec8bf - - -] 192.168.0.10 - - [04/Oct/2015 17:10:51] "GET /v1/images/detail?is_public=None&limit=20 HTTP/1.1" 200 713 0.266630
2015-10-04 17:18:06.228 1870 INFO eventlet.wsgi.server [req-76bc0430-b8b6-4a1a-ab19-cdbfe1dbf950 9b1f9b36d7354b1ea121ccfbae339d8b 85a11a1515f94848be7aa5b56adec8bf - - -] 192.168.0.10 - - [04/Oct/2015 17:18:06] "HEAD /v1/images/8a724f78-2673-4ea1-b607-373626a15afb HTTP/1.1" 200 817 0.344481
2015-10-04 17:20:51.803 1864 INFO eventlet.wsgi.server [req-ddef4197-7045-4207-94d0-67d731db02b9 9b1f9b36d7354b1ea121ccfbae339d8b 85a11a1515f94848be7aa5b56adec8bf - - -] 192.168.0.10 - - [04/Oct/2015 17:20:51] "GET /v1/images/detail?is_public=None&limit=20 HTTP/1.1" 200 713 0.547442
2015-10-04 17:28:06.132 1884 INFO eventlet.wsgi.server [req-8bc5ef11-5652-4e11-9876-ab4ebde82b5f 9b1f9b36d7354b1ea121ccfbae339d8b 85a11a1515f94848be7aa5b56adec8bf - - -] 192.168.0.10 - - [04/Oct/2015 17:28:06] "HEAD /v1/images/8a724f78-2673-4ea1-b607-373626a15afb HTTP/1.1" 200 817 0.208278
2015-10-04 17:30:51.511 1884 INFO eventlet.wsgi.server [req-65dda7d4-4a8b-4dca-bcd8-b08d139bfbfb 9b1f9b36d7354b1ea121ccfbae339d8b 85a11a1515f94848be7aa5b56adec8bf - - -] 192.168.0.10 - - [04/Oct/2015 17:30:51] "GET /v1/images/detail?is_public=None&limit=20 HTTP/1.1" 200 713 0.254655
2015-10-04 17:38:06.075 1870 INFO eventlet.wsgi.server [req-bdf451b8-76b5-4697-91d9-e593caee6886 9b1f9b36d7354b1ea121ccfbae339d8b 85a11a1515f94848be7aa5b56adec8bf - - -] 192.168.0.10 - - [04/Oct/2015 17:38:06] "HEAD /v1/images/8a724f78-2673-4ea1-b607-373626a15afb HTTP/1.1" 200 817 0.227051
2015-10-04 17:40:51.547 1879 INFO eventlet.wsgi.server [req-8fcdb7fe-f7af-4fc6-b368-1bd0097a769c 9b1f9b36d7354b1ea121ccfbae339d8b 85a11a1515f94848be7aa5b56adec8bf - - -] 192.168.0.10 - - [04/Oct/2015 17:40:51] "GET /v1/images/detail?is_public=None&limit=20 HTTP/1.1" 200 713 0.262886
2015-10-04 17:48:06.252 1870 INFO eventlet.wsgi.server [req-3cbe89ea-3f85-4e88-9fbd-de8e493bd54c 9b1f9b36d7354b1ea121ccfbae339d8b 85a11a1515f94848be7aa5b56adec8bf - - -] 192.168.0.10 - - [04/Oct/2015 17:48:06] "HEAD /v1/images/8a724f78-2673-4ea1-b607-373626a15afb HTTP/1.1" 200 817 0.226455
2015-10-04 17:50:52.278 1879 INFO eventlet.wsgi.server [req-84aa3af0-122b-4935-8160-61862ce7e127 9b1f9b36d7354b1ea121ccfbae339d8b 85a11a1515f94848be7aa5b56adec8bf - - -] 192.168.0.10 - - [04/Oct/2015 17:50:52] "GET /v1/images/detail?is_public=None&limit=20 HTTP/1.1" 200 713 0.319776
2015-10-04 17:58:06.527 1884 INFO eventlet.wsgi.server [req-b30c22bf-1c8f-4151-817d-894df9750f34 9b1f9b36d7354b1ea121ccfbae339d8b 85a11a1515f94848be7aa5b56adec8bf - - -] 192.168.0.10 - - [04/Oct/2015 17:58:06] "HEAD /v1/images/8a724f78-2673-4ea1-b607-373626a15afb HTTP/1.1" 200 817 0.340496
2015-10-04 18:00:51.776 1870 INFO eventlet.wsgi.server [req-4b460022-27a6-4532-b60a-8127263b0507 9b1f9b36d7354b1ea121ccfbae339d8b 85a11a1515f94848be7aa5b56adec8bf - - -] 192.168.0.10 - - [04/Oct/2015 18:00:51] "GET /v1/images/detail?is_public=None&limit=20 HTTP/1.1" 200 713 0.375863
2015-10-04 18:08:06.257 1879 INFO eventlet.wsgi.server [req-be3aa3a7-d0d6-441e-829d-dd2b48cdaab1 9b1f9b36d7354b1ea121ccfbae339d8b 85a11a1515f94848be7aa5b56adec8bf - - -] 192.168.0.10 - - [04/Oct/2015 18:08:06] "HEAD /v1/images/8a724f78-2673-4ea1-b607-373626a15afb HTTP/1.1" 200 817 0.440177
2015-10-04 18:10:51.593 1884 INFO eventlet.wsgi.server [req-ac73f462-79d4-430c-89da-200adfda2589 9b1f9b36d7354b1ea121ccfbae339d8b 85a11a1515f94848be7aa5b56adec8bf - - -] 192.168.0.10 - - [04/Oct/2015 18:10:51] "GET /v1/images/detail?is_public=None&limit=20 HTTP/1.1" 200 713 0.360828
2015-10-04 18:18:06.256 1870 INFO eventlet.wsgi.server [req-5e0471f7-a27c-4941-ab4e-bb94380d965d 9b1f9b36d7354b1ea121ccfbae339d8b 85a11a1515f94848be7aa5b56adec8bf - - -] 192.168.0.10 - - [04/Oct/2015 18:18:06] "HEAD /v1/images/8a724f78-2673-4ea1-b607-373626a15afb HTTP/1.1" 200 817 0.333860
2015-10-04 18:20:51.747 1864 INFO eventlet.wsgi.server [req-9600a905-0ab5-4487-8bd3-ebe4259e6b13 9b1f9b36d7354b1ea121ccfbae339d8b 85a11a1515f94848be7aa5b56adec8bf - - -] 192.168.0.10 - - [04/Oct/2015 18:20:51] "GET /v1/images/detail?is_public=None&limit=20 HTTP/1.1" 200 713 0.440770
2015-10-04 18:28:06.196 1884 INFO eventlet.wsgi.server [req-3008c612-f169-4aba-81b0-aec5e5f8f7fd 9b1f9b36d7354b1ea121ccfbae339d8b 85a11a1515f94848be7aa5b56adec8bf - - -] 192.168.0.10 - - [04/Oct/2015 18:28:06] "HEAD /v1/images/8a724f78-2673-4ea1-b607-373626a15afb HTTP/1.1" 200 817 0.218838
2015-10-04 18:30:51.505 1879 INFO eventlet.wsgi.server [req-d94e7e8d-05bb-453a-9a48-e208a485868c 9b1f9b36d7354b1ea121ccfbae339d8b 85a11a1515f94848be7aa5b56adec8bf - - -] 192.168.0.10 - - [04/Oct/2015 18:30:51] "GET /v1/images/detail?is_public=None&limit=20 HTTP/1.1" 200 713 0.244863
2015-10-04 18:38:06.121 1879 INFO eventlet.wsgi.server [req-d356d005-ff54-4b01-bd2d-415824ac62d5 9b1f9b36d7354b1ea121ccfbae339d8b 85a11a1515f94848be7aa5b56adec8bf - - -] 192.168.0.10 - - [04/Oct/2015 18:38:06] "HEAD /v1/images/8a724f78-2673-4ea1-b607-373626a15afb HTTP/1.1" 200 817 0.213468
2015-10-04 18:40:51.514 1870 INFO eventlet.wsgi.server [req-7a1b8e82-059c-4876-9804-c4a9ed0d9a7d 9b1f9b36d7354b1ea121ccfbae339d8b 85a11a1515f94848be7aa5b56adec8bf - - -] 192.168.0.10 - - [04/Oct/2015 18:40:51] "GET /v1/images/detail?is_public=None&limit=20 HTTP/1.1" 200 713 0.262650
2015-10-04 18:48:06.080 1864 INFO eventlet.wsgi.server [req-af3b5a9d-10a0-4bf9-9b7a-276426be842f 9b1f9b36d7354b1ea121ccfbae339d8b 85a11a1515f94848be7aa5b56adec8bf - - -] 192.168.0.10 - - [04/Oct/2015 18:48:06] "HEAD /v1/images/8a724f78-2673-4ea1-b607-373626a15afb HTTP/1.1" 200 817 0.243658
2015-10-04 18:50:52.262 1870 INFO eventlet.wsgi.server [req-41bcb05d-9cd9-41a0-a948-876a32cd22b1 9b1f9b36d7354b1ea121ccfbae339d8b 85a11a1515f94848be7aa5b56adec8bf - - -] 192.168.0.10 - - [04/Oct/2015 18:50:52] "GET /v1/images/detail?is_public=None&limit=20 HTTP/1.1" 200 713 0.329950
2015-10-04 18:58:06.525 1864 INFO eventlet.wsgi.server [req-faba0c86-cb12-4d42-a06c-7d51977f325f 9b1f9b36d7354b1ea121ccfbae339d8b 85a11a1515f94848be7aa5b56adec8bf - - -] 192.168.0.10 - - [04/Oct/2015 18:58:06] "HEAD /v1/images/8a724f78-2673-4ea1-b607-373626a15afb HTTP/1.1" 200 817 0.237410
2015-10-04 19:00:51.715 1870 INFO eventlet.wsgi.server [req-a43b6b3d-6c58-4f0b-8ba6-967e9e2afdce 9b1f9b36d7354b1ea121ccfbae339d8b 85a11a1515f94848be7aa5b56adec8bf - - -] 192.168.0.10 - - [04/Oct/2015 19:00:51] "GET /v1/images/detail?is_public=None&limit=20 HTTP/1.1" 200 713 0.340740
2015-10-04 19:08:06.411 1879 INFO eventlet.wsgi.server [req-763bea59-d74f-4581-b968-7029e98b7c61 9b1f9b36d7354b1ea121ccfbae339d8b 85a11a1515f94848be7aa5b56adec8bf - - -] 192.168.0.10 - - [04/Oct/2015 19:08:06] "HEAD /v1/images/8a724f78-2673-4ea1-b607-373626a15afb HTTP/1.1" 200 817 0.358010
2015-10-04 19:10:51.622 1884 INFO eventlet.wsgi.server [req-8825eec0-b69e-417b-bc44-8468dfc2ddd9 9b1f9b36d7354b1ea121ccfbae339d8b 85a11a1515f94848be7aa5b56adec8bf - - -] 192.168.0.10 - - [04/Oct/2015 19:10:51] "GET /v1/images/detail?is_public=None&limit=20 HTTP/1.1" 200 713 0.358080
2015-10-04 19:18:06.317 1864 INFO eventlet.wsgi.server [req-6fcaec2d-a76f-4b7e-8176-0769785bcccc 9b1f9b36d7354b1ea121ccfbae339d8b 85a11a1515f94848be7aa5b56adec8bf - - -] 192.168.0.10 - - [04/Oct/2015 19:18:06] "HEAD /v1/images/8a724f78-2673-4ea1-b607-373626a15afb HTTP/1.1" 200 817 0.391360
2015-10-04 19:20:51.653 1884 INFO eventlet.wsgi.server [req-0ca13cc7-d156-468b-ae4f-0b69308f2a28 9b1f9b36d7354b1ea121ccfbae339d8b 85a11a1515f94848be7aa5b56adec8bf - - -] 192.168.0.10 - - [04/Oct/2015 19:20:51] "GET /v1/images/detail?is_public=None&limit=20 HTTP/1.1" 200 713 0.391055
2015-10-04 19:28:06.131 1879 INFO eventlet.wsgi.server [req-48ff85f7-aee8-456e-8123-3a1664c52a23 9b1f9b36d7354b1ea121ccfbae339d8b 85a11a1515f94848be7aa5b56adec8bf - - -] 192.168.0.10 - - [04/Oct/2015 19:28:06] "HEAD /v1/images/8a724f78-2673-4ea1-b607-373626a15afb HTTP/1.1" 200 817 0.240303
2015-10-04 19:30:51.546 1884 INFO eventlet.wsgi.server [req-03e30e81-0295-405e-a920-0e69bb6edaee 9b1f9b36d7354b1ea121ccfbae339d8b 85a11a1515f94848be7aa5b56adec8bf - - -] 192.168.0.10 - - [04/Oct/2015 19:30:51] "GET /v1/images/detail?is_public=None&limit=20 HTTP/1.1" 200 713 0.268292
2015-10-04 19:38:06.117 1870 INFO eventlet.wsgi.server [req-b1a6958f-70a1-4c82-9270-9e59c020b0c5 9b1f9b36d7354b1ea121ccfbae339d8b 85a11a1515f94848be7aa5b56adec8bf - - -] 192.168.0.10 - - [04/Oct/2015 19:38:06] "HEAD /v1/images/8a724f78-2673-4ea1-b607-373626a15afb HTTP/1.1" 200 817 0.221581
2015-10-04 19:40:51.692 1879 INFO eventlet.wsgi.server [req-4c4b8af7-882f-430d-a4ce-be72cc0d2d34 9b1f9b36d7354b1ea121ccfbae339d8b 85a11a1515f94848be7aa5b56adec8bf - - -] 192.168.0.10 - - [04/Oct/2015 19:40:51] "GET /v1/images/detail?is_public=None&limit=20 HTTP/1.1" 200 713 0.387062
2015-10-04 19:48:06.295 1864 INFO eventlet.wsgi.server [req-7504290d-357b-4337-870a-804c1b8871a6 9b1f9b36d7354b1ea121ccfbae339d8b 85a11a1515f94848be7aa5b56adec8bf - - -] 192.168.0.10 - - [04/Oct/2015 19:48:06] "HEAD /v1/images/8a724f78-2673-4ea1-b607-373626a15afb HTTP/1.1" 200 817 0.351549
2015-10-04 19:50:52.228 1879 INFO eventlet.wsgi.server [req-6b4d8070-2080-4108-8bb6-36e5aae95c4c 9b1f9b36d7354b1ea121ccfbae339d8b 85a11a1515f94848be7aa5b56adec8bf - - -] 192.168.0.10 - - [04/Oct/2015 19:50:52] "GET /v1/images/detail?is_public=None&limit=20 HTTP/1.1" 200 713 0.488404
2015-10-04 19:58:06.418 1879 INFO eventlet.wsgi.server [req-c1a3ac7c-70be-4b95-a6fe-ce0d2e87e81f 9b1f9b36d7354b1ea121ccfbae339d8b 85a11a1515f94848be7aa5b56adec8bf - - -] 192.168.0.10 - - [04/Oct/2015 19:58:06] "HEAD /v1/images/8a724f78-2673-4ea1-b607-373626a15afb HTTP/1.1" 200 817 0.218186
2015-10-04 20:00:51.916 1884 INFO eventlet.wsgi.server [req-5453170d-978a-4034-82ad-32853cfe2639 9b1f9b36d7354b1ea121ccfbae339d8b 85a11a1515f94848be7aa5b56adec8bf - - -] 192.168.0.10 - - [04/Oct/2015 20:00:51] "GET /v1/images/detail?is_public=None&limit=20 HTTP/1.1" 200 713 0.241133
2015-10-04 20:08:06.100 1864 INFO eventlet.wsgi.server [req-d4c6f874-6d34-43e2-ad45-a8607919a57b 9b1f9b36d7354b1ea121ccfbae339d8b 85a11a1515f94848be7aa5b56adec8bf - - -] 192.168.0.10 - - [04/Oct/2015 20:08:06] "HEAD /v1/images/8a724f78-2673-4ea1-b607-373626a15afb HTTP/1.1" 200 817 0.237110
2015-10-04 20:10:51.539 1864 INFO eventlet.wsgi.server [req-3243d7c9-c21d-4397-bc13-5594af87b544 9b1f9b36d7354b1ea121ccfbae339d8b 85a11a1515f94848be7aa5b56adec8bf - - -] 192.168.0.10 - - [04/Oct/2015 20:10:51] "GET /v1/images/detail?is_public=None&limit=20 HTTP/1.1" 200 713 0.248353
2015-10-04 20:18:06.235 1884 INFO eventlet.wsgi.server [req-106d1fda-b551-490b-a619-7bb1e385c2e1 9b1f9b36d7354b1ea121ccfbae339d8b 85a11a1515f94848be7aa5b56adec8bf - - -] 192.168.0.10 - - [04/Oct/2015 20:18:06] "HEAD /v1/images/8a724f78-2673-4ea1-b607-373626a15afb HTTP/1.1" 200 817 0.334069
2015-10-04 20:20:51.937 1870 INFO eventlet.wsgi.server [req-92f77ee8-41c1-455d-9d0f-f5a9f4ec7821 9b1f9b36d7354b1ea121ccfbae339d8b 85a11a1515f94848be7aa5b56adec8bf - - -] 192.168.0.10 - - [04/Oct/2015 20:20:51] "GET /v1/images/detail?is_public=None&limit=20 HTTP/1.1" 200 713 0.528833
2015-10-04 20:22:47.972 1879 INFO eventlet.wsgi.server [req-29e43cd1-60cf-4f30-aee8-3b39e33a75aa 9b1f9b36d7354b1ea121ccfbae339d8b 85a11a1515f94848be7aa5b56adec8bf - - -] 192.168.0.10 - - [04/Oct/2015 20:22:47] "HEAD /v1/images/8a724f78-2673-4ea1-b607-373626a15afb HTTP/1.1" 200 817 0.506158
2015-10-04 20:30:51.520 1864 INFO eventlet.wsgi.server [req-899f27a9-351e-48b9-88d2-a95b10ea61f0 9b1f9b36d7354b1ea121ccfbae339d8b 85a11a1515f94848be7aa5b56adec8bf - - -] 192.168.0.10 - - [04/Oct/2015 20:30:51] "GET /v1/images/detail?is_public=None&limit=20 HTTP/1.1" 200 713 0.238794
2015-10-04 20:40:51.496 1879 INFO eventlet.wsgi.server [req-7b7d2122-20b2-4d6d-bdaa-3a6c9a9cbe43 9b1f9b36d7354b1ea121ccfbae339d8b 85a11a1515f94848be7aa5b56adec8bf - - -] 192.168.0.10 - - [04/Oct/2015 20:40:51] "GET /v1/images/detail?is_public=None&limit=20 HTTP/1.1" 200 713 0.238398
2015-10-04 20:50:51.791 1879 INFO eventlet.wsgi.server [req-7fe0d31e-7e60-4869-af1e-7205da390512 9b1f9b36d7354b1ea121ccfbae339d8b 85a11a1515f94848be7aa5b56adec8bf - - -] 192.168.0.10 - - [04/Oct/2015 20:50:51] "GET /v1/images/detail?is_public=None&limit=20 HTTP/1.1" 200 713 0.232335
2015-10-04 21:00:52.021 1864 INFO eventlet.wsgi.server [req-4f33a0f3-c7aa-43f6-83dc-96a72b95e23e 9b1f9b36d7354b1ea121ccfbae339d8b 85a11a1515f94848be7aa5b56adec8bf - - -] 192.168.0.10 - - [04/Oct/2015 21:00:52] "GET /v1/images/detail?is_public=None&limit=20 HTTP/1.1" 200 713 0.489291
2015-10-04 21:10:51.799 1870 INFO eventlet.wsgi.server [req-21a4fb57-7a45-475f-9238-afbe0cd36ea8 9b1f9b36d7354b1ea121ccfbae339d8b 85a11a1515f94848be7aa5b56adec8bf - - -] 192.168.0.10 - - [04/Oct/2015 21:10:51] "GET /v1/images/detail?is_public=None&limit=20 HTTP/1.1" 200 713 0.390941
2015-10-04 21:19:00.864 1884 INFO eventlet.wsgi.server [req-7e3a355b-f94f-4fd3-bd41-215b4e61e27f ce6cdeec4c5147559b49659801b7a8e7 6eeec5f15aa14710b658f63ffc75b750 - - -] 192.168.0.10 - - [04/Oct/2015 21:19:00] "GET /v1/images/detail?sort_key=created_at&sort_dir=desc&status=active&limit=1000&is_public=True HTTP/1.1" 200 713 0.412383
2015-10-04 21:19:01.035 1884 INFO eventlet.wsgi.server [req-06d0c185-60c1-446d-95ab-5f19d1ebae05 ce6cdeec4c5147559b49659801b7a8e7 6eeec5f15aa14710b658f63ffc75b750 - - -] 192.168.0.10 - - [04/Oct/2015 21:19:01] "GET /v1/images/detail?sort_key=created_at&sort_dir=desc&property-owner_id=6eeec5f15aa14710b658f63ffc75b750&status=active&limit=1000 HTTP/1.1" 200 231 0.168196
2015-10-04 21:20:03.056 1879 INFO eventlet.wsgi.server [req-f011d8c9-1c33-4ea0-a510-96cd6a7f7a7b ce6cdeec4c5147559b49659801b7a8e7 6eeec5f15aa14710b658f63ffc75b750 - - -] 192.168.0.10 - - [04/Oct/2015 21:20:03] "GET /v1/images/detail?sort_key=created_at&sort_dir=desc&status=active&limit=1000&is_public=True HTTP/1.1" 200 713 0.189504
2015-10-04 21:20:03.113 1879 INFO eventlet.wsgi.server [req-f3d16d2f-9832-48c3-b7dc-7a3dcd4f81cb ce6cdeec4c5147559b49659801b7a8e7 6eeec5f15aa14710b658f63ffc75b750 - - -] 192.168.0.10 - - [04/Oct/2015 21:20:03] "GET /v1/images/detail?sort_key=created_at&sort_dir=desc&property-owner_id=6eeec5f15aa14710b658f63ffc75b750&status=active&limit=1000 HTTP/1.1" 200 231 0.054147
2015-10-04 21:20:51.471 1879 INFO eventlet.wsgi.server [req-67a5c026-2d66-4610-8005-bd7236e81547 9b1f9b36d7354b1ea121ccfbae339d8b 85a11a1515f94848be7aa5b56adec8bf - - -] 192.168.0.10 - - [04/Oct/2015 21:20:51] "GET /v1/images/detail?is_public=None&limit=20 HTTP/1.1" 200 713 0.263446
2015-10-04 21:21:44.475 1864 INFO eventlet.wsgi.server [req-df009579-c0c7-435d-8a73-365b03d6ff9d ce6cdeec4c5147559b49659801b7a8e7 6eeec5f15aa14710b658f63ffc75b750 - - -] 192.168.0.10 - - [04/Oct/2015 21:21:44] "GET /v1/images/detail?sort_key=created_at&sort_dir=desc&status=active&limit=1000&is_public=True HTTP/1.1" 200 713 0.206048
2015-10-04 21:21:44.543 1864 INFO eventlet.wsgi.server [req-999a10aa-2c79-4e03-9fd2-aedcfe6017da ce6cdeec4c5147559b49659801b7a8e7 6eeec5f15aa14710b658f63ffc75b750 - - -] 192.168.0.10 - - [04/Oct/2015 21:21:44] "GET /v1/images/detail?sort_key=created_at&sort_dir=desc&property-owner_id=6eeec5f15aa14710b658f63ffc75b750&status=active&limit=1000 HTTP/1.1" 200 231 0.058801
2015-10-04 21:21:45.438 1879 INFO eventlet.wsgi.server [req-e6364da5-dc0c-4bb1-9317-e255c9b520ee ce6cdeec4c5147559b49659801b7a8e7 6eeec5f15aa14710b658f63ffc75b750 - - -] 192.168.0.10 - - [04/Oct/2015 21:21:45] "HEAD /v1/images/8a724f78-2673-4ea1-b607-373626a15afb HTTP/1.1" 200 817 0.047769
2015-10-04 21:21:47.105 1870 INFO eventlet.wsgi.server [req-e11c5a34-4f5a-4719-ad6f-db12ccb5e2df ce6cdeec4c5147559b49659801b7a8e7 6eeec5f15aa14710b658f63ffc75b750 - - -] 192.168.0.10 - - [04/Oct/2015 21:21:47] "GET /v1/images/detail?sort_key=created_at&sort_dir=desc&limit=1000 HTTP/1.1" 200 713 0.532214
2015-10-04 21:21:47.363 1884 WARNING oslo_config.cfg [req-0b8df498-aeee-4a4f-96ee-d40dc089e2cb ce6cdeec4c5147559b49659801b7a8e7 6eeec5f15aa14710b658f63ffc75b750 - - -] Option "rabbit_virtual_host" from group "DEFAULT" is deprecated. Use option "rabbit_virtual_host" from group "oslo_messaging_rabbit".
2015-10-04 21:21:47.364 1884 WARNING oslo_config.cfg [req-0b8df498-aeee-4a4f-96ee-d40dc089e2cb ce6cdeec4c5147559b49659801b7a8e7 6eeec5f15aa14710b658f63ffc75b750 - - -] Option "rabbit_hosts" from group "DEFAULT" is deprecated. Use option "rabbit_hosts" from group "oslo_messaging_rabbit".
2015-10-04 21:21:47.365 1884 WARNING oslo_config.cfg [req-0b8df498-aeee-4a4f-96ee-d40dc089e2cb ce6cdeec4c5147559b49659801b7a8e7 6eeec5f15aa14710b658f63ffc75b750 - - -] Option "rabbit_port" from group "DEFAULT" is deprecated. Use option "rabbit_port" from group "oslo_messaging_rabbit".
2015-10-04 21:21:47.365 1884 WARNING oslo_config.cfg [req-0b8df498-aeee-4a4f-96ee-d40dc089e2cb ce6cdeec4c5147559b49659801b7a8e7 6eeec5f15aa14710b658f63ffc75b750 - - -] Option "rabbit_userid" from group "DEFAULT" is deprecated. Use option "rabbit_userid" from group "oslo_messaging_rabbit".
2015-10-04 21:21:47.366 1884 WARNING oslo_config.cfg [req-0b8df498-aeee-4a4f-96ee-d40dc089e2cb ce6cdeec4c5147559b49659801b7a8e7 6eeec5f15aa14710b658f63ffc75b750 - - -] Option "rabbit_password" from group "DEFAULT" is deprecated. Use option "rabbit_password" from group "oslo_messaging_rabbit".
2015-10-04 21:21:47.367 1884 WARNING oslo_config.cfg [req-0b8df498-aeee-4a4f-96ee-d40dc089e2cb ce6cdeec4c5147559b49659801b7a8e7 6eeec5f15aa14710b658f63ffc75b750 - - -] Option "rabbit_use_ssl" from group "DEFAULT" is deprecated. Use option "rabbit_use_ssl" from group "oslo_messaging_rabbit".
2015-10-04 21:21:47.405 1884 INFO oslo_messaging._drivers.impl_rabbit [req-0b8df498-aeee-4a4f-96ee-d40dc089e2cb ce6cdeec4c5147559b49659801b7a8e7 6eeec5f15aa14710b658f63ffc75b750 - - -] Connecting to AMQP server on 192.168.0.10:5672
2015-10-04 21:21:47.423 1884 INFO oslo_messaging._drivers.impl_rabbit [req-0b8df498-aeee-4a4f-96ee-d40dc089e2cb ce6cdeec4c5147559b49659801b7a8e7 6eeec5f15aa14710b658f63ffc75b750 - - -] Connected to AMQP server on 192.168.0.10:5672
2015-10-04 21:21:47.424 1884 WARNING oslo_config.cfg [req-0b8df498-aeee-4a4f-96ee-d40dc089e2cb ce6cdeec4c5147559b49659801b7a8e7 6eeec5f15aa14710b658f63ffc75b750 - - -] Option "rabbit_ha_queues" from group "DEFAULT" is deprecated. Use option "rabbit_ha_queues" from group "oslo_messaging_rabbit".
2015-10-04 21:21:47.432 1884 INFO eventlet.wsgi.server [req-0b8df498-aeee-4a4f-96ee-d40dc089e2cb ce6cdeec4c5147559b49659801b7a8e7 6eeec5f15aa14710b658f63ffc75b750 - - -] 192.168.0.13 - - [04/Oct/2015 21:21:47] "GET /v1/images/8a724f78-2673-4ea1-b607-373626a15afb HTTP/1.1" 200 13201720 0.349929
2015-10-04 21:21:49.132 1884 INFO eventlet.wsgi.server [req-92ce7b01-2483-46c4-ae8c-4afe8c507e59 ce6cdeec4c5147559b49659801b7a8e7 6eeec5f15aa14710b658f63ffc75b750 - - -] 192.168.0.10 - - [04/Oct/2015 21:21:49] "HEAD /v1/images/8a724f78-2673-4ea1-b607-373626a15afb HTTP/1.1" 200 817 0.059884
2015-10-04 21:21:52.612 1884 INFO eventlet.wsgi.server [req-a72cad0d-d67f-45d8-84f7-e12700009464 ce6cdeec4c5147559b49659801b7a8e7 6eeec5f15aa14710b658f63ffc75b750 - - -] 192.168.0.10 - - [04/Oct/2015 21:21:52] "HEAD /v1/images/8a724f78-2673-4ea1-b607-373626a15afb HTTP/1.1" 200 817 0.170525
2015-10-04 21:21:58.413 1884 INFO eventlet.wsgi.server [req-4eb01f0c-e3f2-4970-9f91-f9afe0ae5bc2 ce6cdeec4c5147559b49659801b7a8e7 6eeec5f15aa14710b658f63ffc75b750 - - -] 192.168.0.10 - - [04/Oct/2015 21:21:58] "HEAD /v1/images/8a724f78-2673-4ea1-b607-373626a15afb HTTP/1.1" 200 817 0.037925
2015-10-04 21:22:06.895 1879 INFO eventlet.wsgi.server [req-d083b15e-6d97-46b8-8ca4-11eeb37c632e ce6cdeec4c5147559b49659801b7a8e7 6eeec5f15aa14710b658f63ffc75b750 - - -] 192.168.0.10 - - [04/Oct/2015 21:22:06] "HEAD /v1/images/8a724f78-2673-4ea1-b607-373626a15afb HTTP/1.1" 200 817 0.064141
2015-10-04 21:22:17.898 1884 INFO eventlet.wsgi.server [req-4da575d8-8229-4f53-8c74-bb6c6131de5c ce6cdeec4c5147559b49659801b7a8e7 6eeec5f15aa14710b658f63ffc75b750 - - -] 192.168.0.10 - - [04/Oct/2015 21:22:17] "HEAD /v1/images/8a724f78-2673-4ea1-b607-373626a15afb HTTP/1.1" 200 817 0.043900
2015-10-04 21:22:31.580 1884 INFO eventlet.wsgi.server [req-8b9857cd-64b5-478e-9be5-6118149a651d ce6cdeec4c5147559b49659801b7a8e7 6eeec5f15aa14710b658f63ffc75b750 - - -] 192.168.0.10 - - [04/Oct/2015 21:22:31] "HEAD /v1/images/8a724f78-2673-4ea1-b607-373626a15afb HTTP/1.1" 200 817 0.075248
2015-10-04 21:22:45.891 1870 INFO eventlet.wsgi.server [req-9433f98b-a4d4-4ff8-976e-15f42dc7f4c2 9b1f9b36d7354b1ea121ccfbae339d8b 85a11a1515f94848be7aa5b56adec8bf - - -] 192.168.0.10 - - [04/Oct/2015 21:22:45] "HEAD /v1/images/8a724f78-2673-4ea1-b607-373626a15afb HTTP/1.1" 200 817 0.267407
2015-10-04 21:22:47.546 1864 INFO eventlet.wsgi.server [req-10dd0882-33a5-402a-8be7-08857b308b41 ce6cdeec4c5147559b49659801b7a8e7 6eeec5f15aa14710b658f63ffc75b750 - - -] 192.168.0.10 - - [04/Oct/2015 21:22:47] "HEAD /v1/images/8a724f78-2673-4ea1-b607-373626a15afb HTTP/1.1" 200 817 0.030790
2015-10-04 21:23:05.893 1884 INFO eventlet.wsgi.server [req-78c45619-122a-4672-9a04-c17bb1676730 ce6cdeec4c5147559b49659801b7a8e7 6eeec5f15aa14710b658f63ffc75b750 - - -] 192.168.0.10 - - [04/Oct/2015 21:23:05] "HEAD /v1/images/8a724f78-2673-4ea1-b607-373626a15afb HTTP/1.1" 200 817 0.065879
2015-10-04 21:23:22.483 1879 INFO eventlet.wsgi.server [req-d4a483bf-b5db-4687-8f48-38744e3d1db3 ce6cdeec4c5147559b49659801b7a8e7 6eeec5f15aa14710b658f63ffc75b750 - - -] 192.168.0.10 - - [04/Oct/2015 21:23:22] "HEAD /v1/images/8a724f78-2673-4ea1-b607-373626a15afb HTTP/1.1" 200 817 0.056697
2015-10-04 21:23:48.470 1870 INFO eventlet.wsgi.server [req-c7991114-5045-47bc-89d6-35d50d8ab55a ce6cdeec4c5147559b49659801b7a8e7 6eeec5f15aa14710b658f63ffc75b750 - - -] 192.168.0.10 - - [04/Oct/2015 21:23:48] "GET /v1/images/detail?sort_key=created_at&sort_dir=desc&limit=1000 HTTP/1.1" 200 713 0.122482
2015-10-04 21:23:50.554 1879 INFO eventlet.wsgi.server [req-24ddaeab-e728-4dbd-9de7-85688f2739e5 ce6cdeec4c5147559b49659801b7a8e7 6eeec5f15aa14710b658f63ffc75b750 - - -] 192.168.0.10 - - [04/Oct/2015 21:23:50] "HEAD /v1/images/8a724f78-2673-4ea1-b607-373626a15afb HTTP/1.1" 200 817 0.043261
2015-10-04 21:23:53.998 1879 INFO eventlet.wsgi.server [req-d95bfd70-a993-47f6-b6da-7769ac2071ce ce6cdeec4c5147559b49659801b7a8e7 6eeec5f15aa14710b658f63ffc75b750 - - -] 192.168.0.10 - - [04/Oct/2015 21:23:53] "HEAD /v1/images/8a724f78-2673-4ea1-b607-373626a15afb HTTP/1.1" 200 817 0.054483
2015-10-04 21:23:59.917 1884 INFO eventlet.wsgi.server [req-e5c28549-ddf2-4eca-abf8-ce772f83102a ce6cdeec4c5147559b49659801b7a8e7 6eeec5f15aa14710b658f63ffc75b750 - - -] 192.168.0.10 - - [04/Oct/2015 21:23:59] "HEAD /v1/images/8a724f78-2673-4ea1-b607-373626a15afb HTTP/1.1" 200 817 0.058844
2015-10-04 21:24:08.546 1864 INFO eventlet.wsgi.server [req-6f531337-3c14-4101-b7fb-380a53d81a77 ce6cdeec4c5147559b49659801b7a8e7 6eeec5f15aa14710b658f63ffc75b750 - - -] 192.168.0.10 - - [04/Oct/2015 21:24:08] "HEAD /v1/images/8a724f78-2673-4ea1-b607-373626a15afb HTTP/1.1" 200 817 0.175776
2015-10-04 21:24:19.441 1884 INFO eventlet.wsgi.server [req-345aa623-a078-47fc-a9c4-01d990046bcf ce6cdeec4c5147559b49659801b7a8e7 6eeec5f15aa14710b658f63ffc75b750 - - -] 192.168.0.10 - - [04/Oct/2015 21:24:19] "HEAD /v1/images/8a724f78-2673-4ea1-b607-373626a15afb HTTP/1.1" 200 817 0.158786
2015-10-04 21:30:51.795 1879 INFO eventlet.wsgi.server [req-5225c882-fdc8-4be3-acf3-8ae923ecbb1e 9b1f9b36d7354b1ea121ccfbae339d8b 85a11a1515f94848be7aa5b56adec8bf - - -] 192.168.0.10 - - [04/Oct/2015 21:30:51] "GET /v1/images/detail?is_public=None&limit=20 HTTP/1.1" 200 713 0.484364
2015-10-04 21:32:45.948 1870 INFO eventlet.wsgi.server [req-69dca2cb-eb21-433d-9471-d31aaeabc8f3 9b1f9b36d7354b1ea121ccfbae339d8b 85a11a1515f94848be7aa5b56adec8bf - - -] 192.168.0.10 - - [04/Oct/2015 21:32:45] "HEAD /v1/images/8a724f78-2673-4ea1-b607-373626a15afb HTTP/1.1" 200 817 0.251966
2015-10-04 21:39:14.042 1864 INFO eventlet.wsgi.server [req-9f0b1481-a39f-493f-977e-007b64dc5196 3e317db15f894937b180b5c5fa8767ad 6eeec5f15aa14710b658f63ffc75b750 - - -] 192.168.0.10 - - [04/Oct/2015 21:39:14] "GET /v1/images/detail?sort_key=created_at&sort_dir=desc&limit=1000 HTTP/1.1" 200 713 0.259148
2015-10-04 21:39:37.560 1864 INFO eventlet.wsgi.server [req-1391aaed-fdcf-4484-86dd-c50e2077a72c 3e317db15f894937b180b5c5fa8767ad 6eeec5f15aa14710b658f63ffc75b750 - - -] 192.168.0.10 - - [04/Oct/2015 21:39:37] "GET /v1/images/detail?sort_key=created_at&sort_dir=desc&status=active&limit=1000&is_public=True HTTP/1.1" 200 713 0.077363
2015-10-04 21:39:37.614 1864 INFO eventlet.wsgi.server [req-bbbe7771-9210-4153-bf78-7ea0a9cff949 3e317db15f894937b180b5c5fa8767ad 6eeec5f15aa14710b658f63ffc75b750 - - -] 192.168.0.10 - - [04/Oct/2015 21:39:37] "GET /v1/images/detail?sort_key=created_at&sort_dir=desc&property-owner_id=6eeec5f15aa14710b658f63ffc75b750&status=active&limit=1000 HTTP/1.1" 200 231 0.050537
2015-10-04 21:40:30.845 1870 INFO eventlet.wsgi.server [req-e45b2ffd-07a4-477a-a6da-eab0af98c1f1 3e317db15f894937b180b5c5fa8767ad 6eeec5f15aa14710b658f63ffc75b750 - - -] 192.168.0.10 - - [04/Oct/2015 21:40:30] "GET /v1/images/detail?sort_key=created_at&sort_dir=desc&status=active&limit=1000&is_public=True HTTP/1.1" 200 713 0.309899
2015-10-04 21:40:31.137 1870 INFO eventlet.wsgi.server [req-fbb9c93d-5390-4d91-ab9f-ec2d60b296a9 3e317db15f894937b180b5c5fa8767ad 6eeec5f15aa14710b658f63ffc75b750 - - -] 192.168.0.10 - - [04/Oct/2015 21:40:31] "GET /v1/images/detail?sort_key=created_at&sort_dir=desc&property-owner_id=6eeec5f15aa14710b658f63ffc75b750&status=active&limit=1000 HTTP/1.1" 200 231 0.287007
2015-10-04 21:40:32.255 1879 INFO eventlet.wsgi.server [req-9d543533-e482-47a8-87cc-d34562fe15cd 3e317db15f894937b180b5c5fa8767ad 6eeec5f15aa14710b658f63ffc75b750 - - -] 192.168.0.10 - - [04/Oct/2015 21:40:32] "HEAD /v1/images/8a724f78-2673-4ea1-b607-373626a15afb HTTP/1.1" 200 817 0.146191
2015-10-04 21:40:33.576 1879 INFO eventlet.wsgi.server [req-a2f0e092-7177-4b15-87ef-22d665e800d6 3e317db15f894937b180b5c5fa8767ad 6eeec5f15aa14710b658f63ffc75b750 - - -] 192.168.0.10 - - [04/Oct/2015 21:40:33] "GET /v1/images/detail?sort_key=created_at&sort_dir=desc&limit=1000 HTTP/1.1" 200 713 0.090952
2015-10-04 21:40:35.847 1884 INFO eventlet.wsgi.server [req-e69ba2c0-af0b-4d90-8d50-95127b1e07fd 3e317db15f894937b180b5c5fa8767ad 6eeec5f15aa14710b658f63ffc75b750 - - -] 192.168.0.10 - - [04/Oct/2015 21:40:35] "HEAD /v1/images/8a724f78-2673-4ea1-b607-373626a15afb HTTP/1.1" 200 817 0.202521
2015-10-04 21:40:39.616 1870 INFO eventlet.wsgi.server [req-a077b250-10aa-41f9-b2e2-373c1f50d57b 3e317db15f894937b180b5c5fa8767ad 6eeec5f15aa14710b658f63ffc75b750 - - -] 192.168.0.10 - - [04/Oct/2015 21:40:39] "HEAD /v1/images/8a724f78-2673-4ea1-b607-373626a15afb HTTP/1.1" 200 817 0.054727
2015-10-04 21:40:45.452 1879 INFO eventlet.wsgi.server [req-e35cb3ef-3c7e-4f12-bfcb-7b3405e9d548 3e317db15f894937b180b5c5fa8767ad 6eeec5f15aa14710b658f63ffc75b750 - - -] 192.168.0.10 - - [04/Oct/2015 21:40:45] "HEAD /v1/images/8a724f78-2673-4ea1-b607-373626a15afb HTTP/1.1" 200 817 0.070561
2015-10-04 21:40:51.977 1864 INFO eventlet.wsgi.server [req-3da51f8e-bb0a-4627-825d-c49f065650f1 9b1f9b36d7354b1ea121ccfbae339d8b 85a11a1515f94848be7aa5b56adec8bf - - -] 192.168.0.10 - - [04/Oct/2015 21:40:51] "GET /v1/images/detail?is_public=None&limit=20 HTTP/1.1" 200 713 0.308722
2015-10-04 21:40:54.118 1864 INFO eventlet.wsgi.server [req-590890b4-61f0-4d35-bac0-6c0d7f8c56a6 3e317db15f894937b180b5c5fa8767ad 6eeec5f15aa14710b658f63ffc75b750 - - -] 192.168.0.10 - - [04/Oct/2015 21:40:54] "HEAD /v1/images/8a724f78-2673-4ea1-b607-373626a15afb HTTP/1.1" 200 817 0.189119
2015-10-04 21:41:05.052 1864 INFO eventlet.wsgi.server [req-05487772-c466-4186-8788-79890e0b8167 3e317db15f894937b180b5c5fa8767ad 6eeec5f15aa14710b658f63ffc75b750 - - -] 192.168.0.10 - - [04/Oct/2015 21:41:05] "HEAD /v1/images/8a724f78-2673-4ea1-b607-373626a15afb HTTP/1.1" 200 817 0.053830
2015-10-04 21:41:18.525 1870 INFO eventlet.wsgi.server [req-b041f287-7cb3-45c2-82da-3a1acc2224a1 3e317db15f894937b180b5c5fa8767ad 6eeec5f15aa14710b658f63ffc75b750 - - -] 192.168.0.10 - - [04/Oct/2015 21:41:18] "HEAD /v1/images/8a724f78-2673-4ea1-b607-373626a15afb HTTP/1.1" 200 817 0.090906
2015-10-04 21:41:34.491 1870 INFO eventlet.wsgi.server [req-f6e0d454-8541-4e75-85f8-c7a0b96d517d 3e317db15f894937b180b5c5fa8767ad 6eeec5f15aa14710b658f63ffc75b750 - - -] 192.168.0.10 - - [04/Oct/2015 21:41:34] "HEAD /v1/images/8a724f78-2673-4ea1-b607-373626a15afb HTTP/1.1" 200 817 0.067644
2015-10-04 21:41:53.078 1870 INFO eventlet.wsgi.server [req-5499fff3-9e14-4ad7-ae03-afacb5791359 3e317db15f894937b180b5c5fa8767ad 6eeec5f15aa14710b658f63ffc75b750 - - -] 192.168.0.10 - - [04/Oct/2015 21:41:53] "HEAD /v1/images/8a724f78-2673-4ea1-b607-373626a15afb HTTP/1.1" 200 817 0.079359
2015-10-04 21:42:14.127 1864 INFO eventlet.wsgi.server [req-7cd6e503-ee56-4eb8-bed6-58ef26421b96 3e317db15f894937b180b5c5fa8767ad 6eeec5f15aa14710b658f63ffc75b750 - - -] 192.168.0.10 - - [04/Oct/2015 21:42:14] "HEAD /v1/images/8a724f78-2673-4ea1-b607-373626a15afb HTTP/1.1" 200 817 0.083561
2015-10-04 21:42:37.597 1884 INFO eventlet.wsgi.server [req-b79e2126-977d-4699-9af9-5bb9b5988cb1 3e317db15f894937b180b5c5fa8767ad 6eeec5f15aa14710b658f63ffc75b750 - - -] 192.168.0.10 - - [04/Oct/2015 21:42:37] "HEAD /v1/images/8a724f78-2673-4ea1-b607-373626a15afb HTTP/1.1" 200 817 0.067715
2015-10-04 21:42:46.051 1864 INFO eventlet.wsgi.server [req-1abe04c2-83f2-4a68-b30e-730567a1b39c 9b1f9b36d7354b1ea121ccfbae339d8b 85a11a1515f94848be7aa5b56adec8bf - - -] 192.168.0.10 - - [04/Oct/2015 21:42:46] "HEAD /v1/images/8a724f78-2673-4ea1-b607-373626a15afb HTTP/1.1" 200 817 0.315567
2015-10-04 21:43:03.747 1864 INFO eventlet.wsgi.server [req-16123e50-9f3e-4981-85f3-cabe449587bd 3e317db15f894937b180b5c5fa8767ad 6eeec5f15aa14710b658f63ffc75b750 - - -] 192.168.0.10 - - [04/Oct/2015 21:43:03] "HEAD /v1/images/8a724f78-2673-4ea1-b607-373626a15afb HTTP/1.1" 200 817 0.078966
2015-10-04 21:43:32.180 1870 INFO eventlet.wsgi.server [req-c22738be-5d54-49fb-b490-9d4e650e712a 3e317db15f894937b180b5c5fa8767ad 6eeec5f15aa14710b658f63ffc75b750 - - -] 192.168.0.10 - - [04/Oct/2015 21:43:32] "HEAD /v1/images/8a724f78-2673-4ea1-b607-373626a15afb HTTP/1.1" 200 817 0.062635
2015-10-04 21:44:27.781 1884 INFO eventlet.wsgi.server [req-f2ea5810-d3c9-46f8-8e88-2ebd6a007b14 3e317db15f894937b180b5c5fa8767ad 6eeec5f15aa14710b658f63ffc75b750 - - -] 192.168.0.10 - - [04/Oct/2015 21:44:27] "HEAD /v1/images/8a724f78-2673-4ea1-b607-373626a15afb HTTP/1.1" 200 817 0.064592
2015-10-04 21:45:47.089 1884 INFO eventlet.wsgi.server [req-453dc78b-e1e9-4a3f-8925-acc9f480e16e 3e317db15f894937b180b5c5fa8767ad 6eeec5f15aa14710b658f63ffc75b750 - - -] 192.168.0.10 - - [04/Oct/2015 21:45:47] "GET /v1/images/detail?sort_key=created_at&sort_dir=desc&limit=1000 HTTP/1.1" 200 713 0.268632
2015-10-04 21:45:52.926 1864 INFO eventlet.wsgi.server [req-36022c5f-c969-4892-95f9-87c5fe78dd8c 3e317db15f894937b180b5c5fa8767ad 6eeec5f15aa14710b658f63ffc75b750 - - -] 192.168.0.10 - - [04/Oct/2015 21:45:52] "HEAD /v1/images/8a724f78-2673-4ea1-b607-373626a15afb HTTP/1.1" 200 817 0.177246
2015-10-04 21:46:06.409 1884 INFO eventlet.wsgi.server [req-b9fc636b-a9e6-4be7-a66c-dffec4032dab 3e317db15f894937b180b5c5fa8767ad 6eeec5f15aa14710b658f63ffc75b750 - - -] 192.168.0.10 - - [04/Oct/2015 21:46:06] "GET /v1/images/detail?sort_key=created_at&sort_dir=desc&limit=1000 HTTP/1.1" 200 713 0.369110
2015-10-04 21:46:25.750 1864 INFO eventlet.wsgi.server [req-4b2c4569-63bf-4fb3-ada6-d238709e0107 3e317db15f894937b180b5c5fa8767ad 6eeec5f15aa14710b658f63ffc75b750 - - -] 192.168.0.10 - - [04/Oct/2015 21:46:25] "HEAD /v1/images/8a724f78-2673-4ea1-b607-373626a15afb HTTP/1.1" 200 817 0.173620
2015-10-04 21:47:28.853 1884 INFO eventlet.wsgi.server [req-833b7c19-c85b-4369-8e29-9be444884260 3e317db15f894937b180b5c5fa8767ad 6eeec5f15aa14710b658f63ffc75b750 - - -] 192.168.0.10 - - [04/Oct/2015 21:47:28] "GET /v1/images/detail?sort_key=created_at&sort_dir=desc&limit=1000 HTTP/1.1" 200 713 0.187176
2015-10-04 21:47:36.475 1879 INFO eventlet.wsgi.server [req-de23fe05-f59b-4cd8-914f-7a4a379e25e4 3e317db15f894937b180b5c5fa8767ad 6eeec5f15aa14710b658f63ffc75b750 - - -] 192.168.0.10 - - [04/Oct/2015 21:47:36] "HEAD /v1/images/8a724f78-2673-4ea1-b607-373626a15afb HTTP/1.1" 200 817 0.209505
2015-10-04 21:48:57.399 1870 INFO eventlet.wsgi.server [req-cbf229b9-4fb7-49da-93f3-0ee156ef987d 9b1f9b36d7354b1ea121ccfbae339d8b 85a11a1515f94848be7aa5b56adec8bf - - -] 192.168.0.10 - - [04/Oct/2015 21:48:57] "HEAD /v1/images/8a724f78-2673-4ea1-b607-373626a15afb HTTP/1.1" 200 817 0.286465
2015-10-04 21:49:17.915 1864 INFO eventlet.wsgi.server [req-637f7977-c79b-4443-89f6-186539f848ad e9483918caa940a48fe882ba092c7e0b 300b2cc45c3846939e589310ae714e46 - - -] 192.168.0.10 - - [04/Oct/2015 21:49:17] "HEAD /v1/images/8a724f78-2673-4ea1-b607-373626a15afb HTTP/1.1" 200 817 0.243974
2015-10-04 21:49:18.134 1864 INFO eventlet.wsgi.server [req-eda37cde-9cb5-4819-816d-723db5fa4062 e9483918caa940a48fe882ba092c7e0b 300b2cc45c3846939e589310ae714e46 - - -] 192.168.0.10 - - [04/Oct/2015 21:49:18] "HEAD /v1/images/8a724f78-2673-4ea1-b607-373626a15afb HTTP/1.1" 200 817 0.143730
2015-10-04 21:49:18.309 1864 INFO eventlet.wsgi.server [req-02c2f3a1-7e69-45a3-9519-912289b2d8f6 e9483918caa940a48fe882ba092c7e0b 300b2cc45c3846939e589310ae714e46 - - -] 192.168.0.10 - - [04/Oct/2015 21:49:18] "HEAD /v1/images/8a724f78-2673-4ea1-b607-373626a15afb HTTP/1.1" 200 817 0.126466
2015-10-04 21:50:07.677 1870 INFO eventlet.wsgi.server [req-b961daef-3430-4d6b-bbc1-afe25da771ab e9483918caa940a48fe882ba092c7e0b 300b2cc45c3846939e589310ae714e46 - - -] 192.168.0.10 - - [04/Oct/2015 21:50:07] "HEAD /v1/images/8a724f78-2673-4ea1-b607-373626a15afb HTTP/1.1" 200 817 0.384587
2015-10-04 21:50:07.792 1870 INFO eventlet.wsgi.server [req-7a5af11a-4662-4835-aaf5-ec7a89c80b06 e9483918caa940a48fe882ba092c7e0b 300b2cc45c3846939e589310ae714e46 - - -] 192.168.0.10 - - [04/Oct/2015 21:50:07] "HEAD /v1/images/8a724f78-2673-4ea1-b607-373626a15afb HTTP/1.1" 200 817 0.059565
2015-10-04 21:50:10.201 1870 INFO eventlet.wsgi.server [req-0b865cd9-3911-42fc-a4f3-580512351f27 e9483918caa940a48fe882ba092c7e0b 300b2cc45c3846939e589310ae714e46 - - -] 192.168.0.10 - - [04/Oct/2015 21:50:10] "HEAD /v1/images/8a724f78-2673-4ea1-b607-373626a15afb HTTP/1.1" 200 817 0.148083
2015-10-04 21:50:10.191 1864 INFO eventlet.wsgi.server [req-d6659c74-ae30-42c0-9321-0cf90d23b335 e9483918caa940a48fe882ba092c7e0b 300b2cc45c3846939e589310ae714e46 - - -] 192.168.0.10 - - [04/Oct/2015 21:50:10] "HEAD /v1/images/8a724f78-2673-4ea1-b607-373626a15afb HTTP/1.1" 200 817 0.078680
2015-10-04 21:50:51.517 1884 INFO eventlet.wsgi.server [req-4b4eff82-3710-4654-9ce4-e769f0df5bf9 9b1f9b36d7354b1ea121ccfbae339d8b 85a11a1515f94848be7aa5b56adec8bf - - -] 192.168.0.10 - - [04/Oct/2015 21:50:51] "GET /v1/images/detail?is_public=None&limit=20 HTTP/1.1" 200 713 0.243879
2015-10-04 22:00:51.867 1879 INFO eventlet.wsgi.server [req-84411f62-dcce-469b-b2bb-598fa0285834 9b1f9b36d7354b1ea121ccfbae339d8b 85a11a1515f94848be7aa5b56adec8bf - - -] 192.168.0.10 - - [04/Oct/2015 22:00:51] "GET /v1/images/detail?is_public=None&limit=20 HTTP/1.1" 200 713 0.347570
2015-10-04 22:10:51.762 1864 INFO eventlet.wsgi.server [req-c19bf9bd-b31f-49dc-8300-f065bf86f7df 9b1f9b36d7354b1ea121ccfbae339d8b 85a11a1515f94848be7aa5b56adec8bf - - -] 192.168.0.10 - - [04/Oct/2015 22:10:51] "GET /v1/images/detail?is_public=None&limit=20 HTTP/1.1" 200 713 0.393794
2015-10-04 22:20:51.610 1870 INFO eventlet.wsgi.server [req-fda2c10d-aab8-4bd9-af76-694fe189aabd 9b1f9b36d7354b1ea121ccfbae339d8b 85a11a1515f94848be7aa5b56adec8bf - - -] 192.168.0.10 - - [04/Oct/2015 22:20:51] "GET /v1/images/detail?is_public=None&limit=20 HTTP/1.1" 200 713 0.407149
2015-10-04 22:30:51.539 1864 INFO eventlet.wsgi.server [req-a7ab30ae-636e-4538-af02-06d085d862d3 9b1f9b36d7354b1ea121ccfbae339d8b 85a11a1515f94848be7aa5b56adec8bf - - -] 192.168.0.10 - - [04/Oct/2015 22:30:51] "GET /v1/images/detail?is_public=None&limit=20 HTTP/1.1" 200 713 0.369251
2015-10-04 22:40:51.450 1879 INFO eventlet.wsgi.server [req-c8772187-44dc-4cb3-945f-d4a5aa35a096 9b1f9b36d7354b1ea121ccfbae339d8b 85a11a1515f94848be7aa5b56adec8bf - - -] 192.168.0.10 - - [04/Oct/2015 22:40:51] "GET /v1/images/detail?is_public=None&limit=20 HTTP/1.1" 200 713 0.378527
2015-10-04 22:41:52.063 1864 INFO eventlet.wsgi.server [req-463924da-8e2a-4330-855d-9e7a9661c8ab c9b7d3be7fe843c78412ff510457ddd3 a411280ca390483ea2161209371d133a - - -] 192.168.0.10 - - [04/Oct/2015 22:41:52] "GET /v1/images/detail?sort_key=created_at&sort_dir=desc&limit=1000 HTTP/1.1" 200 713 0.248775
2015-10-04 22:48:01.454 968 INFO glance.common.wsgi [-] Removed dead child 1884
2015-10-04 22:48:01.746 3518 INFO eventlet.wsgi.server [-] (3518) wsgi starting up on http://0.0.0.0:9292/
2015-10-04 22:48:01.967 968 INFO glance.common.wsgi [-] Started child 3518
2015-10-04 22:48:01.976 3518 INFO eventlet.wsgi.server [-] (3518) wsgi exited, is_accepting=True
2015-10-04 22:48:01.979 3518 INFO glance.common.wsgi [-] Child 3518 exiting normally
2015-10-16 14:53:35.296 951 WARNING oslo_config.cfg [-] Option "filesystem_store_datadir" from group "DEFAULT" is deprecated. Use option "filesystem_store_datadir" from group "glance_store".
2015-10-16 14:53:35.336 951 INFO glance.common.wsgi [-] Starting 4 workers
2015-10-16 14:53:35.449 1814 INFO eventlet.wsgi.server [-] (1814) wsgi starting up on http://0.0.0.0:9292/
2015-10-16 14:53:35.440 951 INFO glance.common.wsgi [-] Started child 1814
2015-10-16 14:53:35.557 951 INFO glance.common.wsgi [-] Started child 1818
2015-10-16 14:53:35.558 1818 INFO eventlet.wsgi.server [-] (1818) wsgi starting up on http://0.0.0.0:9292/
2015-10-16 14:53:35.655 1822 INFO eventlet.wsgi.server [-] (1822) wsgi starting up on http://0.0.0.0:9292/
2015-10-16 14:53:35.667 951 INFO glance.common.wsgi [-] Started child 1822
2015-10-16 14:53:35.816 1829 INFO eventlet.wsgi.server [-] (1829) wsgi starting up on http://0.0.0.0:9292/
2015-10-16 14:53:35.887 951 INFO glance.common.wsgi [-] Started child 1829
2015-10-16 15:03:38.858 1829 INFO eventlet.wsgi.server [req-7e9148a5-4fe4-48b2-b00a-d81a1a4532c0 9b1f9b36d7354b1ea121ccfbae339d8b 85a11a1515f94848be7aa5b56adec8bf - - -] 192.168.0.10 - - [16/Oct/2015 15:03:38] "GET /v1/images/detail?is_public=None&limit=20 HTTP/1.1" 200 713 0.948361
2015-10-16 15:13:34.285 1822 INFO eventlet.wsgi.server [req-91eb1ad7-9bc6-41db-be64-b6613480596d 9b1f9b36d7354b1ea121ccfbae339d8b 85a11a1515f94848be7aa5b56adec8bf - - -] 192.168.0.10 - - [16/Oct/2015 15:13:34] "GET /v1/images/detail?is_public=None&limit=20 HTTP/1.1" 200 713 0.775333
2015-10-16 15:19:45.003 1829 INFO eventlet.wsgi.server [req-f6a92322-18eb-49ec-b988-eafc69227b3f e9483918caa940a48fe882ba092c7e0b 300b2cc45c3846939e589310ae714e46 - - -] 192.168.0.10 - - [16/Oct/2015 15:19:45] "GET /v1/images/detail?sort_key=created_at&sort_dir=desc&limit=1000 HTTP/1.1" 200 713 0.635255
2015-10-16 15:20:19.643 1822 INFO eventlet.wsgi.server [req-1c01b33c-c146-49a1-9b58-3aedfea88b3f e9483918caa940a48fe882ba092c7e0b 300b2cc45c3846939e589310ae714e46 - - -] 192.168.0.10 - - [16/Oct/2015 15:20:19] "GET /v1/images/detail?sort_key=created_at&sort_dir=desc&limit=1000 HTTP/1.1" 200 713 0.672861
2015-10-16 15:23:22.853 951 INFO glance.common.wsgi [-] Removed dead child 1822
2015-10-16 15:23:23.169 5030 INFO eventlet.wsgi.server [-] (5030) wsgi starting up on http://0.0.0.0:9292/
2015-10-16 15:23:22.964 951 INFO glance.common.wsgi [-] Started child 5030
2015-10-16 15:23:23.428 5030 INFO eventlet.wsgi.server [-] (5030) wsgi exited, is_accepting=True
2015-10-16 15:23:23.432 5030 INFO glance.common.wsgi [-] Child 5030 exiting normally
2016-02-16 21:22:59.239 973 WARNING oslo_config.cfg [-] Option "filesystem_store_datadir" from group "DEFAULT" is deprecated. Use option "filesystem_store_datadir" from group "glance_store".
2016-02-16 21:22:59.250 973 INFO glance.common.wsgi [-] Starting 4 workers
2016-02-16 21:22:59.362 973 INFO glance.common.wsgi [-] Started child 1906
2016-02-16 21:22:59.377 1906 INFO eventlet.wsgi.server [-] (1906) wsgi starting up on http://0.0.0.0:9292/
2016-02-16 21:22:59.469 973 INFO glance.common.wsgi [-] Started child 1913
2016-02-16 21:22:59.490 1913 INFO eventlet.wsgi.server [-] (1913) wsgi starting up on http://0.0.0.0:9292/
2016-02-16 21:22:59.525 973 INFO glance.common.wsgi [-] Started child 1920
2016-02-16 21:22:59.556 1920 INFO eventlet.wsgi.server [-] (1920) wsgi starting up on http://0.0.0.0:9292/
2016-02-16 21:22:59.625 1922 INFO eventlet.wsgi.server [-] (1922) wsgi starting up on http://0.0.0.0:9292/
2016-02-16 21:22:59.592 973 INFO glance.common.wsgi [-] Started child 1922
2016-02-16 21:32:57.886 1920 INFO eventlet.wsgi.server [req-75bd194f-bdad-44cb-bccf-0bc67623f660 9b1f9b36d7354b1ea121ccfbae339d8b 85a11a1515f94848be7aa5b56adec8bf - - -] 192.168.0.10 - - [16/Feb/2016 21:32:57] "GET /v1/images/detail?is_public=None&limit=20 HTTP/1.1" 200 713 0.853775
2016-02-16 21:42:56.412 1913 INFO eventlet.wsgi.server [req-200f80f3-bd77-4a34-b97f-ec3071988699 9b1f9b36d7354b1ea121ccfbae339d8b 85a11a1515f94848be7aa5b56adec8bf - - -] 192.168.0.10 - - [16/Feb/2016 21:42:56] "GET /v1/images/detail?is_public=None&limit=20 HTTP/1.1" 200 713 0.745268
2016-02-16 21:52:56.479 1922 INFO eventlet.wsgi.server [req-7f918983-f0c6-4051-8845-fe717c0db0cd 9b1f9b36d7354b1ea121ccfbae339d8b 85a11a1515f94848be7aa5b56adec8bf - - -] 192.168.0.10 - - [16/Feb/2016 21:52:56] "GET /v1/images/detail?is_public=None&limit=20 HTTP/1.1" 200 713 0.773732
2016-02-16 21:56:22.222 973 INFO glance.common.wsgi [-] Removed dead child 1906
2016-02-16 21:56:22.511 973 INFO glance.common.wsgi [-] Started child 4924
2016-02-16 21:56:22.698 4924 INFO eventlet.wsgi.server [-] (4924) wsgi starting up on http://0.0.0.0:9292/
2016-02-16 21:56:22.706 4924 INFO eventlet.wsgi.server [-] (4924) wsgi exited, is_accepting=True
2016-02-16 21:56:22.708 4924 INFO glance.common.wsgi [-] Child 4924 exiting normally
2016-02-22 19:24:29.060 931 WARNING oslo_config.cfg [-] Option "filesystem_store_datadir" from group "DEFAULT" is deprecated. Use option "filesystem_store_datadir" from group "glance_store".
2016-02-22 19:24:29.063 931 INFO glance.common.wsgi [-] Starting 4 workers
2016-02-22 19:24:29.229 931 INFO glance.common.wsgi [-] Started child 1866
