2016-02-24 20:15:51.415 2154 INFO eventlet.wsgi.server [req-4f88d17a-2ac9-486f-8cd0-9395f4b1cb0a 9b1f9b36d7354b1ea121ccfbae339d8b 85a11a1515f94848be7aa5b56adec8bf - - -] 192.168.0.10 - - [24/Feb/2016 20:15:51] "HEAD /v1/images/8a724f78-2673-4ea1-b607-373626a15afb HTTP/1.1" 200 817 0.470211
2016-02-24 20:16:03.821 2161 INFO eventlet.wsgi.server [req-71a4b129-fb23-47d8-b524-c1d79a8662d5 9b1f9b36d7354b1ea121ccfbae339d8b 85a11a1515f94848be7aa5b56adec8bf - - -] 192.168.0.10 - - [24/Feb/2016 20:16:03] "GET /v1/images/detail?is_public=None&limit=20 HTTP/1.1" 200 713 0.259820
2016-02-24 20:25:51.253 2154 INFO eventlet.wsgi.server [req-f9cfb412-5106-43a3-b768-7e841571fdc7 9b1f9b36d7354b1ea121ccfbae339d8b 85a11a1515f94848be7aa5b56adec8bf - - -] 192.168.0.10 - - [24/Feb/2016 20:25:51] "HEAD /v1/images/8a724f78-2673-4ea1-b607-373626a15afb HTTP/1.1" 200 817 0.270061
2016-02-24 20:26:03.675 2166 INFO eventlet.wsgi.server [req-a33f071d-41d4-4c5c-999b-4ebf9d02f4a9 9b1f9b36d7354b1ea121ccfbae339d8b 85a11a1515f94848be7aa5b56adec8bf - - -] 192.168.0.10 - - [24/Feb/2016 20:26:03] "GET /v1/images/detail?is_public=None&limit=20 HTTP/1.1" 200 713 0.261534
2016-02-24 20:35:39.117 2173 INFO eventlet.wsgi.server [req-373388a2-6348-4d59-aa6e-5c4be192b920 6faed7c946234e689b523e389a812a5c 654ecf6e62854cea9720173b7e835a61 - - -] 192.168.0.10 - - [24/Feb/2016 20:35:39] "GET /v1/images/detail?sort_key=created_at&sort_dir=desc&limit=1000 HTTP/1.1" 200 713 0.801353
2016-02-24 20:35:51.144 2161 INFO eventlet.wsgi.server [req-593fce4b-9c84-41d8-b0d4-919401975e01 9b1f9b36d7354b1ea121ccfbae339d8b 85a11a1515f94848be7aa5b56adec8bf - - -] 192.168.0.10 - - [24/Feb/2016 20:35:51] "HEAD /v1/images/8a724f78-2673-4ea1-b607-373626a15afb HTTP/1.1" 200 817 0.263308
2016-02-24 20:36:03.682 2173 INFO eventlet.wsgi.server [req-9c35d322-6411-432a-8e87-66ff288b2042 9b1f9b36d7354b1ea121ccfbae339d8b 85a11a1515f94848be7aa5b56adec8bf - - -] 192.168.0.10 - - [24/Feb/2016 20:36:03] "GET /v1/images/detail?is_public=None&limit=20 HTTP/1.1" 200 713 0.283140
2016-02-24 20:36:05.076 2173 INFO eventlet.wsgi.server [req-37024dc6-16bc-4ad2-81f8-75e6dccacb8b 6faed7c946234e689b523e389a812a5c 654ecf6e62854cea9720173b7e835a61 - - -] 192.168.0.10 - - [24/Feb/2016 20:36:05] "GET /v1/images/detail?sort_key=created_at&sort_dir=desc&status=active&limit=1000&is_public=True HTTP/1.1" 200 713 0.332487
2016-02-24 20:36:05.199 2173 INFO eventlet.wsgi.server [req-dac3e500-240a-4715-a6b2-c35b620f1a09 6faed7c946234e689b523e389a812a5c 654ecf6e62854cea9720173b7e835a61 - - -] 192.168.0.10 - - [24/Feb/2016 20:36:05] "GET /v1/images/detail?sort_key=created_at&sort_dir=desc&property-owner_id=654ecf6e62854cea9720173b7e835a61&status=active&limit=1000 HTTP/1.1" 200 231 0.115260
2016-02-24 20:37:23.078 2166 INFO eventlet.wsgi.server [req-a2279c44-15fb-43b6-99e0-d01a8f7dbe17 6faed7c946234e689b523e389a812a5c 654ecf6e62854cea9720173b7e835a61 - - -] 192.168.0.10 - - [24/Feb/2016 20:37:23] "GET /v1/images/detail?sort_key=created_at&sort_dir=desc&status=active&limit=1000&is_public=True HTTP/1.1" 200 713 0.204693
2016-02-24 20:37:23.264 2166 INFO eventlet.wsgi.server [req-119f58bc-7d8f-4dbf-ad8e-6a22958eddf7 6faed7c946234e689b523e389a812a5c 654ecf6e62854cea9720173b7e835a61 - - -] 192.168.0.10 - - [24/Feb/2016 20:37:23] "GET /v1/images/detail?sort_key=created_at&sort_dir=desc&property-owner_id=654ecf6e62854cea9720173b7e835a61&status=active&limit=1000 HTTP/1.1" 200 231 0.172531
2016-02-24 20:37:25.102 2166 INFO eventlet.wsgi.server [req-b4522ed6-0011-4aab-ab08-77930dd6dd14 6faed7c946234e689b523e389a812a5c 654ecf6e62854cea9720173b7e835a61 - - -] 192.168.0.10 - - [24/Feb/2016 20:37:25] "HEAD /v1/images/8a724f78-2673-4ea1-b607-373626a15afb HTTP/1.1" 200 817 0.055372
2016-02-24 20:37:26.449 2161 INFO eventlet.wsgi.server [req-e2eacb7c-287a-465d-891e-5b3e550f5ef3 6faed7c946234e689b523e389a812a5c 654ecf6e62854cea9720173b7e835a61 - - -] 192.168.0.10 - - [24/Feb/2016 20:37:26] "GET /v1/images/detail?sort_key=created_at&sort_dir=desc&limit=1000 HTTP/1.1" 200 713 0.174937
2016-02-24 20:37:27.715 2154 WARNING oslo_config.cfg [req-190a9d8c-b1f8-4acb-a113-6cd2697785c4 6faed7c946234e689b523e389a812a5c 654ecf6e62854cea9720173b7e835a61 - - -] Option "rabbit_virtual_host" from group "DEFAULT" is deprecated. Use option "rabbit_virtual_host" from group "oslo_messaging_rabbit".
2016-02-24 20:37:27.717 2154 WARNING oslo_config.cfg [req-190a9d8c-b1f8-4acb-a113-6cd2697785c4 6faed7c946234e689b523e389a812a5c 654ecf6e62854cea9720173b7e835a61 - - -] Option "rabbit_hosts" from group "DEFAULT" is deprecated. Use option "rabbit_hosts" from group "oslo_messaging_rabbit".
2016-02-24 20:37:27.718 2154 WARNING oslo_config.cfg [req-190a9d8c-b1f8-4acb-a113-6cd2697785c4 6faed7c946234e689b523e389a812a5c 654ecf6e62854cea9720173b7e835a61 - - -] Option "rabbit_port" from group "DEFAULT" is deprecated. Use option "rabbit_port" from group "oslo_messaging_rabbit".
2016-02-24 20:37:27.718 2154 WARNING oslo_config.cfg [req-190a9d8c-b1f8-4acb-a113-6cd2697785c4 6faed7c946234e689b523e389a812a5c 654ecf6e62854cea9720173b7e835a61 - - -] Option "rabbit_userid" from group "DEFAULT" is deprecated. Use option "rabbit_userid" from group "oslo_messaging_rabbit".
2016-02-24 20:37:27.718 2154 WARNING oslo_config.cfg [req-190a9d8c-b1f8-4acb-a113-6cd2697785c4 6faed7c946234e689b523e389a812a5c 654ecf6e62854cea9720173b7e835a61 - - -] Option "rabbit_password" from group "DEFAULT" is deprecated. Use option "rabbit_password" from group "oslo_messaging_rabbit".
2016-02-24 20:37:27.720 2154 WARNING oslo_config.cfg [req-190a9d8c-b1f8-4acb-a113-6cd2697785c4 6faed7c946234e689b523e389a812a5c 654ecf6e62854cea9720173b7e835a61 - - -] Option "rabbit_use_ssl" from group "DEFAULT" is deprecated. Use option "rabbit_use_ssl" from group "oslo_messaging_rabbit".
2016-02-24 20:37:27.756 2154 INFO oslo_messaging._drivers.impl_rabbit [req-190a9d8c-b1f8-4acb-a113-6cd2697785c4 6faed7c946234e689b523e389a812a5c 654ecf6e62854cea9720173b7e835a61 - - -] Connecting to AMQP server on 192.168.0.10:5672
2016-02-24 20:37:27.775 2154 INFO oslo_messaging._drivers.impl_rabbit [req-190a9d8c-b1f8-4acb-a113-6cd2697785c4 6faed7c946234e689b523e389a812a5c 654ecf6e62854cea9720173b7e835a61 - - -] Connected to AMQP server on 192.168.0.10:5672
2016-02-24 20:37:27.777 2154 WARNING oslo_config.cfg [req-190a9d8c-b1f8-4acb-a113-6cd2697785c4 6faed7c946234e689b523e389a812a5c 654ecf6e62854cea9720173b7e835a61 - - -] Option "rabbit_ha_queues" from group "DEFAULT" is deprecated. Use option "rabbit_ha_queues" from group "oslo_messaging_rabbit".
2016-02-24 20:37:27.787 2154 INFO eventlet.wsgi.server [req-190a9d8c-b1f8-4acb-a113-6cd2697785c4 6faed7c946234e689b523e389a812a5c 654ecf6e62854cea9720173b7e835a61 - - -] 192.168.0.12 - - [24/Feb/2016 20:37:27] "GET /v1/images/8a724f78-2673-4ea1-b607-373626a15afb HTTP/1.1" 200 13201720 0.609468
2016-02-24 20:37:28.235 2154 INFO eventlet.wsgi.server [req-caf23b7e-552c-409e-85a5-351bedb3efd2 6faed7c946234e689b523e389a812a5c 654ecf6e62854cea9720173b7e835a61 - - -] 192.168.0.10 - - [24/Feb/2016 20:37:28] "HEAD /v1/images/8a724f78-2673-4ea1-b607-373626a15afb HTTP/1.1" 200 817 0.042488
2016-02-24 20:37:31.615 2154 INFO eventlet.wsgi.server [req-661e385d-aac6-4fd4-8785-386f9ea52a34 6faed7c946234e689b523e389a812a5c 654ecf6e62854cea9720173b7e835a61 - - -] 192.168.0.10 - - [24/Feb/2016 20:37:31] "HEAD /v1/images/8a724f78-2673-4ea1-b607-373626a15afb HTTP/1.1" 200 817 0.046804
2016-02-24 20:37:37.530 2154 INFO eventlet.wsgi.server [req-da605533-0621-42ac-adca-999789f55875 6faed7c946234e689b523e389a812a5c 654ecf6e62854cea9720173b7e835a61 - - -] 192.168.0.10 - - [24/Feb/2016 20:37:37] "HEAD /v1/images/8a724f78-2673-4ea1-b607-373626a15afb HTTP/1.1" 200 817 0.194036
2016-02-24 20:37:45.815 2166 INFO eventlet.wsgi.server [req-98cb5a9e-b9cb-4f56-a170-fae2bdb91d12 6faed7c946234e689b523e389a812a5c 654ecf6e62854cea9720173b7e835a61 - - -] 192.168.0.10 - - [24/Feb/2016 20:37:45] "HEAD /v1/images/8a724f78-2673-4ea1-b607-373626a15afb HTTP/1.1" 200 817 0.059887
2016-02-24 20:37:57.021 2161 INFO eventlet.wsgi.server [req-91063a79-9cf2-4661-a376-a6569e84c33e 6faed7c946234e689b523e389a812a5c 654ecf6e62854cea9720173b7e835a61 - - -] 192.168.0.10 - - [24/Feb/2016 20:37:57] "HEAD /v1/images/8a724f78-2673-4ea1-b607-373626a15afb HTTP/1.1" 200 817 0.052445
2016-02-24 20:38:04.387 2154 INFO eventlet.wsgi.server [req-6f37187d-1245-4eeb-bd55-875a08a55f6d 6faed7c946234e689b523e389a812a5c 654ecf6e62854cea9720173b7e835a61 - - -] 192.168.0.10 - - [24/Feb/2016 20:38:04] "HEAD /v1/images/8a724f78-2673-4ea1-b607-373626a15afb HTTP/1.1" 200 817 0.296832
2016-02-24 20:38:11.303 2154 INFO eventlet.wsgi.server [req-903cc4da-fe09-44b0-95de-b5278479ad60 6faed7c946234e689b523e389a812a5c 654ecf6e62854cea9720173b7e835a61 - - -] 192.168.0.10 - - [24/Feb/2016 20:38:11] "HEAD /v1/images/8a724f78-2673-4ea1-b607-373626a15afb HTTP/1.1" 200 817 0.084424
2016-02-24 20:38:27.466 2173 INFO eventlet.wsgi.server [req-156387cc-aaae-4080-adc8-24d2de8b1da5 6faed7c946234e689b523e389a812a5c 654ecf6e62854cea9720173b7e835a61 - - -] 192.168.0.10 - - [24/Feb/2016 20:38:27] "HEAD /v1/images/8a724f78-2673-4ea1-b607-373626a15afb HTTP/1.1" 200 817 0.070401
2016-02-24 20:38:45.786 2173 INFO eventlet.wsgi.server [req-42245a76-a902-4680-bab0-3c3236b38e66 6faed7c946234e689b523e389a812a5c 654ecf6e62854cea9720173b7e835a61 - - -] 192.168.0.10 - - [24/Feb/2016 20:38:45] "HEAD /v1/images/8a724f78-2673-4ea1-b607-373626a15afb HTTP/1.1" 200 817 0.060096
2016-02-24 20:38:57.144 2154 INFO eventlet.wsgi.server [req-9274732b-0839-4f73-bcda-d4b75d0aba9e 6faed7c946234e689b523e389a812a5c 654ecf6e62854cea9720173b7e835a61 - - -] 192.168.0.10 - - [24/Feb/2016 20:38:57] "HEAD /v1/images/8a724f78-2673-4ea1-b607-373626a15afb HTTP/1.1" 200 817 0.368919
2016-02-24 20:45:51.216 2173 INFO eventlet.wsgi.server [req-29d3ce25-4ad7-4db1-b6e2-c5794890ca61 9b1f9b36d7354b1ea121ccfbae339d8b 85a11a1515f94848be7aa5b56adec8bf - - -] 192.168.0.10 - - [24/Feb/2016 20:45:51] "HEAD /v1/images/8a724f78-2673-4ea1-b607-373626a15afb HTTP/1.1" 200 817 0.269198
2016-02-24 20:46:03.919 2173 INFO eventlet.wsgi.server [req-72a90879-ed2d-4dfa-bdc5-3e13320b7cac 9b1f9b36d7354b1ea121ccfbae339d8b 85a11a1515f94848be7aa5b56adec8bf - - -] 192.168.0.10 - - [24/Feb/2016 20:46:03] "GET /v1/images/detail?is_public=None&limit=20 HTTP/1.1" 200 713 0.331452
2016-02-24 20:46:17.206 2166 INFO eventlet.wsgi.server [req-2c4fffd4-6761-43da-a832-9161568e506d 9b1f9b36d7354b1ea121ccfbae339d8b 85a11a1515f94848be7aa5b56adec8bf - - -] 192.168.0.10 - - [24/Feb/2016 20:46:17] "HEAD /v1/images/8a724f78-2673-4ea1-b607-373626a15afb HTTP/1.1" 200 817 0.245718
2016-02-24 20:55:51.452 2173 INFO eventlet.wsgi.server [req-549caa21-2dd2-4f66-ada9-e737ad33cdc1 9b1f9b36d7354b1ea121ccfbae339d8b 85a11a1515f94848be7aa5b56adec8bf - - -] 192.168.0.10 - - [24/Feb/2016 20:55:51] "HEAD /v1/images/8a724f78-2673-4ea1-b607-373626a15afb HTTP/1.1" 200 817 0.249362
2016-02-24 20:56:04.153 2173 INFO eventlet.wsgi.server [req-b0b35e11-b2eb-4366-a26e-8a3e7bf1d0dc 9b1f9b36d7354b1ea121ccfbae339d8b 85a11a1515f94848be7aa5b56adec8bf - - -] 192.168.0.10 - - [24/Feb/2016 20:56:04] "GET /v1/images/detail?is_public=None&limit=20 HTTP/1.1" 200 713 0.513492
2016-02-24 20:56:17.417 2166 INFO eventlet.wsgi.server [req-447d2720-402a-474c-9ef4-761274836b3b 9b1f9b36d7354b1ea121ccfbae339d8b 85a11a1515f94848be7aa5b56adec8bf - - -] 192.168.0.10 - - [24/Feb/2016 20:56:17] "HEAD /v1/images/8a724f78-2673-4ea1-b607-373626a15afb HTTP/1.1" 200 817 0.257208
2016-02-24 21:05:51.544 2166 INFO eventlet.wsgi.server [req-1ff8070a-a09e-4a88-baf7-888cbce78a6f 9b1f9b36d7354b1ea121ccfbae339d8b 85a11a1515f94848be7aa5b56adec8bf - - -] 192.168.0.10 - - [24/Feb/2016 21:05:51] "HEAD /v1/images/8a724f78-2673-4ea1-b607-373626a15afb HTTP/1.1" 200 817 0.374449
2016-02-24 21:06:04.315 2173 INFO eventlet.wsgi.server [req-a5692da3-7bc6-4d54-8d2b-42dd2ab1743a 9b1f9b36d7354b1ea121ccfbae339d8b 85a11a1515f94848be7aa5b56adec8bf - - -] 192.168.0.10 - - [24/Feb/2016 21:06:04] "GET /v1/images/detail?is_public=None&limit=20 HTTP/1.1" 200 713 0.299692
2016-02-24 21:06:17.683 2154 INFO eventlet.wsgi.server [req-e26722e7-091f-4219-983a-9c72f7c14871 9b1f9b36d7354b1ea121ccfbae339d8b 85a11a1515f94848be7aa5b56adec8bf - - -] 192.168.0.10 - - [24/Feb/2016 21:06:17] "HEAD /v1/images/8a724f78-2673-4ea1-b607-373626a15afb HTTP/1.1" 200 817 0.374518
2016-02-24 21:15:51.458 2154 INFO eventlet.wsgi.server [req-3e06cf12-67d6-4b2b-b547-272d0161e3fb 9b1f9b36d7354b1ea121ccfbae339d8b 85a11a1515f94848be7aa5b56adec8bf - - -] 192.168.0.10 - - [24/Feb/2016 21:15:51] "HEAD /v1/images/8a724f78-2673-4ea1-b607-373626a15afb HTTP/1.1" 200 817 0.413261
2016-02-24 21:16:04.055 2161 INFO eventlet.wsgi.server [req-5e2b2d74-a49d-4156-83f7-3fa6ba879e56 9b1f9b36d7354b1ea121ccfbae339d8b 85a11a1515f94848be7aa5b56adec8bf - - -] 192.168.0.10 - - [24/Feb/2016 21:16:04] "GET /v1/images/detail?is_public=None&limit=20 HTTP/1.1" 200 713 0.375497
2016-02-24 21:16:17.269 2154 INFO eventlet.wsgi.server [req-d85e4000-4dd2-4905-8a1e-82fcf58bba94 9b1f9b36d7354b1ea121ccfbae339d8b 85a11a1515f94848be7aa5b56adec8bf - - -] 192.168.0.10 - - [24/Feb/2016 21:16:17] "HEAD /v1/images/8a724f78-2673-4ea1-b607-373626a15afb HTTP/1.1" 200 817 0.251338
2016-02-24 21:25:51.407 2166 INFO eventlet.wsgi.server [req-b34fda62-7104-44f7-bc12-1a929003a8af 9b1f9b36d7354b1ea121ccfbae339d8b 85a11a1515f94848be7aa5b56adec8bf - - -] 192.168.0.10 - - [24/Feb/2016 21:25:51] "HEAD /v1/images/8a724f78-2673-4ea1-b607-373626a15afb HTTP/1.1" 200 817 0.397293
2016-02-24 21:26:03.701 2154 INFO eventlet.wsgi.server [req-0dfaddb1-7d4a-46d0-a826-fe2315314466 9b1f9b36d7354b1ea121ccfbae339d8b 85a11a1515f94848be7aa5b56adec8bf - - -] 192.168.0.10 - - [24/Feb/2016 21:26:03] "GET /v1/images/detail?is_public=None&limit=20 HTTP/1.1" 200 713 0.266290
2016-02-24 21:26:17.176 2166 INFO eventlet.wsgi.server [req-54f1e4fd-c9ed-4fcd-8d6e-9ca876d8fcf9 9b1f9b36d7354b1ea121ccfbae339d8b 85a11a1515f94848be7aa5b56adec8bf - - -] 192.168.0.10 - - [24/Feb/2016 21:26:17] "HEAD /v1/images/8a724f78-2673-4ea1-b607-373626a15afb HTTP/1.1" 200 817 0.242802
2016-02-24 21:35:51.341 2173 INFO eventlet.wsgi.server [req-7fc1b045-ff41-4feb-af2b-2dc6f1f93665 9b1f9b36d7354b1ea121ccfbae339d8b 85a11a1515f94848be7aa5b56adec8bf - - -] 192.168.0.10 - - [24/Feb/2016 21:35:51] "HEAD /v1/images/8a724f78-2673-4ea1-b607-373626a15afb HTTP/1.1" 200 817 0.383130
2016-02-24 21:36:03.719 2161 INFO eventlet.wsgi.server [req-f53190ec-49fb-40ce-9af8-e810707230ff 9b1f9b36d7354b1ea121ccfbae339d8b 85a11a1515f94848be7aa5b56adec8bf - - -] 192.168.0.10 - - [24/Feb/2016 21:36:03] "GET /v1/images/detail?is_public=None&limit=20 HTTP/1.1" 200 713 0.289558
2016-02-24 21:36:17.226 2166 INFO eventlet.wsgi.server [req-1905e388-674b-428e-bedd-170be8af54a4 9b1f9b36d7354b1ea121ccfbae339d8b 85a11a1515f94848be7aa5b56adec8bf - - -] 192.168.0.10 - - [24/Feb/2016 21:36:17] "HEAD /v1/images/8a724f78-2673-4ea1-b607-373626a15afb HTTP/1.1" 200 817 0.261753
2016-02-24 21:45:51.249 2173 INFO eventlet.wsgi.server [req-4f472dc2-225d-4eff-850d-8a462b16fb37 9b1f9b36d7354b1ea121ccfbae339d8b 85a11a1515f94848be7aa5b56adec8bf - - -] 192.168.0.10 - - [24/Feb/2016 21:45:51] "HEAD /v1/images/8a724f78-2673-4ea1-b607-373626a15afb HTTP/1.1" 200 817 0.256565
2016-02-24 21:46:03.740 2161 INFO eventlet.wsgi.server [req-b1ea1218-58dd-4607-a1dd-d4bc49cabf42 9b1f9b36d7354b1ea121ccfbae339d8b 85a11a1515f94848be7aa5b56adec8bf - - -] 192.168.0.10 - - [24/Feb/2016 21:46:03] "GET /v1/images/detail?is_public=None&limit=20 HTTP/1.1" 200 713 0.253343
2016-02-24 21:46:17.162 2154 INFO eventlet.wsgi.server [req-7fb67936-1810-4840-bf14-b9d04241034e 9b1f9b36d7354b1ea121ccfbae339d8b 85a11a1515f94848be7aa5b56adec8bf - - -] 192.168.0.10 - - [24/Feb/2016 21:46:17] "HEAD /v1/images/8a724f78-2673-4ea1-b607-373626a15afb HTTP/1.1" 200 817 0.265482
2016-02-24 21:55:51.375 2161 INFO eventlet.wsgi.server [req-a270dc9c-185f-489b-8e7e-33e2ecc9d672 9b1f9b36d7354b1ea121ccfbae339d8b 85a11a1515f94848be7aa5b56adec8bf - - -] 192.168.0.10 - - [24/Feb/2016 21:55:51] "HEAD /v1/images/8a724f78-2673-4ea1-b607-373626a15afb HTTP/1.1" 200 817 0.234116
2016-02-24 21:56:03.915 2173 INFO eventlet.wsgi.server [req-24b52080-a9f3-48cb-9d21-f8c5f51e830b 9b1f9b36d7354b1ea121ccfbae339d8b 85a11a1515f94848be7aa5b56adec8bf - - -] 192.168.0.10 - - [24/Feb/2016 21:56:03] "GET /v1/images/detail?is_public=None&limit=20 HTTP/1.1" 200 713 0.367836
2016-02-24 21:56:17.580 2154 INFO eventlet.wsgi.server [req-6fc3ca2b-c4ff-48f5-a6f0-5b52cc39fa58 9b1f9b36d7354b1ea121ccfbae339d8b 85a11a1515f94848be7aa5b56adec8bf - - -] 192.168.0.10 - - [24/Feb/2016 21:56:17] "HEAD /v1/images/8a724f78-2673-4ea1-b607-373626a15afb HTTP/1.1" 200 817 0.374572
2016-02-24 22:05:51.407 2173 INFO eventlet.wsgi.server [req-9064c8ff-3440-4be9-898c-8e79e3a3c7b7 9b1f9b36d7354b1ea121ccfbae339d8b 85a11a1515f94848be7aa5b56adec8bf - - -] 192.168.0.10 - - [24/Feb/2016 22:05:51] "HEAD /v1/images/8a724f78-2673-4ea1-b607-373626a15afb HTTP/1.1" 200 817 0.361911
2016-02-24 22:06:04.266 2173 INFO eventlet.wsgi.server [req-5a4b7b51-626a-48d1-9439-4526be9186ea 9b1f9b36d7354b1ea121ccfbae339d8b 85a11a1515f94848be7aa5b56adec8bf - - -] 192.168.0.10 - - [24/Feb/2016 22:06:04] "GET /v1/images/detail?is_public=None&limit=20 HTTP/1.1" 200 713 0.250235
2016-02-24 22:06:17.677 2154 INFO eventlet.wsgi.server [req-2d35936d-b780-469a-bd7c-c816d4de6dd4 9b1f9b36d7354b1ea121ccfbae339d8b 85a11a1515f94848be7aa5b56adec8bf - - -] 192.168.0.10 - - [24/Feb/2016 22:06:17] "HEAD /v1/images/8a724f78-2673-4ea1-b607-373626a15afb HTTP/1.1" 200 817 0.408035
2016-02-24 22:15:51.301 2154 INFO eventlet.wsgi.server [req-18819278-2f9b-4922-a248-b830dd3deb80 9b1f9b36d7354b1ea121ccfbae339d8b 85a11a1515f94848be7aa5b56adec8bf - - -] 192.168.0.10 - - [24/Feb/2016 22:15:51] "HEAD /v1/images/8a724f78-2673-4ea1-b607-373626a15afb HTTP/1.1" 200 817 0.393312
2016-02-24 22:16:03.934 2173 INFO eventlet.wsgi.server [req-a54400c6-b3d2-404f-b8fc-ed789b661e3d 9b1f9b36d7354b1ea121ccfbae339d8b 85a11a1515f94848be7aa5b56adec8bf - - -] 192.168.0.10 - - [24/Feb/2016 22:16:03] "GET /v1/images/detail?is_public=None&limit=20 HTTP/1.1" 200 713 0.266696
2016-02-24 22:16:17.248 2166 INFO eventlet.wsgi.server [req-0a773baa-343b-47d3-8dcf-a87ce14b78ee 9b1f9b36d7354b1ea121ccfbae339d8b 85a11a1515f94848be7aa5b56adec8bf - - -] 192.168.0.10 - - [24/Feb/2016 22:16:17] "HEAD /v1/images/8a724f78-2673-4ea1-b607-373626a15afb HTTP/1.1" 200 817 0.258100
2016-02-24 22:25:51.294 2166 INFO eventlet.wsgi.server [req-2e638eb0-efca-4471-8099-33832b69655d 9b1f9b36d7354b1ea121ccfbae339d8b 85a11a1515f94848be7aa5b56adec8bf - - -] 192.168.0.10 - - [24/Feb/2016 22:25:51] "HEAD /v1/images/8a724f78-2673-4ea1-b607-373626a15afb HTTP/1.1" 200 817 0.379733
2016-02-24 22:26:03.701 2173 INFO eventlet.wsgi.server [req-826aefed-4e12-4487-898c-cb8a97343eba 9b1f9b36d7354b1ea121ccfbae339d8b 85a11a1515f94848be7aa5b56adec8bf - - -] 192.168.0.10 - - [24/Feb/2016 22:26:03] "GET /v1/images/detail?is_public=None&limit=20 HTTP/1.1" 200 713 0.269579
2016-02-24 22:26:17.273 2166 INFO eventlet.wsgi.server [req-c864cdba-a31f-45ab-859e-80f0a91f3157 9b1f9b36d7354b1ea121ccfbae339d8b 85a11a1515f94848be7aa5b56adec8bf - - -] 192.168.0.10 - - [24/Feb/2016 22:26:17] "HEAD /v1/images/8a724f78-2673-4ea1-b607-373626a15afb HTTP/1.1" 200 817 0.238738
2016-02-24 22:35:51.363 2173 INFO eventlet.wsgi.server [req-9017d7eb-045b-456a-88f6-19bc99b0ab1a 9b1f9b36d7354b1ea121ccfbae339d8b 85a11a1515f94848be7aa5b56adec8bf - - -] 192.168.0.10 - - [24/Feb/2016 22:35:51] "HEAD /v1/images/8a724f78-2673-4ea1-b607-373626a15afb HTTP/1.1" 200 817 0.263343
2016-02-24 22:36:03.767 2154 INFO eventlet.wsgi.server [req-60a82c06-36a0-4931-b93d-66d60a58d649 9b1f9b36d7354b1ea121ccfbae339d8b 85a11a1515f94848be7aa5b56adec8bf - - -] 192.168.0.10 - - [24/Feb/2016 22:36:03] "GET /v1/images/detail?is_public=None&limit=20 HTTP/1.1" 200 713 0.293950
2016-02-24 22:36:17.375 2154 INFO eventlet.wsgi.server [req-7a321ff1-2fec-4e86-9e16-c75a8ce588dc 9b1f9b36d7354b1ea121ccfbae339d8b 85a11a1515f94848be7aa5b56adec8bf - - -] 192.168.0.10 - - [24/Feb/2016 22:36:17] "HEAD /v1/images/8a724f78-2673-4ea1-b607-373626a15afb HTTP/1.1" 200 817 0.378495
2016-02-24 22:45:51.188 2154 INFO eventlet.wsgi.server [req-99488db6-6154-4802-827d-33066c9558a9 9b1f9b36d7354b1ea121ccfbae339d8b 85a11a1515f94848be7aa5b56adec8bf - - -] 192.168.0.10 - - [24/Feb/2016 22:45:51] "HEAD /v1/images/8a724f78-2673-4ea1-b607-373626a15afb HTTP/1.1" 200 817 0.231587
2016-02-24 22:46:03.926 2166 INFO eventlet.wsgi.server [req-7f1cfb47-3b12-41e7-ab67-2061bd10dfc0 9b1f9b36d7354b1ea121ccfbae339d8b 85a11a1515f94848be7aa5b56adec8bf - - -] 192.168.0.10 - - [24/Feb/2016 22:46:03] "GET /v1/images/detail?is_public=None&limit=20 HTTP/1.1" 200 713 0.337551
2016-02-24 22:46:17.266 2173 INFO eventlet.wsgi.server [req-ea5416f6-7e1a-4f6c-b039-10a6b8defa8f 9b1f9b36d7354b1ea121ccfbae339d8b 85a11a1515f94848be7aa5b56adec8bf - - -] 192.168.0.10 - - [24/Feb/2016 22:46:17] "HEAD /v1/images/8a724f78-2673-4ea1-b607-373626a15afb HTTP/1.1" 200 817 0.263897
2016-02-24 22:55:51.465 2154 INFO eventlet.wsgi.server [req-2d67b624-c5fc-47b5-ba42-61ce254624d1 9b1f9b36d7354b1ea121ccfbae339d8b 85a11a1515f94848be7aa5b56adec8bf - - -] 192.168.0.10 - - [24/Feb/2016 22:55:51] "HEAD /v1/images/8a724f78-2673-4ea1-b607-373626a15afb HTTP/1.1" 200 817 0.245221
2016-02-24 22:56:03.864 2166 INFO eventlet.wsgi.server [req-ee39aa79-f13d-4cf4-9429-0bbacf1e9375 9b1f9b36d7354b1ea121ccfbae339d8b 85a11a1515f94848be7aa5b56adec8bf - - -] 192.168.0.10 - - [24/Feb/2016 22:56:03] "GET /v1/images/detail?is_public=None&limit=20 HTTP/1.1" 200 713 0.266546
2016-02-24 22:56:17.491 2154 INFO eventlet.wsgi.server [req-b95460b2-ab87-46a6-ab90-e8880ae277d4 9b1f9b36d7354b1ea121ccfbae339d8b 85a11a1515f94848be7aa5b56adec8bf - - -] 192.168.0.10 - - [24/Feb/2016 22:56:17] "HEAD /v1/images/8a724f78-2673-4ea1-b607-373626a15afb HTTP/1.1" 200 817 0.233172
2016-02-24 23:02:20.199 1033 INFO glance.common.wsgi [-] Removed dead child 2154
2016-02-24 23:02:20.696 1033 INFO glance.common.wsgi [-] Started child 17950
2016-02-24 23:02:20.874 17950 INFO eventlet.wsgi.server [-] (17950) wsgi starting up on http://0.0.0.0:9292/
2016-02-24 23:02:20.883 17950 INFO eventlet.wsgi.server [-] (17950) wsgi exited, is_accepting=True
2016-02-24 23:02:21.172 17950 INFO glance.common.wsgi [-] Child 17950 exiting normally
2016-02-25 19:47:17.593 990 WARNING oslo_config.cfg [-] Option "filesystem_store_datadir" from group "DEFAULT" is deprecated. Use option "filesystem_store_datadir" from group "glance_store".
2016-02-25 19:47:17.597 990 INFO glance.common.wsgi [-] Starting 4 workers
2016-02-25 19:47:17.672 990 INFO glance.common.wsgi [-] Started child 1925
2016-02-25 19:47:17.680 1925 INFO eventlet.wsgi.server [-] (1925) wsgi starting up on http://0.0.0.0:9292/
2016-02-25 19:47:17.768 1929 INFO eventlet.wsgi.server [-] (1929) wsgi starting up on http://0.0.0.0:9292/
2016-02-25 19:47:17.757 990 INFO glance.common.wsgi [-] Started child 1929
2016-02-25 19:47:17.902 1933 INFO eventlet.wsgi.server [-] (1933) wsgi starting up on http://0.0.0.0:9292/
2016-02-25 19:47:17.944 990 INFO glance.common.wsgi [-] Started child 1933
2016-02-25 19:47:18.021 1942 INFO eventlet.wsgi.server [-] (1942) wsgi starting up on http://0.0.0.0:9292/
2016-02-25 19:47:18.011 990 INFO glance.common.wsgi [-] Started child 1942
2016-02-25 19:53:50.303 1942 INFO eventlet.wsgi.server [req-7b9b0fad-bcbd-4470-a014-7e04856925d1 e9483918caa940a48fe882ba092c7e0b 300b2cc45c3846939e589310ae714e46 - - -] 192.168.0.10 - - [25/Feb/2016 19:53:50] "GET /v1/images/detail?sort_key=name&sort_dir=asc&limit=20 HTTP/1.1" 200 713 0.986826
2016-02-25 19:56:41.838 1933 INFO eventlet.wsgi.server [req-086ad526-7b40-4c71-b040-17d5e35d9f17 9b1f9b36d7354b1ea121ccfbae339d8b 85a11a1515f94848be7aa5b56adec8bf - - -] 192.168.0.10 - - [25/Feb/2016 19:56:41] "HEAD /v1/images/8a724f78-2673-4ea1-b607-373626a15afb HTTP/1.1" 200 817 0.522568
2016-02-25 19:56:53.771 1925 WARNING oslo_config.cfg [req-0701515b-df08-4ca3-8bb6-b21c4521b461 e9483918caa940a48fe882ba092c7e0b 300b2cc45c3846939e589310ae714e46 - - -] Option "rabbit_virtual_host" from group "DEFAULT" is deprecated. Use option "rabbit_virtual_host" from group "oslo_messaging_rabbit".
2016-02-25 19:56:53.773 1925 WARNING oslo_config.cfg [req-0701515b-df08-4ca3-8bb6-b21c4521b461 e9483918caa940a48fe882ba092c7e0b 300b2cc45c3846939e589310ae714e46 - - -] Option "rabbit_hosts" from group "DEFAULT" is deprecated. Use option "rabbit_hosts" from group "oslo_messaging_rabbit".
2016-02-25 19:56:53.774 1925 WARNING oslo_config.cfg [req-0701515b-df08-4ca3-8bb6-b21c4521b461 e9483918caa940a48fe882ba092c7e0b 300b2cc45c3846939e589310ae714e46 - - -] Option "rabbit_port" from group "DEFAULT" is deprecated. Use option "rabbit_port" from group "oslo_messaging_rabbit".
2016-02-25 19:56:53.774 1925 WARNING oslo_config.cfg [req-0701515b-df08-4ca3-8bb6-b21c4521b461 e9483918caa940a48fe882ba092c7e0b 300b2cc45c3846939e589310ae714e46 - - -] Option "rabbit_userid" from group "DEFAULT" is deprecated. Use option "rabbit_userid" from group "oslo_messaging_rabbit".
2016-02-25 19:56:53.775 1925 WARNING oslo_config.cfg [req-0701515b-df08-4ca3-8bb6-b21c4521b461 e9483918caa940a48fe882ba092c7e0b 300b2cc45c3846939e589310ae714e46 - - -] Option "rabbit_password" from group "DEFAULT" is deprecated. Use option "rabbit_password" from group "oslo_messaging_rabbit".
2016-02-25 19:56:53.776 1925 WARNING oslo_config.cfg [req-0701515b-df08-4ca3-8bb6-b21c4521b461 e9483918caa940a48fe882ba092c7e0b 300b2cc45c3846939e589310ae714e46 - - -] Option "rabbit_use_ssl" from group "DEFAULT" is deprecated. Use option "rabbit_use_ssl" from group "oslo_messaging_rabbit".
2016-02-25 19:56:53.805 1925 INFO oslo_messaging._drivers.impl_rabbit [req-0701515b-df08-4ca3-8bb6-b21c4521b461 e9483918caa940a48fe882ba092c7e0b 300b2cc45c3846939e589310ae714e46 - - -] Connecting to AMQP server on 192.168.0.10:5672
2016-02-25 19:56:53.822 1925 INFO oslo_messaging._drivers.impl_rabbit [req-0701515b-df08-4ca3-8bb6-b21c4521b461 e9483918caa940a48fe882ba092c7e0b 300b2cc45c3846939e589310ae714e46 - - -] Connected to AMQP server on 192.168.0.10:5672
2016-02-25 19:56:53.823 1925 WARNING oslo_config.cfg [req-0701515b-df08-4ca3-8bb6-b21c4521b461 e9483918caa940a48fe882ba092c7e0b 300b2cc45c3846939e589310ae714e46 - - -] Option "rabbit_ha_queues" from group "DEFAULT" is deprecated. Use option "rabbit_ha_queues" from group "oslo_messaging_rabbit".
2016-02-25 19:56:55.409 1925 INFO eventlet.wsgi.server [req-0701515b-df08-4ca3-8bb6-b21c4521b461 e9483918caa940a48fe882ba092c7e0b 300b2cc45c3846939e589310ae714e46 - - -] 192.168.0.10 - - [25/Feb/2016 19:56:55] "POST /v1/images HTTP/1.1" 201 759 2.886895
2016-02-25 19:57:05.878 1925 INFO eventlet.wsgi.server [req-304c3ac5-c197-4530-a777-98519f3f4798 e9483918caa940a48fe882ba092c7e0b 300b2cc45c3846939e589310ae714e46 - - -] 192.168.0.10 - - [25/Feb/2016 19:57:05] "GET /v1/images/detail?sort_key=name&sort_dir=asc&limit=20 HTTP/1.1" 200 1172 0.340241
2016-02-25 19:57:07.374 1933 INFO eventlet.wsgi.server [req-13399ce6-6830-4904-8a87-6a6b704bcc9c 9b1f9b36d7354b1ea121ccfbae339d8b 85a11a1515f94848be7aa5b56adec8bf - - -] 192.168.0.10 - - [25/Feb/2016 19:57:07] "HEAD /v1/images/8a724f78-2673-4ea1-b607-373626a15afb HTTP/1.1" 200 817 0.259757
2016-02-25 19:57:15.958 1929 INFO eventlet.wsgi.server [req-cf6e521f-e219-4341-8ae2-6f600a46d0a7 9b1f9b36d7354b1ea121ccfbae339d8b 85a11a1515f94848be7aa5b56adec8bf - - -] 192.168.0.10 - - [25/Feb/2016 19:57:15] "GET /v1/images/detail?is_public=None&limit=20 HTTP/1.1" 200 1172 0.451171
2016-02-25 20:00:48.369 1933 INFO eventlet.wsgi.server [req-ea4df2eb-fd7e-4556-825f-fe668f5f3516 e9483918caa940a48fe882ba092c7e0b 300b2cc45c3846939e589310ae714e46 - - -] 192.168.0.10 - - [25/Feb/2016 20:00:48] "GET /v1/images/detail?is_public=none&limit=20 HTTP/1.1" 200 1172 0.332484
2016-02-25 20:00:48.681 1929 INFO eventlet.wsgi.server [req-842bd0a6-9bb6-4271-b1ed-962cff282b0c e9483918caa940a48fe882ba092c7e0b 300b2cc45c3846939e589310ae714e46 - - -] 192.168.0.10 - - [25/Feb/2016 20:00:48] "HEAD /v1/images/354e056f-80fa-448f-98bc-bb8af7dea3ed HTTP/1.1" 200 726 0.258183
2016-02-25 20:00:48.721 1929 INFO eventlet.wsgi.server [req-4eec04a1-0309-4f89-b368-aadb17b5cb93 e9483918caa940a48fe882ba092c7e0b 300b2cc45c3846939e589310ae714e46 - - -] 192.168.0.10 - - [25/Feb/2016 20:00:48] "HEAD /v1/images/354e056f-80fa-448f-98bc-bb8af7dea3ed HTTP/1.1" 200 726 0.034824
2016-02-25 20:00:48.966 1929 INFO eventlet.wsgi.server [req-d96472f5-491c-44e6-9003-348b069b8e6f e9483918caa940a48fe882ba092c7e0b 300b2cc45c3846939e589310ae714e46 - - -] 192.168.0.10 - - [25/Feb/2016 20:00:48] "HEAD /v1/images/354e056f-80fa-448f-98bc-bb8af7dea3ed HTTP/1.1" 200 726 0.120063
2016-02-25 20:00:49.000 1929 INFO eventlet.wsgi.server [req-9008673a-c210-4627-a161-014b15948bbd e9483918caa940a48fe882ba092c7e0b 300b2cc45c3846939e589310ae714e46 - - -] 192.168.0.10 - - [25/Feb/2016 20:00:49] "HEAD /v1/images/354e056f-80fa-448f-98bc-bb8af7dea3ed HTTP/1.1" 200 726 0.028791
2016-02-25 20:00:50.080 1933 INFO eventlet.wsgi.server [req-a88e2087-0c03-4a68-9ddf-fb76cc8da547 e9483918caa940a48fe882ba092c7e0b 300b2cc45c3846939e589310ae714e46 - - -] 192.168.0.10 - - [25/Feb/2016 20:00:50] "HEAD /v1/images/354e056f-80fa-448f-98bc-bb8af7dea3ed HTTP/1.1" 200 726 0.030660
2016-02-25 20:00:50.112 1933 INFO eventlet.wsgi.server [req-6cda861f-9df5-4442-bc52-37f9465c09aa e9483918caa940a48fe882ba092c7e0b 300b2cc45c3846939e589310ae714e46 - - -] 192.168.0.10 - - [25/Feb/2016 20:00:50] "HEAD /v1/images/354e056f-80fa-448f-98bc-bb8af7dea3ed HTTP/1.1" 200 726 0.027232
2016-02-25 20:00:57.727 1942 WARNING oslo_config.cfg [req-273686d7-8379-4a9c-9a70-30975d4d5ca1 e9483918caa940a48fe882ba092c7e0b 300b2cc45c3846939e589310ae714e46 - - -] Option "rabbit_virtual_host" from group "DEFAULT" is deprecated. Use option "rabbit_virtual_host" from group "oslo_messaging_rabbit".
2016-02-25 20:00:57.729 1942 WARNING oslo_config.cfg [req-273686d7-8379-4a9c-9a70-30975d4d5ca1 e9483918caa940a48fe882ba092c7e0b 300b2cc45c3846939e589310ae714e46 - - -] Option "rabbit_hosts" from group "DEFAULT" is deprecated. Use option "rabbit_hosts" from group "oslo_messaging_rabbit".
2016-02-25 20:00:57.730 1942 WARNING oslo_config.cfg [req-273686d7-8379-4a9c-9a70-30975d4d5ca1 e9483918caa940a48fe882ba092c7e0b 300b2cc45c3846939e589310ae714e46 - - -] Option "rabbit_port" from group "DEFAULT" is deprecated. Use option "rabbit_port" from group "oslo_messaging_rabbit".
2016-02-25 20:00:57.731 1942 WARNING oslo_config.cfg [req-273686d7-8379-4a9c-9a70-30975d4d5ca1 e9483918caa940a48fe882ba092c7e0b 300b2cc45c3846939e589310ae714e46 - - -] Option "rabbit_userid" from group "DEFAULT" is deprecated. Use option "rabbit_userid" from group "oslo_messaging_rabbit".
2016-02-25 20:00:57.732 1942 WARNING oslo_config.cfg [req-273686d7-8379-4a9c-9a70-30975d4d5ca1 e9483918caa940a48fe882ba092c7e0b 300b2cc45c3846939e589310ae714e46 - - -] Option "rabbit_password" from group "DEFAULT" is deprecated. Use option "rabbit_password" from group "oslo_messaging_rabbit".
2016-02-25 20:00:57.734 1942 WARNING oslo_config.cfg [req-273686d7-8379-4a9c-9a70-30975d4d5ca1 e9483918caa940a48fe882ba092c7e0b 300b2cc45c3846939e589310ae714e46 - - -] Option "rabbit_use_ssl" from group "DEFAULT" is deprecated. Use option "rabbit_use_ssl" from group "oslo_messaging_rabbit".
2016-02-25 20:00:57.765 1942 INFO oslo_messaging._drivers.impl_rabbit [req-273686d7-8379-4a9c-9a70-30975d4d5ca1 e9483918caa940a48fe882ba092c7e0b 300b2cc45c3846939e589310ae714e46 - - -] Connecting to AMQP server on 192.168.0.10:5672
2016-02-25 20:00:57.786 1942 INFO oslo_messaging._drivers.impl_rabbit [req-273686d7-8379-4a9c-9a70-30975d4d5ca1 e9483918caa940a48fe882ba092c7e0b 300b2cc45c3846939e589310ae714e46 - - -] Connected to AMQP server on 192.168.0.10:5672
2016-02-25 20:00:57.788 1942 WARNING oslo_config.cfg [req-273686d7-8379-4a9c-9a70-30975d4d5ca1 e9483918caa940a48fe882ba092c7e0b 300b2cc45c3846939e589310ae714e46 - - -] Option "rabbit_ha_queues" from group "DEFAULT" is deprecated. Use option "rabbit_ha_queues" from group "oslo_messaging_rabbit".
2016-02-25 20:00:57.800 1942 INFO eventlet.wsgi.server [req-273686d7-8379-4a9c-9a70-30975d4d5ca1 e9483918caa940a48fe882ba092c7e0b 300b2cc45c3846939e589310ae714e46 - - -] 192.168.0.13 - - [25/Feb/2016 20:00:57] "GET /v1/images/354e056f-80fa-448f-98bc-bb8af7dea3ed HTTP/1.1" 200 13288669 6.882234
2016-02-25 20:01:32.181 1925 INFO eventlet.wsgi.server [req-2f53cf74-b82c-4385-8c8a-34512ab7fbdb e9483918caa940a48fe882ba092c7e0b 300b2cc45c3846939e589310ae714e46 - - -] 192.168.0.10 - - [25/Feb/2016 20:01:32] "GET /v1/images/detail?sort_key=created_at&sort_dir=desc&limit=1000 HTTP/1.1" 200 1172 0.335811
2016-02-25 20:01:34.286 1925 INFO eventlet.wsgi.server [req-c63c5103-ba14-4f9d-8517-e19ecfbf9076 e9483918caa940a48fe882ba092c7e0b 300b2cc45c3846939e589310ae714e46 - - -] 192.168.0.10 - - [25/Feb/2016 20:01:34] "HEAD /v1/images/354e056f-80fa-448f-98bc-bb8af7dea3ed HTTP/1.1" 200 726 0.149370
2016-02-25 20:01:37.887 1929 INFO eventlet.wsgi.server [req-a035ac97-08cf-447d-8ed5-c3e577acb596 e9483918caa940a48fe882ba092c7e0b 300b2cc45c3846939e589310ae714e46 - - -] 192.168.0.10 - - [25/Feb/2016 20:01:37] "HEAD /v1/images/354e056f-80fa-448f-98bc-bb8af7dea3ed HTTP/1.1" 200 726 0.299604
2016-02-25 20:01:44.016 1929 INFO eventlet.wsgi.server [req-fc5db259-97b5-49d0-801c-8775f54c4220 e9483918caa940a48fe882ba092c7e0b 300b2cc45c3846939e589310ae714e46 - - -] 192.168.0.10 - - [25/Feb/2016 20:01:44] "HEAD /v1/images/354e056f-80fa-448f-98bc-bb8af7dea3ed HTTP/1.1" 200 726 0.042695
2016-02-25 20:01:52.640 1942 INFO eventlet.wsgi.server [req-a0c79809-18e3-421b-ab34-9d379eaf626c e9483918caa940a48fe882ba092c7e0b 300b2cc45c3846939e589310ae714e46 - - -] 192.168.0.10 - - [25/Feb/2016 20:01:52] "HEAD /v1/images/354e056f-80fa-448f-98bc-bb8af7dea3ed HTTP/1.1" 200 726 0.221487
2016-02-25 20:02:03.457 1942 INFO eventlet.wsgi.server [req-6d227cac-dfb6-496f-a299-e1d5b05f49f3 e9483918caa940a48fe882ba092c7e0b 300b2cc45c3846939e589310ae714e46 - - -] 192.168.0.10 - - [25/Feb/2016 20:02:03] "HEAD /v1/images/354e056f-80fa-448f-98bc-bb8af7dea3ed HTTP/1.1" 200 726 0.056185
2016-02-25 20:02:16.828 1925 INFO eventlet.wsgi.server [req-6e5af072-5536-483b-b3ad-40ede0feb07b e9483918caa940a48fe882ba092c7e0b 300b2cc45c3846939e589310ae714e46 - - -] 192.168.0.10 - - [25/Feb/2016 20:02:16] "HEAD /v1/images/354e056f-80fa-448f-98bc-bb8af7dea3ed HTTP/1.1" 200 726 0.051291
2016-02-25 20:02:26.579 1942 INFO eventlet.wsgi.server [req-ca85d246-f2fa-4589-ad04-07433fa6b664 e9483918caa940a48fe882ba092c7e0b 300b2cc45c3846939e589310ae714e46 - - -] 192.168.0.10 - - [25/Feb/2016 20:02:26] "GET /v1/images/detail?sort_key=created_at&sort_dir=desc&status=active&limit=1000&is_public=True HTTP/1.1" 200 1172 0.109248
2016-02-25 20:02:26.852 1942 INFO eventlet.wsgi.server [req-f3712be9-5aec-4bde-9776-9f18df886464 e9483918caa940a48fe882ba092c7e0b 300b2cc45c3846939e589310ae714e46 - - -] 192.168.0.10 - - [25/Feb/2016 20:02:26] "GET /v1/images/detail?sort_key=created_at&sort_dir=desc&property-owner_id=300b2cc45c3846939e589310ae714e46&status=active&limit=1000 HTTP/1.1" 200 231 0.267312
2016-02-25 20:02:32.653 1933 INFO eventlet.wsgi.server [req-1b0d3725-c0e5-49d4-901a-f3137e923fb3 e9483918caa940a48fe882ba092c7e0b 300b2cc45c3846939e589310ae714e46 - - -] 192.168.0.10 - - [25/Feb/2016 20:02:32] "HEAD /v1/images/354e056f-80fa-448f-98bc-bb8af7dea3ed HTTP/1.1" 200 726 0.149111
2016-02-25 20:03:40.333 1925 INFO eventlet.wsgi.server [req-950d3cb7-3e6e-427a-8331-35e5cf3e44b7 e9483918caa940a48fe882ba092c7e0b 300b2cc45c3846939e589310ae714e46 - - -] 192.168.0.10 - - [25/Feb/2016 20:03:40] "GET /v1/images/detail?sort_key=created_at&sort_dir=desc&status=active&limit=1000&is_public=True HTTP/1.1" 200 1172 0.096052
2016-02-25 20:03:40.396 1925 INFO eventlet.wsgi.server [req-e940c3c4-33b6-4abe-9007-962d471c097a e9483918caa940a48fe882ba092c7e0b 300b2cc45c3846939e589310ae714e46 - - -] 192.168.0.10 - - [25/Feb/2016 20:03:40] "GET /v1/images/detail?sort_key=created_at&sort_dir=desc&property-owner_id=300b2cc45c3846939e589310ae714e46&status=active&limit=1000 HTTP/1.1" 200 231 0.059407
2016-02-25 20:03:50.051 1925 INFO eventlet.wsgi.server [req-282aca43-6d45-4ab7-b879-7e017973d24a e9483918caa940a48fe882ba092c7e0b 300b2cc45c3846939e589310ae714e46 - - -] 192.168.0.10 - - [25/Feb/2016 20:03:50] "GET /v1/images/detail?sort_key=created_at&sort_dir=desc&status=active&limit=1000&is_public=True HTTP/1.1" 200 1172 0.093677
2016-02-25 20:03:50.106 1925 INFO eventlet.wsgi.server [req-d4023fe4-a7dc-44d0-b35f-3cb1307d76c6 e9483918caa940a48fe882ba092c7e0b 300b2cc45c3846939e589310ae714e46 - - -] 192.168.0.10 - - [25/Feb/2016 20:03:50] "GET /v1/images/detail?sort_key=created_at&sort_dir=desc&property-owner_id=300b2cc45c3846939e589310ae714e46&status=active&limit=1000 HTTP/1.1" 200 231 0.050857
2016-02-25 20:03:51.022 1942 INFO eventlet.wsgi.server [req-671cd12d-1774-49ce-975b-c557f306ea13 e9483918caa940a48fe882ba092c7e0b 300b2cc45c3846939e589310ae714e46 - - -] 192.168.0.10 - - [25/Feb/2016 20:03:51] "HEAD /v1/images/354e056f-80fa-448f-98bc-bb8af7dea3ed HTTP/1.1" 200 726 0.048268
2016-02-25 20:03:51.069 1942 INFO eventlet.wsgi.server [req-b6b3f322-619a-418a-a0a7-e7747914803d e9483918caa940a48fe882ba092c7e0b 300b2cc45c3846939e589310ae714e46 - - -] 192.168.0.10 - - [25/Feb/2016 20:03:51] "HEAD /v1/images/354e056f-80fa-448f-98bc-bb8af7dea3ed HTTP/1.1" 200 726 0.040375
2016-02-25 20:03:51.488 1942 INFO eventlet.wsgi.server [req-812b30d5-74be-435b-8147-8ab9d9a24c6d e9483918caa940a48fe882ba092c7e0b 300b2cc45c3846939e589310ae714e46 - - -] 192.168.0.10 - - [25/Feb/2016 20:03:51] "HEAD /v1/images/354e056f-80fa-448f-98bc-bb8af7dea3ed HTTP/1.1" 200 726 0.036602
2016-02-25 20:03:51.516 1942 INFO eventlet.wsgi.server [req-41754758-0580-4cfa-8bfe-2c00e1db6929 e9483918caa940a48fe882ba092c7e0b 300b2cc45c3846939e589310ae714e46 - - -] 192.168.0.10 - - [25/Feb/2016 20:03:51] "HEAD /v1/images/354e056f-80fa-448f-98bc-bb8af7dea3ed HTTP/1.1" 200 726 0.024660
2016-02-25 20:03:52.445 1942 INFO eventlet.wsgi.server [req-e77e454f-569e-4cc2-9d1c-ab444c588535 e9483918caa940a48fe882ba092c7e0b 300b2cc45c3846939e589310ae714e46 - - -] 192.168.0.10 - - [25/Feb/2016 20:03:52] "GET /v1/images/detail?sort_key=created_at&sort_dir=desc&limit=1000 HTTP/1.1" 200 1172 0.065510
2016-02-25 20:03:52.575 1942 INFO eventlet.wsgi.server [req-84ee953c-0c10-438b-b64c-72b32b1b8170 e9483918caa940a48fe882ba092c7e0b 300b2cc45c3846939e589310ae714e46 - - -] 192.168.0.10 - - [25/Feb/2016 20:03:52] "HEAD /v1/images/354e056f-80fa-448f-98bc-bb8af7dea3ed HTTP/1.1" 200 726 0.041215
2016-02-25 20:03:52.630 1942 INFO eventlet.wsgi.server [req-b114c689-9497-4028-9fa5-99002692ca28 e9483918caa940a48fe882ba092c7e0b 300b2cc45c3846939e589310ae714e46 - - -] 192.168.0.10 - - [25/Feb/2016 20:03:52] "HEAD /v1/images/354e056f-80fa-448f-98bc-bb8af7dea3ed HTTP/1.1" 200 726 0.050102
2016-02-25 20:03:53.364 1933 INFO eventlet.wsgi.server [req-e16c15dd-1851-4e2b-8aeb-06b5eef9c419 e9483918caa940a48fe882ba092c7e0b 300b2cc45c3846939e589310ae714e46 - - -] 192.168.0.10 - - [25/Feb/2016 20:03:53] "HEAD /v1/images/354e056f-80fa-448f-98bc-bb8af7dea3ed HTTP/1.1" 200 726 0.072129
2016-02-25 20:03:53.413 1933 INFO eventlet.wsgi.server [req-d00658dc-7b03-4a7c-93a5-d9c2935f32c7 e9483918caa940a48fe882ba092c7e0b 300b2cc45c3846939e589310ae714e46 - - -] 192.168.0.10 - - [25/Feb/2016 20:03:53] "HEAD /v1/images/354e056f-80fa-448f-98bc-bb8af7dea3ed HTTP/1.1" 200 726 0.041927
2016-02-25 20:03:55.106 1929 INFO eventlet.wsgi.server [req-58777c5c-ec0a-4173-9c0d-12b191a96b2d e9483918caa940a48fe882ba092c7e0b 300b2cc45c3846939e589310ae714e46 - - -] 192.168.0.10 - - [25/Feb/2016 20:03:55] "HEAD /v1/images/354e056f-80fa-448f-98bc-bb8af7dea3ed HTTP/1.1" 200 726 0.081327
2016-02-25 20:03:55.185 1929 INFO eventlet.wsgi.server [req-176e3097-06c1-480e-8c5b-d34ca351647f e9483918caa940a48fe882ba092c7e0b 300b2cc45c3846939e589310ae714e46 - - -] 192.168.0.10 - - [25/Feb/2016 20:03:55] "HEAD /v1/images/354e056f-80fa-448f-98bc-bb8af7dea3ed HTTP/1.1" 200 726 0.072444
2016-02-25 20:03:55.977 1929 INFO eventlet.wsgi.server [req-b01f8b43-69d4-4436-b754-6a5b113ded47 e9483918caa940a48fe882ba092c7e0b 300b2cc45c3846939e589310ae714e46 - - -] 192.168.0.10 - - [25/Feb/2016 20:03:55] "HEAD /v1/images/354e056f-80fa-448f-98bc-bb8af7dea3ed HTTP/1.1" 200 726 0.052656
2016-02-25 20:03:56.038 1929 INFO eventlet.wsgi.server [req-ae990dc1-ad26-4ba5-92d6-427d881a36a0 e9483918caa940a48fe882ba092c7e0b 300b2cc45c3846939e589310ae714e46 - - -] 192.168.0.10 - - [25/Feb/2016 20:03:56] "HEAD /v1/images/354e056f-80fa-448f-98bc-bb8af7dea3ed HTTP/1.1" 200 726 0.053782
2016-02-25 20:04:01.489 1933 WARNING oslo_config.cfg [req-8b8ccfcd-446d-4508-b3e0-921641a0be2a e9483918caa940a48fe882ba092c7e0b 300b2cc45c3846939e589310ae714e46 - - -] Option "rabbit_virtual_host" from group "DEFAULT" is deprecated. Use option "rabbit_virtual_host" from group "oslo_messaging_rabbit".
2016-02-25 20:04:01.491 1933 WARNING oslo_config.cfg [req-8b8ccfcd-446d-4508-b3e0-921641a0be2a e9483918caa940a48fe882ba092c7e0b 300b2cc45c3846939e589310ae714e46 - - -] Option "rabbit_hosts" from group "DEFAULT" is deprecated. Use option "rabbit_hosts" from group "oslo_messaging_rabbit".
2016-02-25 20:04:01.492 1933 WARNING oslo_config.cfg [req-8b8ccfcd-446d-4508-b3e0-921641a0be2a e9483918caa940a48fe882ba092c7e0b 300b2cc45c3846939e589310ae714e46 - - -] Option "rabbit_port" from group "DEFAULT" is deprecated. Use option "rabbit_port" from group "oslo_messaging_rabbit".
2016-02-25 20:04:01.493 1933 WARNING oslo_config.cfg [req-8b8ccfcd-446d-4508-b3e0-921641a0be2a e9483918caa940a48fe882ba092c7e0b 300b2cc45c3846939e589310ae714e46 - - -] Option "rabbit_userid" from group "DEFAULT" is deprecated. Use option "rabbit_userid" from group "oslo_messaging_rabbit".
2016-02-25 20:04:01.493 1933 WARNING oslo_config.cfg [req-8b8ccfcd-446d-4508-b3e0-921641a0be2a e9483918caa940a48fe882ba092c7e0b 300b2cc45c3846939e589310ae714e46 - - -] Option "rabbit_password" from group "DEFAULT" is deprecated. Use option "rabbit_password" from group "oslo_messaging_rabbit".
2016-02-25 20:04:01.495 1933 WARNING oslo_config.cfg [req-8b8ccfcd-446d-4508-b3e0-921641a0be2a e9483918caa940a48fe882ba092c7e0b 300b2cc45c3846939e589310ae714e46 - - -] Option "rabbit_use_ssl" from group "DEFAULT" is deprecated. Use option "rabbit_use_ssl" from group "oslo_messaging_rabbit".
2016-02-25 20:04:01.535 1929 INFO eventlet.wsgi.server [req-d99f992e-aab9-42de-8e32-e88811c17eb2 e9483918caa940a48fe882ba092c7e0b 300b2cc45c3846939e589310ae714e46 - - -] 192.168.0.10 - - [25/Feb/2016 20:04:01] "HEAD /v1/images/354e056f-80fa-448f-98bc-bb8af7dea3ed HTTP/1.1" 200 726 0.040990
2016-02-25 20:04:01.539 1933 INFO oslo_messaging._drivers.impl_rabbit [req-8b8ccfcd-446d-4508-b3e0-921641a0be2a e9483918caa940a48fe882ba092c7e0b 300b2cc45c3846939e589310ae714e46 - - -] Connecting to AMQP server on 192.168.0.10:5672
2016-02-25 20:04:01.566 1933 INFO oslo_messaging._drivers.impl_rabbit [req-8b8ccfcd-446d-4508-b3e0-921641a0be2a e9483918caa940a48fe882ba092c7e0b 300b2cc45c3846939e589310ae714e46 - - -] Connected to AMQP server on 192.168.0.10:5672
2016-02-25 20:04:01.567 1933 WARNING oslo_config.cfg [req-8b8ccfcd-446d-4508-b3e0-921641a0be2a e9483918caa940a48fe882ba092c7e0b 300b2cc45c3846939e589310ae714e46 - - -] Option "rabbit_ha_queues" from group "DEFAULT" is deprecated. Use option "rabbit_ha_queues" from group "oslo_messaging_rabbit".
2016-02-25 20:04:01.579 1933 INFO eventlet.wsgi.server [req-8b8ccfcd-446d-4508-b3e0-921641a0be2a e9483918caa940a48fe882ba092c7e0b 300b2cc45c3846939e589310ae714e46 - - -] 192.168.0.10 - - [25/Feb/2016 20:04:01] "GET /v1/images/354e056f-80fa-448f-98bc-bb8af7dea3ed HTTP/1.1" 200 13288669 5.128245
2016-02-25 20:04:01.579 1929 INFO eventlet.wsgi.server [req-0dadb3f9-354b-4aa3-8b77-7d0915073deb e9483918caa940a48fe882ba092c7e0b 300b2cc45c3846939e589310ae714e46 - - -] 192.168.0.10 - - [25/Feb/2016 20:04:01] "HEAD /v1/images/354e056f-80fa-448f-98bc-bb8af7dea3ed HTTP/1.1" 200 726 0.037571
2016-02-25 20:06:38.422 1933 INFO eventlet.wsgi.server [req-0353e0ac-9fbe-4dce-bedf-7e1723310e86 9b1f9b36d7354b1ea121ccfbae339d8b 85a11a1515f94848be7aa5b56adec8bf - - -] 192.168.0.10 - - [25/Feb/2016 20:06:38] "HEAD /v1/images/354e056f-80fa-448f-98bc-bb8af7dea3ed HTTP/1.1" 200 726 0.324905
2016-02-25 20:06:38.462 1933 INFO eventlet.wsgi.server [req-11cba3fa-6999-45f1-ad0c-3c65a83fc281 9b1f9b36d7354b1ea121ccfbae339d8b 85a11a1515f94848be7aa5b56adec8bf - - -] 192.168.0.10 - - [25/Feb/2016 20:06:38] "HEAD /v1/images/354e056f-80fa-448f-98bc-bb8af7dea3ed HTTP/1.1" 200 726 0.032994
2016-02-25 20:06:38.571 1933 INFO eventlet.wsgi.server [req-ec85beea-ba38-47d6-a25c-a9054bb83b1c 9b1f9b36d7354b1ea121ccfbae339d8b 85a11a1515f94848be7aa5b56adec8bf - - -] 192.168.0.10 - - [25/Feb/2016 20:06:38] "HEAD /v1/images/8a724f78-2673-4ea1-b607-373626a15afb HTTP/1.1" 200 817 0.038780
2016-02-25 20:07:01.318 1925 INFO eventlet.wsgi.server [req-39365eeb-8164-4ab3-8847-81c650c6aa2e 6faed7c946234e689b523e389a812a5c 654ecf6e62854cea9720173b7e835a61 - - -] 192.168.0.10 - - [25/Feb/2016 20:07:01] "GET /v1/images/detail?sort_key=created_at&sort_dir=desc&status=active&limit=1000&is_public=True HTTP/1.1" 200 1172 0.335223
2016-02-25 20:07:01.397 1925 INFO eventlet.wsgi.server [req-300c18e9-b09b-491e-bddc-6ff25d942dbd 6faed7c946234e689b523e389a812a5c 654ecf6e62854cea9720173b7e835a61 - - -] 192.168.0.10 - - [25/Feb/2016 20:07:01] "GET /v1/images/detail?sort_key=created_at&sort_dir=desc&property-owner_id=654ecf6e62854cea9720173b7e835a61&status=active&limit=1000 HTTP/1.1" 200 231 0.072778
2016-02-25 20:07:07.078 1929 INFO eventlet.wsgi.server [req-96ff7672-01b7-46fc-a0a4-495ba463bd3a 9b1f9b36d7354b1ea121ccfbae339d8b 85a11a1515f94848be7aa5b56adec8bf - - -] 192.168.0.10 - - [25/Feb/2016 20:07:07] "HEAD /v1/images/8a724f78-2673-4ea1-b607-373626a15afb HTTP/1.1" 200 817 0.287864
2016-02-25 20:07:15.115 1925 INFO eventlet.wsgi.server [req-ab026e2f-504a-4edd-90a1-f0f68e5b98bb 9b1f9b36d7354b1ea121ccfbae339d8b 85a11a1515f94848be7aa5b56adec8bf - - -] 192.168.0.10 - - [25/Feb/2016 20:07:15] "GET /v1/images/detail?is_public=None&limit=20 HTTP/1.1" 200 1172 0.335496
2016-02-25 20:07:28.272 1925 INFO eventlet.wsgi.server [req-07b3f87b-a7d4-4585-b7dc-2865ccc229b8 6faed7c946234e689b523e389a812a5c 654ecf6e62854cea9720173b7e835a61 - - -] 192.168.0.10 - - [25/Feb/2016 20:07:28] "GET /v1/images/detail?sort_key=created_at&sort_dir=desc&status=active&limit=1000&is_public=True HTTP/1.1" 200 1172 0.274163
2016-02-25 20:07:28.470 1925 INFO eventlet.wsgi.server [req-7a3b7e06-d9eb-4b44-84e5-042b7975b30a 6faed7c946234e689b523e389a812a5c 654ecf6e62854cea9720173b7e835a61 - - -] 192.168.0.10 - - [25/Feb/2016 20:07:28] "GET /v1/images/detail?sort_key=created_at&sort_dir=desc&property-owner_id=654ecf6e62854cea9720173b7e835a61&status=active&limit=1000 HTTP/1.1" 200 231 0.194422
2016-02-25 20:16:38.465 1942 INFO eventlet.wsgi.server [req-d424bf40-27f5-423b-9903-3833b1c45f5d 9b1f9b36d7354b1ea121ccfbae339d8b 85a11a1515f94848be7aa5b56adec8bf - - -] 192.168.0.10 - - [25/Feb/2016 20:16:38] "HEAD /v1/images/354e056f-80fa-448f-98bc-bb8af7dea3ed HTTP/1.1" 200 726 0.316494
2016-02-25 20:16:38.622 1942 INFO eventlet.wsgi.server [req-aacd5a51-89c6-42e0-924a-bb69263ea181 9b1f9b36d7354b1ea121ccfbae339d8b 85a11a1515f94848be7aa5b56adec8bf - - -] 192.168.0.10 - - [25/Feb/2016 20:16:38] "HEAD /v1/images/354e056f-80fa-448f-98bc-bb8af7dea3ed HTTP/1.1" 200 726 0.150099
2016-02-25 20:16:38.805 1929 INFO eventlet.wsgi.server [req-f05fa56f-b2c4-4f37-8b6b-ac17d025f12f 9b1f9b36d7354b1ea121ccfbae339d8b 85a11a1515f94848be7aa5b56adec8bf - - -] 192.168.0.10 - - [25/Feb/2016 20:16:38] "HEAD /v1/images/8a724f78-2673-4ea1-b607-373626a15afb HTTP/1.1" 200 817 0.155691
2016-02-25 20:17:07.140 1942 INFO eventlet.wsgi.server [req-92796244-e5d8-4327-bf1c-baef92d52f5e 9b1f9b36d7354b1ea121ccfbae339d8b 85a11a1515f94848be7aa5b56adec8bf - - -] 192.168.0.10 - - [25/Feb/2016 20:17:07] "HEAD /v1/images/8a724f78-2673-4ea1-b607-373626a15afb HTTP/1.1" 200 817 0.274236
2016-02-25 20:17:15.141 1929 INFO eventlet.wsgi.server [req-4ef3bb19-f9d2-4daa-a41b-343033cb8b50 9b1f9b36d7354b1ea121ccfbae339d8b 85a11a1515f94848be7aa5b56adec8bf - - -] 192.168.0.10 - - [25/Feb/2016 20:17:15] "GET /v1/images/detail?is_public=None&limit=20 HTTP/1.1" 200 1172 0.297667
2016-02-25 20:26:38.182 1925 INFO eventlet.wsgi.server [req-380fc0de-1212-489c-a11a-41c72bd843b7 9b1f9b36d7354b1ea121ccfbae339d8b 85a11a1515f94848be7aa5b56adec8bf - - -] 192.168.0.10 - - [25/Feb/2016 20:26:38] "HEAD /v1/images/354e056f-80fa-448f-98bc-bb8af7dea3ed HTTP/1.1" 200 726 0.238501
2016-02-25 20:26:38.359 1925 INFO eventlet.wsgi.server [req-23890d29-0c1e-4418-b16b-64a85b44a60a 9b1f9b36d7354b1ea121ccfbae339d8b 85a11a1515f94848be7aa5b56adec8bf - - -] 192.168.0.10 - - [25/Feb/2016 20:26:38] "HEAD /v1/images/354e056f-80fa-448f-98bc-bb8af7dea3ed HTTP/1.1" 200 726 0.165611
2016-02-25 20:26:38.637 1933 INFO eventlet.wsgi.server [req-01def56e-2907-4fe4-8f75-61626255d4af 9b1f9b36d7354b1ea121ccfbae339d8b 85a11a1515f94848be7aa5b56adec8bf - - -] 192.168.0.10 - - [25/Feb/2016 20:26:38] "HEAD /v1/images/8a724f78-2673-4ea1-b607-373626a15afb HTTP/1.1" 200 817 0.253376
2016-02-25 20:27:07.065 1929 INFO eventlet.wsgi.server [req-f3e16617-5fab-451c-9189-98e35e28e029 9b1f9b36d7354b1ea121ccfbae339d8b 85a11a1515f94848be7aa5b56adec8bf - - -] 192.168.0.10 - - [25/Feb/2016 20:27:07] "HEAD /v1/images/8a724f78-2673-4ea1-b607-373626a15afb HTTP/1.1" 200 817 0.311446
2016-02-25 20:27:15.157 1942 INFO eventlet.wsgi.server [req-b7e36fa3-1d05-420a-86f5-0518bc045c46 9b1f9b36d7354b1ea121ccfbae339d8b 85a11a1515f94848be7aa5b56adec8bf - - -] 192.168.0.10 - - [25/Feb/2016 20:27:15] "GET /v1/images/detail?is_public=None&limit=20 HTTP/1.1" 200 1172 0.286235
