2016-02-22 20:19:48.640 1838 INFO eventlet.wsgi.server [req-c4dd3da9-20fe-4380-a7d8-bbe9600caa77 9b1f9b36d7354b1ea121ccfbae339d8b 85a11a1515f94848be7aa5b56adec8bf - - -] 127.0.0.1 - - [22/Feb/2016 20:19:48] "GET /images/detail?is_public=None&limit=20 HTTP/1.1" 200 914 0.171418
2016-02-22 20:29:48.243 1844 INFO eventlet.wsgi.server [req-f5cf3334-6b78-4008-922e-1cfee86e289c 9b1f9b36d7354b1ea121ccfbae339d8b 85a11a1515f94848be7aa5b56adec8bf - - -] 127.0.0.1 - - [22/Feb/2016 20:29:48] "GET /images/detail?is_public=None&limit=20 HTTP/1.1" 200 914 0.138212
2016-02-22 20:39:48.299 1852 INFO eventlet.wsgi.server [req-b007dbfd-8454-4bd9-8514-336ab880a1d2 9b1f9b36d7354b1ea121ccfbae339d8b 85a11a1515f94848be7aa5b56adec8bf - - -] 127.0.0.1 - - [22/Feb/2016 20:39:48] "GET /images/detail?is_public=None&limit=20 HTTP/1.1" 200 914 0.154724
2016-02-22 20:49:48.488 1844 INFO eventlet.wsgi.server [req-36dbb8bb-0b58-4995-877f-4a3b926b2c86 9b1f9b36d7354b1ea121ccfbae339d8b 85a11a1515f94848be7aa5b56adec8bf - - -] 127.0.0.1 - - [22/Feb/2016 20:49:48] "GET /images/detail?is_public=None&limit=20 HTTP/1.1" 200 914 0.136852
2016-02-22 20:59:49.232 1838 INFO eventlet.wsgi.server [req-6abc1850-8936-4381-b315-9d862a104d6a 9b1f9b36d7354b1ea121ccfbae339d8b 85a11a1515f94848be7aa5b56adec8bf - - -] 127.0.0.1 - - [22/Feb/2016 20:59:49] "GET /images/detail?is_public=None&limit=20 HTTP/1.1" 200 914 0.248372
2016-02-22 21:09:48.788 1858 INFO eventlet.wsgi.server [req-73d36f88-f136-4a31-bb94-7e54b4d4dffd 9b1f9b36d7354b1ea121ccfbae339d8b 85a11a1515f94848be7aa5b56adec8bf - - -] 127.0.0.1 - - [22/Feb/2016 21:09:48] "GET /images/detail?is_public=None&limit=20 HTTP/1.1" 200 914 0.535962
2016-02-22 21:15:10.348 1852 INFO eventlet.wsgi.server [req-2fedd37f-f145-47dc-9bb7-fd4295b55d25 b09f9177aaef40e6b4b83f5c04b475ce c39c2957a82d4c4c967aff3a4e989171 - - -] 127.0.0.1 - - [22/Feb/2016 21:15:10] "GET /images/detail?status=active&is_public=True&limit=1000&sort_dir=desc&sort_key=created_at HTTP/1.1" 200 914 0.334171
2016-02-22 21:15:10.638 1844 INFO eventlet.wsgi.server [req-e79ae0f6-5363-4d03-8973-5724ef1298aa b09f9177aaef40e6b4b83f5c04b475ce c39c2957a82d4c4c967aff3a4e989171 - - -] 127.0.0.1 - - [22/Feb/2016 21:15:10] "GET /images/detail?status=active&sort_key=created_at&property-owner_id=c39c2957a82d4c4c967aff3a4e989171&limit=1000&sort_dir=desc HTTP/1.1" 200 207 0.272009
2016-02-22 21:15:50.655 1838 INFO eventlet.wsgi.server [req-f7ace529-d485-4b93-95d1-56a34edce2c8 b09f9177aaef40e6b4b83f5c04b475ce c39c2957a82d4c4c967aff3a4e989171 - - -] 127.0.0.1 - - [22/Feb/2016 21:15:50] "GET /images/detail?status=active&is_public=True&limit=1000&sort_dir=desc&sort_key=created_at HTTP/1.1" 200 914 0.176085
2016-02-22 21:15:50.737 1844 INFO eventlet.wsgi.server [req-8b9c299b-bc39-4b84-8a0d-ee42018c80ec b09f9177aaef40e6b4b83f5c04b475ce c39c2957a82d4c4c967aff3a4e989171 - - -] 127.0.0.1 - - [22/Feb/2016 21:15:50] "GET /images/detail?status=active&sort_key=created_at&property-owner_id=c39c2957a82d4c4c967aff3a4e989171&limit=1000&sort_dir=desc HTTP/1.1" 200 207 0.056946
2016-02-22 21:18:02.610 1844 INFO eventlet.wsgi.server [req-9450bbff-e9ab-465f-a0ee-fffe89cc26dc b09f9177aaef40e6b4b83f5c04b475ce c39c2957a82d4c4c967aff3a4e989171 - - -] 127.0.0.1 - - [22/Feb/2016 21:18:02] "GET /images/detail?status=active&is_public=True&limit=1000&sort_dir=desc&sort_key=created_at HTTP/1.1" 200 914 0.065646
2016-02-22 21:18:02.714 1852 INFO eventlet.wsgi.server [req-d4de00cd-5cdc-434d-b401-609ffc1f0836 b09f9177aaef40e6b4b83f5c04b475ce c39c2957a82d4c4c967aff3a4e989171 - - -] 127.0.0.1 - - [22/Feb/2016 21:18:02] "GET /images/detail?status=active&sort_key=created_at&property-owner_id=c39c2957a82d4c4c967aff3a4e989171&limit=1000&sort_dir=desc HTTP/1.1" 200 207 0.077492
2016-02-22 21:18:03.873 1838 INFO eventlet.wsgi.server [req-611e7af7-227d-4f38-b1ce-bab6df30e922 b09f9177aaef40e6b4b83f5c04b475ce c39c2957a82d4c4c967aff3a4e989171 - - -] 127.0.0.1 - - [22/Feb/2016 21:18:03] "GET /images/8a724f78-2673-4ea1-b607-373626a15afb HTTP/1.1" 200 911 0.030371
2016-02-22 21:18:05.299 1858 INFO eventlet.wsgi.server [req-620661f0-c111-44e4-af58-aa322c32725c b09f9177aaef40e6b4b83f5c04b475ce c39c2957a82d4c4c967aff3a4e989171 - - -] 127.0.0.1 - - [22/Feb/2016 21:18:05] "GET /images/detail?sort_key=created_at&sort_dir=desc&limit=1000 HTTP/1.1" 200 914 0.224522
2016-02-22 21:18:06.019 1844 INFO eventlet.wsgi.server [req-f5101165-11dc-4228-b89e-c612a66d663e b09f9177aaef40e6b4b83f5c04b475ce c39c2957a82d4c4c967aff3a4e989171 - - -] 127.0.0.1 - - [22/Feb/2016 21:18:06] "GET /images/8a724f78-2673-4ea1-b607-373626a15afb HTTP/1.1" 200 911 0.032484
2016-02-22 21:18:07.122 1858 INFO eventlet.wsgi.server [req-7b0f4a2b-f561-404b-996d-d9623eaeb8ee b09f9177aaef40e6b4b83f5c04b475ce c39c2957a82d4c4c967aff3a4e989171 - - -] 127.0.0.1 - - [22/Feb/2016 21:18:07] "GET /images/8a724f78-2673-4ea1-b607-373626a15afb HTTP/1.1" 200 911 0.027411
2016-02-22 21:18:10.431 1852 INFO eventlet.wsgi.server [req-bc6620a0-9310-4237-8fce-99219beb8603 b09f9177aaef40e6b4b83f5c04b475ce c39c2957a82d4c4c967aff3a4e989171 - - -] 127.0.0.1 - - [22/Feb/2016 21:18:10] "GET /images/8a724f78-2673-4ea1-b607-373626a15afb HTTP/1.1" 200 911 0.033691
2016-02-22 21:18:16.238 1844 INFO eventlet.wsgi.server [req-1742830e-9233-4563-b1c1-b5485140f82f b09f9177aaef40e6b4b83f5c04b475ce c39c2957a82d4c4c967aff3a4e989171 - - -] 127.0.0.1 - - [22/Feb/2016 21:18:16] "GET /images/8a724f78-2673-4ea1-b607-373626a15afb HTTP/1.1" 200 911 0.040767
2016-02-22 21:18:24.763 1844 INFO eventlet.wsgi.server [req-ef4f3848-748c-4437-b4dd-afb5577b411c b09f9177aaef40e6b4b83f5c04b475ce c39c2957a82d4c4c967aff3a4e989171 - - -] 127.0.0.1 - - [22/Feb/2016 21:18:24] "GET /images/8a724f78-2673-4ea1-b607-373626a15afb HTTP/1.1" 200 911 0.025329
2016-02-22 21:18:35.544 1858 INFO eventlet.wsgi.server [req-46a961c5-2ef1-473f-9bad-6b4636e49e09 b09f9177aaef40e6b4b83f5c04b475ce c39c2957a82d4c4c967aff3a4e989171 - - -] 127.0.0.1 - - [22/Feb/2016 21:18:35] "GET /images/8a724f78-2673-4ea1-b607-373626a15afb HTTP/1.1" 200 911 0.045857
2016-02-22 21:18:49.137 1844 INFO eventlet.wsgi.server [req-1656f84b-8367-4705-a16e-abfb7a7041a4 b09f9177aaef40e6b4b83f5c04b475ce c39c2957a82d4c4c967aff3a4e989171 - - -] 127.0.0.1 - - [22/Feb/2016 21:18:49] "GET /images/8a724f78-2673-4ea1-b607-373626a15afb HTTP/1.1" 200 911 0.049319
2016-02-22 21:19:05.221 1858 INFO eventlet.wsgi.server [req-bf07ee21-3166-45b0-8c0d-8adf56439179 b09f9177aaef40e6b4b83f5c04b475ce c39c2957a82d4c4c967aff3a4e989171 - - -] 127.0.0.1 - - [22/Feb/2016 21:19:05] "GET /images/8a724f78-2673-4ea1-b607-373626a15afb HTTP/1.1" 200 911 0.042129
2016-02-22 21:19:19.841 1838 INFO eventlet.wsgi.server [req-64af7dde-0e8f-4c16-8ce8-6b6827382c9a 9b1f9b36d7354b1ea121ccfbae339d8b 85a11a1515f94848be7aa5b56adec8bf - - -] 127.0.0.1 - - [22/Feb/2016 21:19:19] "GET /images/8a724f78-2673-4ea1-b607-373626a15afb HTTP/1.1" 200 911 0.111608
2016-02-22 21:19:23.410 1858 INFO eventlet.wsgi.server [req-013d91e2-715b-4710-91e4-f0a65a728321 b09f9177aaef40e6b4b83f5c04b475ce c39c2957a82d4c4c967aff3a4e989171 - - -] 127.0.0.1 - - [22/Feb/2016 21:19:23] "GET /images/8a724f78-2673-4ea1-b607-373626a15afb HTTP/1.1" 200 911 0.031526
2016-02-22 21:19:44.252 1838 INFO eventlet.wsgi.server [req-95aa551c-43cf-49a9-a465-818dff19dea8 b09f9177aaef40e6b4b83f5c04b475ce c39c2957a82d4c4c967aff3a4e989171 - - -] 127.0.0.1 - - [22/Feb/2016 21:19:44] "GET /images/8a724f78-2673-4ea1-b607-373626a15afb HTTP/1.1" 200 911 0.024623
2016-02-22 21:19:48.730 1858 INFO eventlet.wsgi.server [req-a2f5864d-6fd9-46cf-bd8a-8dcc086249a3 9b1f9b36d7354b1ea121ccfbae339d8b 85a11a1515f94848be7aa5b56adec8bf - - -] 127.0.0.1 - - [22/Feb/2016 21:19:48] "GET /images/detail?is_public=None&limit=20 HTTP/1.1" 200 914 0.167831
2016-02-22 21:20:07.847 1858 INFO eventlet.wsgi.server [req-092a1742-a4bc-4144-a7e0-f6b5802d4a71 b09f9177aaef40e6b4b83f5c04b475ce c39c2957a82d4c4c967aff3a4e989171 - - -] 127.0.0.1 - - [22/Feb/2016 21:20:07] "GET /images/8a724f78-2673-4ea1-b607-373626a15afb HTTP/1.1" 200 911 0.050922
2016-02-22 21:20:34.058 1852 INFO eventlet.wsgi.server [req-4bb3ca60-d28e-4ad1-a534-6617f89642a9 b09f9177aaef40e6b4b83f5c04b475ce c39c2957a82d4c4c967aff3a4e989171 - - -] 127.0.0.1 - - [22/Feb/2016 21:20:34] "GET /images/8a724f78-2673-4ea1-b607-373626a15afb HTTP/1.1" 200 911 0.143676
2016-02-22 21:21:02.709 1838 INFO eventlet.wsgi.server [req-4a553523-b114-464e-b504-6da908cfe2df b09f9177aaef40e6b4b83f5c04b475ce c39c2957a82d4c4c967aff3a4e989171 - - -] 127.0.0.1 - - [22/Feb/2016 21:21:02] "GET /images/8a724f78-2673-4ea1-b607-373626a15afb HTTP/1.1" 200 911 0.220644
2016-02-22 21:21:33.675 1852 INFO eventlet.wsgi.server [req-6bb1c1e8-b51c-46ab-ba94-f3ebf7c3e437 b09f9177aaef40e6b4b83f5c04b475ce c39c2957a82d4c4c967aff3a4e989171 - - -] 127.0.0.1 - - [22/Feb/2016 21:21:33] "GET /images/8a724f78-2673-4ea1-b607-373626a15afb HTTP/1.1" 200 911 0.049515
2016-02-22 21:23:00.558 1844 INFO eventlet.wsgi.server [req-aff67ef3-8023-4f94-89dc-1ea843a4246e abb85e595adb430bbb80babcaa4579f0 c39c2957a82d4c4c967aff3a4e989171 - - -] 127.0.0.1 - - [22/Feb/2016 21:23:00] "GET /images/detail?sort_key=created_at&sort_dir=desc&limit=1000 HTTP/1.1" 200 914 0.142108
2016-02-22 21:23:21.603 1858 INFO eventlet.wsgi.server [req-56a9754b-6838-4a0c-8bb2-b91e974704ad abb85e595adb430bbb80babcaa4579f0 c39c2957a82d4c4c967aff3a4e989171 - - -] 127.0.0.1 - - [22/Feb/2016 21:23:21] "GET /images/detail?status=active&is_public=True&limit=1000&sort_dir=desc&sort_key=created_at HTTP/1.1" 200 914 0.150641
2016-02-22 21:23:21.784 1852 INFO eventlet.wsgi.server [req-03cc76b5-f6e1-436a-ad4c-71a6c52b5a54 abb85e595adb430bbb80babcaa4579f0 c39c2957a82d4c4c967aff3a4e989171 - - -] 127.0.0.1 - - [22/Feb/2016 21:23:21] "GET /images/detail?status=active&sort_key=created_at&property-owner_id=c39c2957a82d4c4c967aff3a4e989171&limit=1000&sort_dir=desc HTTP/1.1" 200 207 0.154892
2016-02-22 21:23:55.044 1852 INFO eventlet.wsgi.server [req-e3e1ae10-5bdc-4cde-97ef-ad29a482dff0 abb85e595adb430bbb80babcaa4579f0 c39c2957a82d4c4c967aff3a4e989171 - - -] 127.0.0.1 - - [22/Feb/2016 21:23:55] "GET /images/detail?status=active&is_public=True&limit=1000&sort_dir=desc&sort_key=created_at HTTP/1.1" 200 914 0.081787
2016-02-22 21:23:55.264 1838 INFO eventlet.wsgi.server [req-bc32ee98-19f4-4ee7-8d8e-72cc14d611da abb85e595adb430bbb80babcaa4579f0 c39c2957a82d4c4c967aff3a4e989171 - - -] 127.0.0.1 - - [22/Feb/2016 21:23:55] "GET /images/detail?status=active&sort_key=created_at&property-owner_id=c39c2957a82d4c4c967aff3a4e989171&limit=1000&sort_dir=desc HTTP/1.1" 200 207 0.197837
2016-02-22 21:23:56.460 1852 INFO eventlet.wsgi.server [req-7aae1c1b-2473-4c5c-9a2f-d63d5143a16a abb85e595adb430bbb80babcaa4579f0 c39c2957a82d4c4c967aff3a4e989171 - - -] 127.0.0.1 - - [22/Feb/2016 21:23:56] "GET /images/8a724f78-2673-4ea1-b607-373626a15afb HTTP/1.1" 200 911 0.016368
2016-02-22 21:23:57.984 1858 INFO eventlet.wsgi.server [req-bde38bc3-e6e6-4c67-9aff-72bfe04cfe07 abb85e595adb430bbb80babcaa4579f0 c39c2957a82d4c4c967aff3a4e989171 - - -] 127.0.0.1 - - [22/Feb/2016 21:23:57] "GET /images/detail?sort_key=created_at&sort_dir=desc&limit=1000 HTTP/1.1" 200 914 0.081481
2016-02-22 21:23:58.266 1852 INFO eventlet.wsgi.server [req-9f941ead-62b0-40ba-b929-8ff4c8813318 abb85e595adb430bbb80babcaa4579f0 c39c2957a82d4c4c967aff3a4e989171 - - -] 127.0.0.1 - - [22/Feb/2016 21:23:58] "GET /images/8a724f78-2673-4ea1-b607-373626a15afb HTTP/1.1" 200 911 0.058719
2016-02-22 21:24:00.060 1852 INFO eventlet.wsgi.server [req-d9512dd1-c445-4e9a-8c4d-66d2472e3d45 abb85e595adb430bbb80babcaa4579f0 c39c2957a82d4c4c967aff3a4e989171 - - -] 127.0.0.1 - - [22/Feb/2016 21:24:00] "GET /images/8a724f78-2673-4ea1-b607-373626a15afb HTTP/1.1" 200 911 0.031509
2016-02-22 21:24:03.691 1844 INFO eventlet.wsgi.server [req-6eb498ed-23e9-492c-8258-5f39ee0bcc93 abb85e595adb430bbb80babcaa4579f0 c39c2957a82d4c4c967aff3a4e989171 - - -] 127.0.0.1 - - [22/Feb/2016 21:24:03] "GET /images/8a724f78-2673-4ea1-b607-373626a15afb HTTP/1.1" 200 911 0.035034
2016-02-22 21:24:12.250 1838 INFO eventlet.wsgi.server [req-ac3cd9cf-cc6c-4f57-a0ef-08b4346efd0d abb85e595adb430bbb80babcaa4579f0 c39c2957a82d4c4c967aff3a4e989171 - - -] 127.0.0.1 - - [22/Feb/2016 21:24:12] "GET /images/8a724f78-2673-4ea1-b607-373626a15afb HTTP/1.1" 200 911 0.046699
2016-02-22 21:24:20.738 1838 INFO eventlet.wsgi.server [req-f2529225-bc39-41fe-89e4-51f512c44771 abb85e595adb430bbb80babcaa4579f0 c39c2957a82d4c4c967aff3a4e989171 - - -] 127.0.0.1 - - [22/Feb/2016 21:24:20] "GET /images/8a724f78-2673-4ea1-b607-373626a15afb HTTP/1.1" 200 911 0.036211
2016-02-22 21:24:31.640 1858 INFO eventlet.wsgi.server [req-b3b94bbc-38c6-4790-a68b-a2d2641bed3d abb85e595adb430bbb80babcaa4579f0 c39c2957a82d4c4c967aff3a4e989171 - - -] 127.0.0.1 - - [22/Feb/2016 21:24:31] "GET /images/8a724f78-2673-4ea1-b607-373626a15afb HTTP/1.1" 200 911 0.035010
2016-02-22 21:24:44.912 1852 INFO eventlet.wsgi.server [req-71cd7a4a-be3f-4b54-9c84-13612537a151 abb85e595adb430bbb80babcaa4579f0 c39c2957a82d4c4c967aff3a4e989171 - - -] 127.0.0.1 - - [22/Feb/2016 21:24:44] "GET /images/8a724f78-2673-4ea1-b607-373626a15afb HTTP/1.1" 200 911 0.038471
2016-02-22 21:25:00.713 1838 INFO eventlet.wsgi.server [req-3085323e-ac44-47ad-a0c9-4e474171b4d5 abb85e595adb430bbb80babcaa4579f0 c39c2957a82d4c4c967aff3a4e989171 - - -] 127.0.0.1 - - [22/Feb/2016 21:25:00] "GET /images/8a724f78-2673-4ea1-b607-373626a15afb HTTP/1.1" 200 911 0.039857
2016-02-22 21:25:19.118 1838 INFO eventlet.wsgi.server [req-5d59291e-ce57-48ed-93ff-39d68bf53e2a abb85e595adb430bbb80babcaa4579f0 c39c2957a82d4c4c967aff3a4e989171 - - -] 127.0.0.1 - - [22/Feb/2016 21:25:19] "GET /images/8a724f78-2673-4ea1-b607-373626a15afb HTTP/1.1" 200 911 0.036100
2016-02-22 21:25:40.125 1852 INFO eventlet.wsgi.server [req-cb30584d-9f27-4909-bfed-672a1f0e0262 abb85e595adb430bbb80babcaa4579f0 c39c2957a82d4c4c967aff3a4e989171 - - -] 127.0.0.1 - - [22/Feb/2016 21:25:40] "GET /images/8a724f78-2673-4ea1-b607-373626a15afb HTTP/1.1" 200 911 0.053836
2016-02-22 21:26:03.615 1858 INFO eventlet.wsgi.server [req-5b1b027d-3989-4e0f-b7e8-cc00fe0c4a6f abb85e595adb430bbb80babcaa4579f0 c39c2957a82d4c4c967aff3a4e989171 - - -] 127.0.0.1 - - [22/Feb/2016 21:26:03] "GET /images/8a724f78-2673-4ea1-b607-373626a15afb HTTP/1.1" 200 911 0.039692
2016-02-22 21:26:29.507 1838 INFO eventlet.wsgi.server [req-6cb6769f-98af-4da3-bf1d-cf9a67cc0877 abb85e595adb430bbb80babcaa4579f0 c39c2957a82d4c4c967aff3a4e989171 - - -] 127.0.0.1 - - [22/Feb/2016 21:26:29] "GET /images/8a724f78-2673-4ea1-b607-373626a15afb HTTP/1.1" 200 911 0.043191
2016-02-22 21:26:57.880 1858 INFO eventlet.wsgi.server [req-070ce02f-01a4-46eb-bd6d-893ecc5e8e87 abb85e595adb430bbb80babcaa4579f0 c39c2957a82d4c4c967aff3a4e989171 - - -] 127.0.0.1 - - [22/Feb/2016 21:26:57] "GET /images/8a724f78-2673-4ea1-b607-373626a15afb HTTP/1.1" 200 911 0.040696
2016-02-22 21:27:28.835 1838 INFO eventlet.wsgi.server [req-130acf4d-31a9-4829-9c59-754030360c02 abb85e595adb430bbb80babcaa4579f0 c39c2957a82d4c4c967aff3a4e989171 - - -] 127.0.0.1 - - [22/Feb/2016 21:27:28] "GET /images/8a724f78-2673-4ea1-b607-373626a15afb HTTP/1.1" 200 911 0.042838
2016-02-22 21:29:17.331 1844 INFO eventlet.wsgi.server [req-57535817-c7dd-4f60-a904-ee8fb77609ce abb85e595adb430bbb80babcaa4579f0 c39c2957a82d4c4c967aff3a4e989171 - - -] 127.0.0.1 - - [22/Feb/2016 21:29:17] "GET /images/detail?sort_key=created_at&sort_dir=desc&limit=1000 HTTP/1.1" 200 914 0.157553
2016-02-22 21:29:19.891 1844 INFO eventlet.wsgi.server [req-25028a09-b690-4d7a-ab19-0b1e3501f1c6 9b1f9b36d7354b1ea121ccfbae339d8b 85a11a1515f94848be7aa5b56adec8bf - - -] 127.0.0.1 - - [22/Feb/2016 21:29:19] "GET /images/8a724f78-2673-4ea1-b607-373626a15afb HTTP/1.1" 200 911 0.121302
2016-02-22 21:29:25.141 1858 INFO eventlet.wsgi.server [req-99ec83b5-7cc4-47d4-b716-c273cfe24821 abb85e595adb430bbb80babcaa4579f0 c39c2957a82d4c4c967aff3a4e989171 - - -] 127.0.0.1 - - [22/Feb/2016 21:29:25] "GET /images/8a724f78-2673-4ea1-b607-373626a15afb HTTP/1.1" 200 911 0.142292
2016-02-22 21:29:42.432 1858 INFO eventlet.wsgi.server [req-5350b4e2-0892-4a5c-9593-a45e96e13973 9b1f9b36d7354b1ea121ccfbae339d8b 85a11a1515f94848be7aa5b56adec8bf - - -] 127.0.0.1 - - [22/Feb/2016 21:29:42] "GET /images/8a724f78-2673-4ea1-b607-373626a15afb HTTP/1.1" 200 911 0.134682
2016-02-22 21:29:48.729 1844 INFO eventlet.wsgi.server [req-8d186009-34e8-4e47-9423-27efdaaa0ce0 9b1f9b36d7354b1ea121ccfbae339d8b 85a11a1515f94848be7aa5b56adec8bf - - -] 127.0.0.1 - - [22/Feb/2016 21:29:48] "GET /images/detail?is_public=None&limit=20 HTTP/1.1" 200 914 0.144940
2016-02-22 21:33:54.765 1838 INFO eventlet.wsgi.server [req-cd0ad736-5cce-43ea-ae5a-1cf2b46d2ee2 e9483918caa940a48fe882ba092c7e0b 300b2cc45c3846939e589310ae714e46 - - -] 127.0.0.1 - - [22/Feb/2016 21:33:54] "GET /images/8a724f78-2673-4ea1-b607-373626a15afb HTTP/1.1" 200 911 0.135944
2016-02-22 21:33:54.870 1838 INFO eventlet.wsgi.server [req-39f187cf-6ff8-4716-98a3-3dcb6bc0fc81 e9483918caa940a48fe882ba092c7e0b 300b2cc45c3846939e589310ae714e46 - - -] 127.0.0.1 - - [22/Feb/2016 21:33:54] "GET /images/8a724f78-2673-4ea1-b607-373626a15afb HTTP/1.1" 200 911 0.015517
2016-02-22 21:35:41.934 1838 INFO eventlet.wsgi.server [req-89a53bc5-ae54-42d1-9134-ac99cf6702f6 e9483918caa940a48fe882ba092c7e0b 300b2cc45c3846939e589310ae714e46 - - -] 127.0.0.1 - - [22/Feb/2016 21:35:41] "GET /images/8a724f78-2673-4ea1-b607-373626a15afb HTTP/1.1" 200 911 0.028139
2016-02-22 21:35:42.239 1858 INFO eventlet.wsgi.server [req-a5ec865b-74b6-4fce-b809-6a80d9ff2626 e9483918caa940a48fe882ba092c7e0b 300b2cc45c3846939e589310ae714e46 - - -] 127.0.0.1 - - [22/Feb/2016 21:35:42] "GET /images/8a724f78-2673-4ea1-b607-373626a15afb HTTP/1.1" 200 911 0.208479
2016-02-22 21:35:43.883 1838 INFO eventlet.wsgi.server [req-8b04c6d3-86cb-4f55-aeb3-116d665ca26b e9483918caa940a48fe882ba092c7e0b 300b2cc45c3846939e589310ae714e46 - - -] 127.0.0.1 - - [22/Feb/2016 21:35:43] "GET /images/8a724f78-2673-4ea1-b607-373626a15afb HTTP/1.1" 200 911 0.040646
2016-02-22 21:35:44.036 1852 INFO eventlet.wsgi.server [req-3656fb01-1eaf-4d4a-84de-4a64260579bf e9483918caa940a48fe882ba092c7e0b 300b2cc45c3846939e589310ae714e46 - - -] 127.0.0.1 - - [22/Feb/2016 21:35:44] "GET /images/8a724f78-2673-4ea1-b607-373626a15afb HTTP/1.1" 200 911 0.202776
2016-02-22 21:39:48.338 1838 INFO eventlet.wsgi.server [req-91ac992e-5df6-4742-816f-dad47b8b3791 9b1f9b36d7354b1ea121ccfbae339d8b 85a11a1515f94848be7aa5b56adec8bf - - -] 127.0.0.1 - - [22/Feb/2016 21:39:48] "GET /images/detail?is_public=None&limit=20 HTTP/1.1" 200 914 0.147226
2016-02-22 21:49:48.427 1838 INFO eventlet.wsgi.server [req-1f613574-ba1a-494a-9594-14e9fe844209 9b1f9b36d7354b1ea121ccfbae339d8b 85a11a1515f94848be7aa5b56adec8bf - - -] 127.0.0.1 - - [22/Feb/2016 21:49:48] "GET /images/detail?is_public=None&limit=20 HTTP/1.1" 200 914 0.117232
2016-02-22 21:59:49.011 1858 INFO eventlet.wsgi.server [req-664bff63-0372-4dd9-91bc-58db42a41625 9b1f9b36d7354b1ea121ccfbae339d8b 85a11a1515f94848be7aa5b56adec8bf - - -] 127.0.0.1 - - [22/Feb/2016 21:59:49] "GET /images/detail?is_public=None&limit=20 HTTP/1.1" 200 914 0.137917
2016-02-22 22:09:48.509 1852 INFO eventlet.wsgi.server [req-715a6eff-045a-40d4-96ce-993e6fa04e22 9b1f9b36d7354b1ea121ccfbae339d8b 85a11a1515f94848be7aa5b56adec8bf - - -] 127.0.0.1 - - [22/Feb/2016 22:09:48] "GET /images/detail?is_public=None&limit=20 HTTP/1.1" 200 914 0.163409
2016-02-22 22:19:48.481 1858 INFO eventlet.wsgi.server [req-627e0216-0d1a-4cfd-8e15-2c8aa524f7e0 9b1f9b36d7354b1ea121ccfbae339d8b 85a11a1515f94848be7aa5b56adec8bf - - -] 127.0.0.1 - - [22/Feb/2016 22:19:48] "GET /images/detail?is_public=None&limit=20 HTTP/1.1" 200 914 0.274998
2016-02-23 19:47:18.136 1016 INFO glance.common.wsgi [-] Starting 4 workers
2016-02-23 19:47:18.183 1016 INFO glance.common.wsgi [-] Started child 1942
2016-02-23 19:47:18.244 1016 INFO glance.common.wsgi [-] Started child 1946
2016-02-23 19:47:18.283 1942 INFO eventlet.wsgi.server [-] (1942) wsgi starting up on http://0.0.0.0:9191/
2016-02-23 19:47:18.324 1016 INFO glance.common.wsgi [-] Started child 1947
2016-02-23 19:47:18.373 1947 INFO eventlet.wsgi.server [-] (1947) wsgi starting up on http://0.0.0.0:9191/
2016-02-23 19:47:18.385 1946 INFO eventlet.wsgi.server [-] (1946) wsgi starting up on http://0.0.0.0:9191/
2016-02-23 19:47:18.431 1016 INFO glance.common.wsgi [-] Started child 1954
2016-02-23 19:47:18.495 1954 INFO eventlet.wsgi.server [-] (1954) wsgi starting up on http://0.0.0.0:9191/
2016-02-23 19:57:19.952 1942 INFO eventlet.wsgi.server [req-1b4a7ae3-bcdc-4dbd-86a6-42a64ab52cd3 9b1f9b36d7354b1ea121ccfbae339d8b 85a11a1515f94848be7aa5b56adec8bf - - -] 127.0.0.1 - - [23/Feb/2016 19:57:19] "GET /images/detail?is_public=None&limit=20 HTTP/1.1" 200 914 0.586016
2016-02-23 20:07:18.276 1947 INFO eventlet.wsgi.server [req-5aa2612c-c85f-4fbb-974f-6c561e877c84 9b1f9b36d7354b1ea121ccfbae339d8b 85a11a1515f94848be7aa5b56adec8bf - - -] 127.0.0.1 - - [23/Feb/2016 20:07:18] "GET /images/detail?is_public=None&limit=20 HTTP/1.1" 200 914 0.500290
2016-02-23 20:17:18.931 1954 INFO eventlet.wsgi.server [req-b9bcb7e2-0e61-4d46-a9ca-b26b291c9e47 9b1f9b36d7354b1ea121ccfbae339d8b 85a11a1515f94848be7aa5b56adec8bf - - -] 127.0.0.1 - - [23/Feb/2016 20:17:18] "GET /images/detail?is_public=None&limit=20 HTTP/1.1" 200 914 0.733482
2016-02-23 20:27:18.482 1954 INFO eventlet.wsgi.server [req-c2028a76-2909-429b-8e34-77e00146df12 9b1f9b36d7354b1ea121ccfbae339d8b 85a11a1515f94848be7aa5b56adec8bf - - -] 127.0.0.1 - - [23/Feb/2016 20:27:18] "GET /images/detail?is_public=None&limit=20 HTTP/1.1" 200 914 0.238587
2016-02-23 20:37:18.143 1946 INFO eventlet.wsgi.server [req-50e7acb9-d5e8-445a-bfd8-d13265df05a8 9b1f9b36d7354b1ea121ccfbae339d8b 85a11a1515f94848be7aa5b56adec8bf - - -] 127.0.0.1 - - [23/Feb/2016 20:37:18] "GET /images/detail?is_public=None&limit=20 HTTP/1.1" 200 914 0.503944
2016-02-23 20:47:17.895 1954 INFO eventlet.wsgi.server [req-2de78b29-8fae-41ab-b4d9-ba1b39e58ca9 9b1f9b36d7354b1ea121ccfbae339d8b 85a11a1515f94848be7aa5b56adec8bf - - -] 127.0.0.1 - - [23/Feb/2016 20:47:17] "GET /images/detail?is_public=None&limit=20 HTTP/1.1" 200 914 0.164620
2016-02-23 20:57:18.141 1942 INFO eventlet.wsgi.server [req-a245e97b-8b77-4771-87b4-0beba6638222 9b1f9b36d7354b1ea121ccfbae339d8b 85a11a1515f94848be7aa5b56adec8bf - - -] 127.0.0.1 - - [23/Feb/2016 20:57:18] "GET /images/detail?is_public=None&limit=20 HTTP/1.1" 200 914 0.146422
2016-02-23 21:07:18.404 1954 INFO eventlet.wsgi.server [req-7c5bc072-8378-44d9-8506-58a577de4202 9b1f9b36d7354b1ea121ccfbae339d8b 85a11a1515f94848be7aa5b56adec8bf - - -] 127.0.0.1 - - [23/Feb/2016 21:07:18] "GET /images/detail?is_public=None&limit=20 HTTP/1.1" 200 914 0.137952
2016-02-23 21:17:17.913 1946 INFO eventlet.wsgi.server [req-85ec5338-416a-4f75-9d98-462f8cfced7f 9b1f9b36d7354b1ea121ccfbae339d8b 85a11a1515f94848be7aa5b56adec8bf - - -] 127.0.0.1 - - [23/Feb/2016 21:17:17] "GET /images/detail?is_public=None&limit=20 HTTP/1.1" 200 914 0.140171
2016-02-23 21:27:17.804 1946 INFO eventlet.wsgi.server [req-8d928164-0056-496f-a8e1-9d68f5410d21 9b1f9b36d7354b1ea121ccfbae339d8b 85a11a1515f94848be7aa5b56adec8bf - - -] 127.0.0.1 - - [23/Feb/2016 21:27:17] "GET /images/detail?is_public=None&limit=20 HTTP/1.1" 200 914 0.146332
2016-02-23 21:37:18.137 1947 INFO eventlet.wsgi.server [req-369d74d5-393c-41c8-8f13-de9cc9787419 9b1f9b36d7354b1ea121ccfbae339d8b 85a11a1515f94848be7aa5b56adec8bf - - -] 127.0.0.1 - - [23/Feb/2016 21:37:18] "GET /images/detail?is_public=None&limit=20 HTTP/1.1" 200 914 0.338148
2016-02-23 21:47:18.024 1954 INFO eventlet.wsgi.server [req-5dabf9b7-f2d2-477b-9c5a-d417f8ad509e 9b1f9b36d7354b1ea121ccfbae339d8b 85a11a1515f94848be7aa5b56adec8bf - - -] 127.0.0.1 - - [23/Feb/2016 21:47:18] "GET /images/detail?is_public=None&limit=20 HTTP/1.1" 200 914 0.306254
2016-02-23 21:57:18.487 1947 INFO eventlet.wsgi.server [req-ab85bd48-512a-49ef-a4ec-0991a6669838 9b1f9b36d7354b1ea121ccfbae339d8b 85a11a1515f94848be7aa5b56adec8bf - - -] 127.0.0.1 - - [23/Feb/2016 21:57:18] "GET /images/detail?is_public=None&limit=20 HTTP/1.1" 200 914 0.176021
2016-02-23 22:07:04.897 1947 INFO eventlet.wsgi.server [req-5021f3dc-1520-4c3b-b8e2-72dce1c91052 6faed7c946234e689b523e389a812a5c 654ecf6e62854cea9720173b7e835a61 - - -] 127.0.0.1 - - [23/Feb/2016 22:07:04] "GET /images/detail?is_public=none&limit=20 HTTP/1.1" 200 914 0.172309
2016-02-23 22:07:18.964 1942 INFO eventlet.wsgi.server [req-02ed7f60-608c-4617-a223-b4bd9e8e9cd1 9b1f9b36d7354b1ea121ccfbae339d8b 85a11a1515f94848be7aa5b56adec8bf - - -] 127.0.0.1 - - [23/Feb/2016 22:07:18] "GET /images/detail?is_public=None&limit=20 HTTP/1.1" 200 914 0.311863
2016-02-23 22:09:02.675 1954 INFO eventlet.wsgi.server [req-74868142-18c1-4d23-afb3-b7a24d189967 6faed7c946234e689b523e389a812a5c 654ecf6e62854cea9720173b7e835a61 - - -] 127.0.0.1 - - [23/Feb/2016 22:09:02] "GET /images/detail?is_public=none&limit=20 HTTP/1.1" 200 914 0.327887
2016-02-23 22:09:02.971 1947 INFO eventlet.wsgi.server [req-023eb02f-ce90-4a8b-aeec-951d66a133d3 6faed7c946234e689b523e389a812a5c 654ecf6e62854cea9720173b7e835a61 - - -] 127.0.0.1 - - [23/Feb/2016 22:09:02] "GET /images/8a724f78-2673-4ea1-b607-373626a15afb HTTP/1.1" 200 911 0.118415
2016-02-23 22:09:03.164 1947 INFO eventlet.wsgi.server [req-bca4c3af-e2b9-4cfd-bc80-9f00741f9801 6faed7c946234e689b523e389a812a5c 654ecf6e62854cea9720173b7e835a61 - - -] 127.0.0.1 - - [23/Feb/2016 22:09:03] "GET /images/8a724f78-2673-4ea1-b607-373626a15afb HTTP/1.1" 200 911 0.023528
2016-02-23 22:10:54.653 1942 INFO eventlet.wsgi.server [req-3a96442f-a118-4494-a959-9de7a16f230a 6faed7c946234e689b523e389a812a5c 654ecf6e62854cea9720173b7e835a61 - - -] 127.0.0.1 - - [23/Feb/2016 22:10:54] "GET /images/detail?is_public=none&limit=20 HTTP/1.1" 200 914 0.230454
2016-02-23 22:10:55.090 1946 INFO eventlet.wsgi.server [req-a8a5b9b9-55d3-44d6-8b54-fc0426d1e714 6faed7c946234e689b523e389a812a5c 654ecf6e62854cea9720173b7e835a61 - - -] 127.0.0.1 - - [23/Feb/2016 22:10:55] "GET /images/8a724f78-2673-4ea1-b607-373626a15afb HTTP/1.1" 200 911 0.364404
2016-02-23 22:10:55.596 1947 INFO eventlet.wsgi.server [req-725a2c2f-f544-4f3c-a03d-9e36c7bfc4d3 6faed7c946234e689b523e389a812a5c 654ecf6e62854cea9720173b7e835a61 - - -] 127.0.0.1 - - [23/Feb/2016 22:10:55] "GET /images/8a724f78-2673-4ea1-b607-373626a15afb HTTP/1.1" 200 911 0.158851
2016-02-23 22:10:56.961 1947 INFO eventlet.wsgi.server [req-dc4471bc-cb60-4879-9c0b-12dd17a21454 6faed7c946234e689b523e389a812a5c 654ecf6e62854cea9720173b7e835a61 - - -] 127.0.0.1 - - [23/Feb/2016 22:10:56] "GET /images/8a724f78-2673-4ea1-b607-373626a15afb HTTP/1.1" 200 911 0.016933
2016-02-23 22:10:58.384 1947 INFO eventlet.wsgi.server [req-ec67f2c6-dc82-489f-b5c2-0bb37dbce451 6faed7c946234e689b523e389a812a5c 654ecf6e62854cea9720173b7e835a61 - - -] 127.0.0.1 - - [23/Feb/2016 22:10:58] "GET /images/8a724f78-2673-4ea1-b607-373626a15afb HTTP/1.1" 200 911 0.033822
2016-02-23 22:15:46.857 1954 INFO eventlet.wsgi.server [req-08d8a116-0dfd-449a-b1e3-9cbb5a33e01c 6faed7c946234e689b523e389a812a5c 654ecf6e62854cea9720173b7e835a61 - - -] 127.0.0.1 - - [23/Feb/2016 22:15:46] "GET /images/8a724f78-2673-4ea1-b607-373626a15afb HTTP/1.1" 200 911 0.228258
2016-02-23 22:17:00.487 1946 INFO eventlet.wsgi.server [req-0a242e7c-c4d2-4afa-a8aa-65b32522bfa0 9b1f9b36d7354b1ea121ccfbae339d8b 85a11a1515f94848be7aa5b56adec8bf - - -] 127.0.0.1 - - [23/Feb/2016 22:17:00] "GET /images/8a724f78-2673-4ea1-b607-373626a15afb HTTP/1.1" 200 911 0.188402
2016-02-23 22:17:18.227 1946 INFO eventlet.wsgi.server [req-ee9be9be-0784-489e-86df-a79b25005bff 9b1f9b36d7354b1ea121ccfbae339d8b 85a11a1515f94848be7aa5b56adec8bf - - -] 127.0.0.1 - - [23/Feb/2016 22:17:18] "GET /images/detail?is_public=None&limit=20 HTTP/1.1" 200 914 0.179287
2016-02-23 22:18:27.175 1947 INFO eventlet.wsgi.server [req-85782ebd-ecdb-4af9-882a-e8581b32ae70 6faed7c946234e689b523e389a812a5c 654ecf6e62854cea9720173b7e835a61 - - -] 127.0.0.1 - - [23/Feb/2016 22:18:27] "GET /images/detail?sort_key=created_at&sort_dir=desc&limit=1000 HTTP/1.1" 200 914 0.188719
2016-02-23 22:18:45.315 1954 INFO eventlet.wsgi.server [req-9c2f3ee1-6924-4632-80bf-1eb6851e6543 6faed7c946234e689b523e389a812a5c 654ecf6e62854cea9720173b7e835a61 - - -] 127.0.0.1 - - [23/Feb/2016 22:18:45] "GET /images/8a724f78-2673-4ea1-b607-373626a15afb HTTP/1.1" 200 911 0.197402
2016-02-23 22:26:11.260 1942 INFO eventlet.wsgi.server [req-94480281-a3be-44b8-88d5-e6d238fcb113 6faed7c946234e689b523e389a812a5c 654ecf6e62854cea9720173b7e835a61 - - -] 127.0.0.1 - - [23/Feb/2016 22:26:11] "GET /images/detail?sort_key=created_at&sort_dir=desc&limit=1000 HTTP/1.1" 200 914 0.309117
2016-02-23 22:26:21.627 1947 INFO eventlet.wsgi.server [req-ef631718-847f-4489-ab44-33c6ac6b18e0 6faed7c946234e689b523e389a812a5c 654ecf6e62854cea9720173b7e835a61 - - -] 127.0.0.1 - - [23/Feb/2016 22:26:21] "GET /images/8a724f78-2673-4ea1-b607-373626a15afb HTTP/1.1" 200 911 0.209683
2016-02-23 22:26:59.974 1946 INFO eventlet.wsgi.server [req-3dadb71f-689c-40e8-91cd-c29fba1ea4c3 9b1f9b36d7354b1ea121ccfbae339d8b 85a11a1515f94848be7aa5b56adec8bf - - -] 127.0.0.1 - - [23/Feb/2016 22:26:59] "GET /images/8a724f78-2673-4ea1-b607-373626a15afb HTTP/1.1" 200 911 0.151489
2016-02-23 22:27:18.146 1942 INFO eventlet.wsgi.server [req-03e3e498-91f2-44c1-a4e6-94394d7d7195 9b1f9b36d7354b1ea121ccfbae339d8b 85a11a1515f94848be7aa5b56adec8bf - - -] 127.0.0.1 - - [23/Feb/2016 22:27:18] "GET /images/detail?is_public=None&limit=20 HTTP/1.1" 200 914 0.129234
2016-02-23 22:30:27.390 1954 INFO eventlet.wsgi.server [req-cf7367f7-0228-4f9c-a642-588b4e30cb10 6faed7c946234e689b523e389a812a5c 654ecf6e62854cea9720173b7e835a61 - - -] 127.0.0.1 - - [23/Feb/2016 22:30:27] "GET /images/detail?sort_key=created_at&sort_dir=desc&limit=1000 HTTP/1.1" 200 914 0.254122
2016-02-23 22:30:41.513 1954 INFO eventlet.wsgi.server [req-cf5f7a5a-46bb-4134-91e1-f37726a42d3e 6faed7c946234e689b523e389a812a5c 654ecf6e62854cea9720173b7e835a61 - - -] 127.0.0.1 - - [23/Feb/2016 22:30:41] "GET /images/8a724f78-2673-4ea1-b607-373626a15afb HTTP/1.1" 200 911 0.037232
2016-02-23 22:33:54.391 1947 INFO eventlet.wsgi.server [req-d4f5cdb6-ab54-4b3d-8db5-8fd13351e46a e9483918caa940a48fe882ba092c7e0b 300b2cc45c3846939e589310ae714e46 - - -] 127.0.0.1 - - [23/Feb/2016 22:33:54] "GET /images/8a724f78-2673-4ea1-b607-373626a15afb HTTP/1.1" 200 911 0.148397
2016-02-23 22:36:59.852 1954 INFO eventlet.wsgi.server [req-c8b9f5f3-d665-46e7-be86-d8d336c518bd 9b1f9b36d7354b1ea121ccfbae339d8b 85a11a1515f94848be7aa5b56adec8bf - - -] 127.0.0.1 - - [23/Feb/2016 22:36:59] "GET /images/8a724f78-2673-4ea1-b607-373626a15afb HTTP/1.1" 200 911 0.113953
2016-02-23 22:37:18.241 1947 INFO eventlet.wsgi.server [req-2cbc2e8f-23f3-4f82-8958-48c07025a23a 9b1f9b36d7354b1ea121ccfbae339d8b 85a11a1515f94848be7aa5b56adec8bf - - -] 127.0.0.1 - - [23/Feb/2016 22:37:18] "GET /images/detail?is_public=None&limit=20 HTTP/1.1" 200 914 0.312554
2016-02-23 22:38:19.628 1946 INFO eventlet.wsgi.server [req-6038b0df-54be-4156-860c-a6a57429f4c4 e9483918caa940a48fe882ba092c7e0b 300b2cc45c3846939e589310ae714e46 - - -] 127.0.0.1 - - [23/Feb/2016 22:38:19] "GET /images/8a724f78-2673-4ea1-b607-373626a15afb HTTP/1.1" 200 911 0.103391
2016-02-23 22:39:11.321 1947 INFO eventlet.wsgi.server [req-76bdac46-a93b-4eea-997b-e35448b243f3 e9483918caa940a48fe882ba092c7e0b 300b2cc45c3846939e589310ae714e46 - - -] 127.0.0.1 - - [23/Feb/2016 22:39:11] "GET /images/8a724f78-2673-4ea1-b607-373626a15afb HTTP/1.1" 200 911 0.108153
2016-02-23 22:39:40.593 1954 INFO eventlet.wsgi.server [req-3d9320c1-f8e4-4aeb-955d-e16067550f0e e9483918caa940a48fe882ba092c7e0b 300b2cc45c3846939e589310ae714e46 - - -] 127.0.0.1 - - [23/Feb/2016 22:39:40] "GET /images/8a724f78-2673-4ea1-b607-373626a15afb HTTP/1.1" 200 911 0.152600
2016-02-23 22:40:30.337 1946 INFO eventlet.wsgi.server [req-1e728301-9ce9-421e-a83e-ab2e325d355e e9483918caa940a48fe882ba092c7e0b 300b2cc45c3846939e589310ae714e46 - - -] 127.0.0.1 - - [23/Feb/2016 22:40:30] "GET /images/8a724f78-2673-4ea1-b607-373626a15afb HTTP/1.1" 200 911 0.149251
2016-02-23 22:41:28.356 1947 INFO eventlet.wsgi.server [req-5ef14b2f-efda-4dc0-bb1c-42b29c48972e e9483918caa940a48fe882ba092c7e0b 300b2cc45c3846939e589310ae714e46 - - -] 127.0.0.1 - - [23/Feb/2016 22:41:28] "GET /images/8a724f78-2673-4ea1-b607-373626a15afb HTTP/1.1" 200 911 0.115299
2016-02-23 22:41:56.176 1954 INFO eventlet.wsgi.server [req-884157a3-53ac-4385-9e04-4539f00fe2ed e9483918caa940a48fe882ba092c7e0b 300b2cc45c3846939e589310ae714e46 - - -] 127.0.0.1 - - [23/Feb/2016 22:41:56] "GET /images/8a724f78-2673-4ea1-b607-373626a15afb HTTP/1.1" 200 911 0.150297
2016-02-23 22:42:00.132 1947 INFO eventlet.wsgi.server [req-04ca3390-951b-47e3-ae83-1e016b46dfb4 e9483918caa940a48fe882ba092c7e0b 300b2cc45c3846939e589310ae714e46 - - -] 127.0.0.1 - - [23/Feb/2016 22:42:00] "GET /images/8a724f78-2673-4ea1-b607-373626a15afb HTTP/1.1" 200 911 0.171284
2016-02-23 22:42:22.603 1942 INFO eventlet.wsgi.server [req-a537770c-3510-4650-b1ac-42a5f64e259e e9483918caa940a48fe882ba092c7e0b 300b2cc45c3846939e589310ae714e46 - - -] 127.0.0.1 - - [23/Feb/2016 22:42:22] "GET /images/8a724f78-2673-4ea1-b607-373626a15afb HTTP/1.1" 200 911 0.149977
2016-02-23 22:42:26.562 1954 INFO eventlet.wsgi.server [req-276fa785-d931-420f-8cf4-228976ec61b3 e9483918caa940a48fe882ba092c7e0b 300b2cc45c3846939e589310ae714e46 - - -] 127.0.0.1 - - [23/Feb/2016 22:42:26] "GET /images/8a724f78-2673-4ea1-b607-373626a15afb HTTP/1.1" 200 911 0.151756
2016-02-23 22:42:42.615 1947 INFO eventlet.wsgi.server [req-9a2fa507-24d7-40b5-a7bd-9bfbb7cdde3e e9483918caa940a48fe882ba092c7e0b 300b2cc45c3846939e589310ae714e46 - - -] 127.0.0.1 - - [23/Feb/2016 22:42:42] "GET /images/8a724f78-2673-4ea1-b607-373626a15afb HTTP/1.1" 200 911 0.136584
2016-02-23 22:43:50.931 1947 INFO eventlet.wsgi.server [req-7e08f73e-0dba-43f7-b46d-ac26da83b16c 6faed7c946234e689b523e389a812a5c 654ecf6e62854cea9720173b7e835a61 - - -] 127.0.0.1 - - [23/Feb/2016 22:43:50] "GET /images/8a724f78-2673-4ea1-b607-373626a15afb HTTP/1.1" 200 911 0.128569
2016-02-23 22:43:55.651 1946 INFO eventlet.wsgi.server [req-cceab94f-61db-4a7d-8e50-096766033540 6faed7c946234e689b523e389a812a5c 654ecf6e62854cea9720173b7e835a61 - - -] 127.0.0.1 - - [23/Feb/2016 22:43:55] "GET /images/detail?sort_key=created_at&sort_dir=desc&limit=1000 HTTP/1.1" 200 914 0.162509
2016-02-23 22:44:38.848 1947 INFO eventlet.wsgi.server [req-52445b38-a76f-4232-b2b9-b91298f24b46 e9483918caa940a48fe882ba092c7e0b 300b2cc45c3846939e589310ae714e46 - - -] 127.0.0.1 - - [23/Feb/2016 22:44:38] "GET /images/8a724f78-2673-4ea1-b607-373626a15afb HTTP/1.1" 200 911 0.126178
2016-02-23 22:44:48.294 1954 INFO eventlet.wsgi.server [req-ed0f5c9f-834c-4e51-b363-8b8541d6f8d7 6faed7c946234e689b523e389a812a5c 654ecf6e62854cea9720173b7e835a61 - - -] 127.0.0.1 - - [23/Feb/2016 22:44:48] "GET /images/detail?sort_key=created_at&sort_dir=desc&limit=1000 HTTP/1.1" 200 914 0.145911
2016-02-23 22:45:09.121 1947 INFO eventlet.wsgi.server [req-7901ae2d-8dd8-4301-9f97-05aeb71ba5b7 e9483918caa940a48fe882ba092c7e0b 300b2cc45c3846939e589310ae714e46 - - -] 127.0.0.1 - - [23/Feb/2016 22:45:09] "GET /images/8a724f78-2673-4ea1-b607-373626a15afb HTTP/1.1" 200 911 0.105713
2016-02-23 22:45:14.444 1954 INFO eventlet.wsgi.server [req-af6b8aa2-d504-4733-a485-e4af44ccdddf e9483918caa940a48fe882ba092c7e0b 300b2cc45c3846939e589310ae714e46 - - -] 127.0.0.1 - - [23/Feb/2016 22:45:14] "GET /images/8a724f78-2673-4ea1-b607-373626a15afb HTTP/1.1" 200 911 0.106807
2016-02-23 22:45:38.170 1942 INFO eventlet.wsgi.server [req-f485cb54-0cb6-4dec-af86-9007d59ffb6c 6faed7c946234e689b523e389a812a5c 654ecf6e62854cea9720173b7e835a61 - - -] 127.0.0.1 - - [23/Feb/2016 22:45:38] "GET /images/detail?sort_key=created_at&sort_dir=desc&limit=1000 HTTP/1.1" 200 914 0.163442
2016-02-23 22:46:15.806 1947 INFO eventlet.wsgi.server [req-6a2c945b-aa63-42c9-be45-c1c1294e742d e9483918caa940a48fe882ba092c7e0b 300b2cc45c3846939e589310ae714e46 - - -] 127.0.0.1 - - [23/Feb/2016 22:46:15] "GET /images/8a724f78-2673-4ea1-b607-373626a15afb HTTP/1.1" 200 911 0.117255
2016-02-23 22:46:20.198 1954 INFO eventlet.wsgi.server [req-84f9b9a8-cc88-4a33-a718-31d520dc726b e9483918caa940a48fe882ba092c7e0b 300b2cc45c3846939e589310ae714e46 - - -] 127.0.0.1 - - [23/Feb/2016 22:46:20] "GET /images/8a724f78-2673-4ea1-b607-373626a15afb HTTP/1.1" 200 911 0.177562
2016-02-23 22:46:24.082 1946 INFO eventlet.wsgi.server [req-089d2bab-6c3b-4bd2-8e5a-3fef1d5a8b45 e9483918caa940a48fe882ba092c7e0b 300b2cc45c3846939e589310ae714e46 - - -] 127.0.0.1 - - [23/Feb/2016 22:46:24] "GET /images/8a724f78-2673-4ea1-b607-373626a15afb HTTP/1.1" 200 911 0.140350
2016-02-23 22:46:44.859 1947 INFO eventlet.wsgi.server [req-f07de4ec-8577-4400-a548-9ab9163de36f e9483918caa940a48fe882ba092c7e0b 300b2cc45c3846939e589310ae714e46 - - -] 127.0.0.1 - - [23/Feb/2016 22:46:44] "GET /images/8a724f78-2673-4ea1-b607-373626a15afb HTTP/1.1" 200 911 0.110625
2016-02-23 22:46:52.231 1947 INFO eventlet.wsgi.server [req-31afae8f-994f-4d68-9d33-a9be21f8152e e9483918caa940a48fe882ba092c7e0b 300b2cc45c3846939e589310ae714e46 - - -] 127.0.0.1 - - [23/Feb/2016 22:46:52] "GET /images/8a724f78-2673-4ea1-b607-373626a15afb HTTP/1.1" 200 911 0.093848
2016-02-23 22:46:59.985 1942 INFO eventlet.wsgi.server [req-9fdabb94-869c-4160-bbbb-e8c9e76960d1 9b1f9b36d7354b1ea121ccfbae339d8b 85a11a1515f94848be7aa5b56adec8bf - - -] 127.0.0.1 - - [23/Feb/2016 22:46:59] "GET /images/8a724f78-2673-4ea1-b607-373626a15afb HTTP/1.1" 200 911 0.163615
2016-02-23 22:47:17.970 1954 INFO eventlet.wsgi.server [req-d5f13aa7-653f-4f3d-887b-6c61a848d92c 9b1f9b36d7354b1ea121ccfbae339d8b 85a11a1515f94848be7aa5b56adec8bf - - -] 127.0.0.1 - - [23/Feb/2016 22:47:17] "GET /images/detail?is_public=None&limit=20 HTTP/1.1" 200 914 0.231779
2016-02-23 22:47:40.317 1947 INFO eventlet.wsgi.server [req-c48af64a-7616-44d8-b254-48a2577a26d7 e9483918caa940a48fe882ba092c7e0b 300b2cc45c3846939e589310ae714e46 - - -] 127.0.0.1 - - [23/Feb/2016 22:47:40] "GET /images/8a724f78-2673-4ea1-b607-373626a15afb HTTP/1.1" 200 911 0.118791
2016-02-23 22:48:09.817 1954 INFO eventlet.wsgi.server [req-c9836ae1-60cc-4665-8529-8b0e127ee400 e9483918caa940a48fe882ba092c7e0b 300b2cc45c3846939e589310ae714e46 - - -] 127.0.0.1 - - [23/Feb/2016 22:48:09] "GET /images/8a724f78-2673-4ea1-b607-373626a15afb HTTP/1.1" 200 911 0.135157
2016-02-23 22:48:38.804 1954 INFO eventlet.wsgi.server [req-77f8d337-a133-4b41-9c1e-a049e298ba38 e9483918caa940a48fe882ba092c7e0b 300b2cc45c3846939e589310ae714e46 - - -] 127.0.0.1 - - [23/Feb/2016 22:48:38] "GET /images/8a724f78-2673-4ea1-b607-373626a15afb HTTP/1.1" 200 911 0.164097
2016-02-23 22:49:50.470 1942 INFO eventlet.wsgi.server [req-16f469ae-ec9d-4400-8bfb-ae8cd7be7bd6 e9483918caa940a48fe882ba092c7e0b 300b2cc45c3846939e589310ae714e46 - - -] 127.0.0.1 - - [23/Feb/2016 22:49:50] "GET /images/8a724f78-2673-4ea1-b607-373626a15afb HTTP/1.1" 200 911 0.115121
2016-02-23 22:49:54.052 1947 INFO eventlet.wsgi.server [req-68450ce4-8eb6-4ba5-96e8-77d1fe7839c5 e9483918caa940a48fe882ba092c7e0b 300b2cc45c3846939e589310ae714e46 - - -] 127.0.0.1 - - [23/Feb/2016 22:49:54] "GET /images/8a724f78-2673-4ea1-b607-373626a15afb HTTP/1.1" 200 911 0.107493
2016-02-24 19:46:06.428 1032 INFO glance.common.wsgi [-] Starting 4 workers
2016-02-24 19:46:06.640 2066 INFO eventlet.wsgi.server [-] (2066) wsgi starting up on http://0.0.0.0:9191/
2016-02-24 19:46:06.660 1032 INFO glance.common.wsgi [-] Started child 2066
2016-02-24 19:46:06.962 2074 INFO eventlet.wsgi.server [-] (2074) wsgi starting up on http://0.0.0.0:9191/
2016-02-24 19:46:06.942 1032 INFO glance.common.wsgi [-] Started child 2074
2016-02-24 19:46:07.180 1032 INFO glance.common.wsgi [-] Started child 2078
2016-02-24 19:46:07.228 2078 INFO eventlet.wsgi.server [-] (2078) wsgi starting up on http://0.0.0.0:9191/
2016-02-24 19:46:07.292 1032 INFO glance.common.wsgi [-] Started child 2082
2016-02-24 19:46:07.340 2082 INFO eventlet.wsgi.server [-] (2082) wsgi starting up on http://0.0.0.0:9191/
2016-02-24 19:55:54.099 2074 INFO eventlet.wsgi.server [req-e620e1cf-a208-4820-8a2e-1e418658c174 9b1f9b36d7354b1ea121ccfbae339d8b 85a11a1515f94848be7aa5b56adec8bf - - -] 127.0.0.1 - - [24/Feb/2016 19:55:54] "GET /images/8a724f78-2673-4ea1-b607-373626a15afb HTTP/1.1" 200 911 0.607318
2016-02-24 19:56:06.558 2074 INFO eventlet.wsgi.server [req-91b05bef-8910-499d-b6c8-2ab8ddaf5e0b 9b1f9b36d7354b1ea121ccfbae339d8b 85a11a1515f94848be7aa5b56adec8bf - - -] 127.0.0.1 - - [24/Feb/2016 19:56:06] "GET /images/detail?is_public=None&limit=20 HTTP/1.1" 200 914 0.155243
2016-02-24 20:05:51.910 2078 INFO eventlet.wsgi.server [req-2aa26463-ae36-49a7-9740-5dcea9fe9a52 9b1f9b36d7354b1ea121ccfbae339d8b 85a11a1515f94848be7aa5b56adec8bf - - -] 127.0.0.1 - - [24/Feb/2016 20:05:51] "GET /images/8a724f78-2673-4ea1-b607-373626a15afb HTTP/1.1" 200 911 0.521528
2016-02-24 20:06:04.302 2082 INFO eventlet.wsgi.server [req-6d846465-4f62-43d9-a85e-36054fd436a4 9b1f9b36d7354b1ea121ccfbae339d8b 85a11a1515f94848be7aa5b56adec8bf - - -] 127.0.0.1 - - [24/Feb/2016 20:06:04] "GET /images/detail?is_public=None&limit=20 HTTP/1.1" 200 914 0.503379
2016-02-24 20:15:51.409 2078 INFO eventlet.wsgi.server [req-87438e38-f860-4a96-9b2b-99ae7bf253e9 9b1f9b36d7354b1ea121ccfbae339d8b 85a11a1515f94848be7aa5b56adec8bf - - -] 127.0.0.1 - - [24/Feb/2016 20:15:51] "GET /images/8a724f78-2673-4ea1-b607-373626a15afb HTTP/1.1" 200 911 0.141155
2016-02-24 20:16:03.815 2082 INFO eventlet.wsgi.server [req-b0aa5131-c8d4-4511-885d-73014313439c 9b1f9b36d7354b1ea121ccfbae339d8b 85a11a1515f94848be7aa5b56adec8bf - - -] 127.0.0.1 - - [24/Feb/2016 20:16:03] "GET /images/detail?is_public=None&limit=20 HTTP/1.1" 200 914 0.134941
2016-02-24 20:25:51.245 2078 INFO eventlet.wsgi.server [req-b364c357-59ba-446b-aa35-fde238eaa0be 9b1f9b36d7354b1ea121ccfbae339d8b 85a11a1515f94848be7aa5b56adec8bf - - -] 127.0.0.1 - - [24/Feb/2016 20:25:51] "GET /images/8a724f78-2673-4ea1-b607-373626a15afb HTTP/1.1" 200 911 0.128713
2016-02-24 20:26:03.670 2078 INFO eventlet.wsgi.server [req-ad7c4f2e-8cd3-4282-8da7-23bf7e23e189 9b1f9b36d7354b1ea121ccfbae339d8b 85a11a1515f94848be7aa5b56adec8bf - - -] 127.0.0.1 - - [24/Feb/2016 20:26:03] "GET /images/detail?is_public=None&limit=20 HTTP/1.1" 200 914 0.138508
2016-02-24 20:35:39.112 2066 INFO eventlet.wsgi.server [req-d402d754-cad4-4387-aec9-132fedd71746 6faed7c946234e689b523e389a812a5c 654ecf6e62854cea9720173b7e835a61 - - -] 127.0.0.1 - - [24/Feb/2016 20:35:39] "GET /images/detail?sort_key=created_at&sort_dir=desc&limit=1000 HTTP/1.1" 200 914 0.652323
2016-02-24 20:35:51.139 2082 INFO eventlet.wsgi.server [req-85ddb2c8-40e4-478d-9b29-864470fb9897 9b1f9b36d7354b1ea121ccfbae339d8b 85a11a1515f94848be7aa5b56adec8bf - - -] 127.0.0.1 - - [24/Feb/2016 20:35:51] "GET /images/8a724f78-2673-4ea1-b607-373626a15afb HTTP/1.1" 200 911 0.136215
2016-02-24 20:36:03.678 2082 INFO eventlet.wsgi.server [req-3a1b381f-470b-44c8-b96f-e92ef0f04653 9b1f9b36d7354b1ea121ccfbae339d8b 85a11a1515f94848be7aa5b56adec8bf - - -] 127.0.0.1 - - [24/Feb/2016 20:36:03] "GET /images/detail?is_public=None&limit=20 HTTP/1.1" 200 914 0.149686
2016-02-24 20:36:05.059 2074 INFO eventlet.wsgi.server [req-eda2024e-3813-43c0-900a-3a2cdd0377f9 6faed7c946234e689b523e389a812a5c 654ecf6e62854cea9720173b7e835a61 - - -] 127.0.0.1 - - [24/Feb/2016 20:36:05] "GET /images/detail?status=active&is_public=True&limit=1000&sort_dir=desc&sort_key=created_at HTTP/1.1" 200 914 0.305916
2016-02-24 20:36:05.195 2066 INFO eventlet.wsgi.server [req-b4c1b09a-86e9-4a81-9a3f-0c6520349592 6faed7c946234e689b523e389a812a5c 654ecf6e62854cea9720173b7e835a61 - - -] 127.0.0.1 - - [24/Feb/2016 20:36:05] "GET /images/detail?status=active&sort_key=created_at&property-owner_id=654ecf6e62854cea9720173b7e835a61&limit=1000&sort_dir=desc HTTP/1.1" 200 207 0.079244
2016-02-24 20:37:23.073 2074 INFO eventlet.wsgi.server [req-e64aef6f-ed4b-44d6-84d5-47065850f261 6faed7c946234e689b523e389a812a5c 654ecf6e62854cea9720173b7e835a61 - - -] 127.0.0.1 - - [24/Feb/2016 20:37:23] "GET /images/detail?status=active&is_public=True&limit=1000&sort_dir=desc&sort_key=created_at HTTP/1.1" 200 914 0.076619
2016-02-24 20:37:23.260 2078 INFO eventlet.wsgi.server [req-a85836c4-b3a0-4529-96de-1a647219b450 6faed7c946234e689b523e389a812a5c 654ecf6e62854cea9720173b7e835a61 - - -] 127.0.0.1 - - [24/Feb/2016 20:37:23] "GET /images/detail?status=active&sort_key=created_at&property-owner_id=654ecf6e62854cea9720173b7e835a61&limit=1000&sort_dir=desc HTTP/1.1" 200 207 0.158118
2016-02-24 20:37:25.095 2066 INFO eventlet.wsgi.server [req-02633e83-ead0-4190-941e-bbe000171227 6faed7c946234e689b523e389a812a5c 654ecf6e62854cea9720173b7e835a61 - - -] 127.0.0.1 - - [24/Feb/2016 20:37:25] "GET /images/8a724f78-2673-4ea1-b607-373626a15afb HTTP/1.1" 200 911 0.038774
2016-02-24 20:37:26.445 2078 INFO eventlet.wsgi.server [req-77c801cd-f632-4dd4-900e-4112ad42215d 6faed7c946234e689b523e389a812a5c 654ecf6e62854cea9720173b7e835a61 - - -] 127.0.0.1 - - [24/Feb/2016 20:37:26] "GET /images/detail?sort_key=created_at&sort_dir=desc&limit=1000 HTTP/1.1" 200 914 0.063158
2016-02-24 20:37:27.257 2066 INFO eventlet.wsgi.server [req-1bb382dd-4082-4ecc-8e52-b518e2d12b60 6faed7c946234e689b523e389a812a5c 654ecf6e62854cea9720173b7e835a61 - - -] 127.0.0.1 - - [24/Feb/2016 20:37:27] "GET /images/8a724f78-2673-4ea1-b607-373626a15afb HTTP/1.1" 200 911 0.045534
2016-02-24 20:37:28.230 2066 INFO eventlet.wsgi.server [req-7508809f-1e79-460a-8cc8-109635b8c621 6faed7c946234e689b523e389a812a5c 654ecf6e62854cea9720173b7e835a61 - - -] 127.0.0.1 - - [24/Feb/2016 20:37:28] "GET /images/8a724f78-2673-4ea1-b607-373626a15afb HTTP/1.1" 200 911 0.018648
2016-02-24 20:37:31.610 2074 INFO eventlet.wsgi.server [req-9f6bea90-ce05-4bd4-bffb-8899da990983 6faed7c946234e689b523e389a812a5c 654ecf6e62854cea9720173b7e835a61 - - -] 127.0.0.1 - - [24/Feb/2016 20:37:31] "GET /images/8a724f78-2673-4ea1-b607-373626a15afb HTTP/1.1" 200 911 0.032567
2016-02-24 20:37:37.523 2082 INFO eventlet.wsgi.server [req-8903f31c-6676-4b05-811a-67fd345225b1 6faed7c946234e689b523e389a812a5c 654ecf6e62854cea9720173b7e835a61 - - -] 127.0.0.1 - - [24/Feb/2016 20:37:37] "GET /images/8a724f78-2673-4ea1-b607-373626a15afb HTTP/1.1" 200 911 0.170806
2016-02-24 20:37:45.808 2082 INFO eventlet.wsgi.server [req-464dea9c-a40e-4edf-892f-5d0422c1349f 6faed7c946234e689b523e389a812a5c 654ecf6e62854cea9720173b7e835a61 - - -] 127.0.0.1 - - [24/Feb/2016 20:37:45] "GET /images/8a724f78-2673-4ea1-b607-373626a15afb HTTP/1.1" 200 911 0.031241
2016-02-24 20:37:57.014 2082 INFO eventlet.wsgi.server [req-de67b6aa-23dc-4bd3-8836-13cccd35f75a 6faed7c946234e689b523e389a812a5c 654ecf6e62854cea9720173b7e835a61 - - -] 127.0.0.1 - - [24/Feb/2016 20:37:57] "GET /images/8a724f78-2673-4ea1-b607-373626a15afb HTTP/1.1" 200 911 0.022971
2016-02-24 20:38:04.381 2074 INFO eventlet.wsgi.server [req-356f034a-07d0-42fa-be43-20134e541378 6faed7c946234e689b523e389a812a5c 654ecf6e62854cea9720173b7e835a61 - - -] 127.0.0.1 - - [24/Feb/2016 20:38:04] "GET /images/8a724f78-2673-4ea1-b607-373626a15afb HTTP/1.1" 200 911 0.148307
2016-02-24 20:38:11.285 2078 INFO eventlet.wsgi.server [req-11485a9b-efb1-45c6-aec8-b693352b81d3 6faed7c946234e689b523e389a812a5c 654ecf6e62854cea9720173b7e835a61 - - -] 127.0.0.1 - - [24/Feb/2016 20:38:11] "GET /images/8a724f78-2673-4ea1-b607-373626a15afb HTTP/1.1" 200 911 0.045792
2016-02-24 20:38:27.456 2074 INFO eventlet.wsgi.server [req-83e65c1c-d46c-4a38-99d9-ab3b456d9cda 6faed7c946234e689b523e389a812a5c 654ecf6e62854cea9720173b7e835a61 - - -] 127.0.0.1 - - [24/Feb/2016 20:38:27] "GET /images/8a724f78-2673-4ea1-b607-373626a15afb HTTP/1.1" 200 911 0.038764
2016-02-24 20:38:45.780 2078 INFO eventlet.wsgi.server [req-65468213-fb49-4ce7-81c6-20117ed33901 6faed7c946234e689b523e389a812a5c 654ecf6e62854cea9720173b7e835a61 - - -] 127.0.0.1 - - [24/Feb/2016 20:38:45] "GET /images/8a724f78-2673-4ea1-b607-373626a15afb HTTP/1.1" 200 911 0.037229
2016-02-24 20:38:57.135 2066 INFO eventlet.wsgi.server [req-ce148dc9-d7c8-49c0-a751-0b08fc52f895 6faed7c946234e689b523e389a812a5c 654ecf6e62854cea9720173b7e835a61 - - -] 127.0.0.1 - - [24/Feb/2016 20:38:57] "GET /images/8a724f78-2673-4ea1-b607-373626a15afb HTTP/1.1" 200 911 0.184664
2016-02-24 20:45:51.212 2078 INFO eventlet.wsgi.server [req-d07e0774-4974-46d2-90f6-0a0c4c774c68 9b1f9b36d7354b1ea121ccfbae339d8b 85a11a1515f94848be7aa5b56adec8bf - - -] 127.0.0.1 - - [24/Feb/2016 20:45:51] "GET /images/8a724f78-2673-4ea1-b607-373626a15afb HTTP/1.1" 200 911 0.143127
2016-02-24 20:46:03.914 2066 INFO eventlet.wsgi.server [req-7532e30c-2eb2-4e22-b96e-9f3bf0096399 9b1f9b36d7354b1ea121ccfbae339d8b 85a11a1515f94848be7aa5b56adec8bf - - -] 127.0.0.1 - - [24/Feb/2016 20:46:03] "GET /images/detail?is_public=None&limit=20 HTTP/1.1" 200 914 0.184955
2016-02-24 20:46:17.201 2066 INFO eventlet.wsgi.server [req-ba057501-859f-470c-8e77-8cb85c0af3d2 9b1f9b36d7354b1ea121ccfbae339d8b 85a11a1515f94848be7aa5b56adec8bf - - -] 127.0.0.1 - - [24/Feb/2016 20:46:17] "GET /images/8a724f78-2673-4ea1-b607-373626a15afb HTTP/1.1" 200 911 0.128436
2016-02-24 20:55:51.446 2078 INFO eventlet.wsgi.server [req-a21cad8a-9ca3-452f-86ad-8c80b6d91b80 9b1f9b36d7354b1ea121ccfbae339d8b 85a11a1515f94848be7aa5b56adec8bf - - -] 127.0.0.1 - - [24/Feb/2016 20:55:51] "GET /images/8a724f78-2673-4ea1-b607-373626a15afb HTTP/1.1" 200 911 0.130571
2016-02-24 20:56:04.149 2074 INFO eventlet.wsgi.server [req-78910ba8-e467-474e-8e38-f0b334c4261e 9b1f9b36d7354b1ea121ccfbae339d8b 85a11a1515f94848be7aa5b56adec8bf - - -] 127.0.0.1 - - [24/Feb/2016 20:56:04] "GET /images/detail?is_public=None&limit=20 HTTP/1.1" 200 914 0.277025
2016-02-24 20:56:17.411 2066 INFO eventlet.wsgi.server [req-ac4949d4-5132-4570-95c8-17910e4d307f 9b1f9b36d7354b1ea121ccfbae339d8b 85a11a1515f94848be7aa5b56adec8bf - - -] 127.0.0.1 - - [24/Feb/2016 20:56:17] "GET /images/8a724f78-2673-4ea1-b607-373626a15afb HTTP/1.1" 200 911 0.126685
