2016-02-24 21:05:51.539 2078 INFO eventlet.wsgi.server [req-ea4d029a-63a4-4b0f-a85e-4b7b4a35172d 9b1f9b36d7354b1ea121ccfbae339d8b 85a11a1515f94848be7aa5b56adec8bf - - -] 127.0.0.1 - - [24/Feb/2016 21:05:51] "GET /images/8a724f78-2673-4ea1-b607-373626a15afb HTTP/1.1" 200 911 0.250897
2016-02-24 21:06:04.312 2074 INFO eventlet.wsgi.server [req-d7ca84d3-69d9-48ed-805a-4b92e65bd752 9b1f9b36d7354b1ea121ccfbae339d8b 85a11a1515f94848be7aa5b56adec8bf - - -] 127.0.0.1 - - [24/Feb/2016 21:06:04] "GET /images/detail?is_public=None&limit=20 HTTP/1.1" 200 914 0.160128
2016-02-24 21:06:17.679 2082 INFO eventlet.wsgi.server [req-3a99d991-bfea-4b6c-b66b-fd55d0baaa19 9b1f9b36d7354b1ea121ccfbae339d8b 85a11a1515f94848be7aa5b56adec8bf - - -] 127.0.0.1 - - [24/Feb/2016 21:06:17] "GET /images/8a724f78-2673-4ea1-b607-373626a15afb HTTP/1.1" 200 911 0.248648
2016-02-24 21:15:51.454 2078 INFO eventlet.wsgi.server [req-022687b7-31b6-430c-a58d-fcaf92fbf61f 9b1f9b36d7354b1ea121ccfbae339d8b 85a11a1515f94848be7aa5b56adec8bf - - -] 127.0.0.1 - - [24/Feb/2016 21:15:51] "GET /images/8a724f78-2673-4ea1-b607-373626a15afb HTTP/1.1" 200 911 0.142389
2016-02-24 21:16:04.051 2082 INFO eventlet.wsgi.server [req-b237c020-2fae-403d-9b6e-c5e7206b768b 9b1f9b36d7354b1ea121ccfbae339d8b 85a11a1515f94848be7aa5b56adec8bf - - -] 127.0.0.1 - - [24/Feb/2016 21:16:04] "GET /images/detail?is_public=None&limit=20 HTTP/1.1" 200 914 0.136739
2016-02-24 21:16:17.265 2074 INFO eventlet.wsgi.server [req-e7fc0b25-78c0-4a2e-b6e1-d0e19d81ab3d 9b1f9b36d7354b1ea121ccfbae339d8b 85a11a1515f94848be7aa5b56adec8bf - - -] 127.0.0.1 - - [24/Feb/2016 21:16:17] "GET /images/8a724f78-2673-4ea1-b607-373626a15afb HTTP/1.1" 200 911 0.128758
2016-02-24 21:25:51.402 2074 INFO eventlet.wsgi.server [req-18095abf-5715-405a-b567-ce02e56fa6ea 9b1f9b36d7354b1ea121ccfbae339d8b 85a11a1515f94848be7aa5b56adec8bf - - -] 127.0.0.1 - - [24/Feb/2016 21:25:51] "GET /images/8a724f78-2673-4ea1-b607-373626a15afb HTTP/1.1" 200 911 0.129727
2016-02-24 21:26:03.697 2074 INFO eventlet.wsgi.server [req-e6c272d4-f72f-4376-9326-24439aa2511d 9b1f9b36d7354b1ea121ccfbae339d8b 85a11a1515f94848be7aa5b56adec8bf - - -] 127.0.0.1 - - [24/Feb/2016 21:26:03] "GET /images/detail?is_public=None&limit=20 HTTP/1.1" 200 914 0.142247
2016-02-24 21:26:17.172 2066 INFO eventlet.wsgi.server [req-a20c46d0-8c68-43e0-a529-50b4f22d3a2a 9b1f9b36d7354b1ea121ccfbae339d8b 85a11a1515f94848be7aa5b56adec8bf - - -] 127.0.0.1 - - [24/Feb/2016 21:26:17] "GET /images/8a724f78-2673-4ea1-b607-373626a15afb HTTP/1.1" 200 911 0.122304
2016-02-24 21:35:51.338 2066 INFO eventlet.wsgi.server [req-98774d43-2135-446c-a585-263f63f8b803 9b1f9b36d7354b1ea121ccfbae339d8b 85a11a1515f94848be7aa5b56adec8bf - - -] 127.0.0.1 - - [24/Feb/2016 21:35:51] "GET /images/8a724f78-2673-4ea1-b607-373626a15afb HTTP/1.1" 200 911 0.257603
2016-02-24 21:36:03.716 2074 INFO eventlet.wsgi.server [req-97cfd055-81b4-4261-b5f3-831b5cc309fb 9b1f9b36d7354b1ea121ccfbae339d8b 85a11a1515f94848be7aa5b56adec8bf - - -] 127.0.0.1 - - [24/Feb/2016 21:36:03] "GET /images/detail?is_public=None&limit=20 HTTP/1.1" 200 914 0.140837
2016-02-24 21:36:17.221 2082 INFO eventlet.wsgi.server [req-22a406d2-4b83-486b-80cf-629d6da1e024 9b1f9b36d7354b1ea121ccfbae339d8b 85a11a1515f94848be7aa5b56adec8bf - - -] 127.0.0.1 - - [24/Feb/2016 21:36:17] "GET /images/8a724f78-2673-4ea1-b607-373626a15afb HTTP/1.1" 200 911 0.135674
2016-02-24 21:45:51.241 2066 INFO eventlet.wsgi.server [req-2b14885e-59fb-45b9-a633-0116fc370004 9b1f9b36d7354b1ea121ccfbae339d8b 85a11a1515f94848be7aa5b56adec8bf - - -] 127.0.0.1 - - [24/Feb/2016 21:45:51] "GET /images/8a724f78-2673-4ea1-b607-373626a15afb HTTP/1.1" 200 911 0.121332
2016-02-24 21:46:03.735 2082 INFO eventlet.wsgi.server [req-5e43be96-d31d-4c2a-a029-7ac3d8381ced 9b1f9b36d7354b1ea121ccfbae339d8b 85a11a1515f94848be7aa5b56adec8bf - - -] 127.0.0.1 - - [24/Feb/2016 21:46:03] "GET /images/detail?is_public=None&limit=20 HTTP/1.1" 200 914 0.137527
2016-02-24 21:46:17.158 2066 INFO eventlet.wsgi.server [req-6fe15e02-ee96-4b06-a802-ec6e3ebb2262 9b1f9b36d7354b1ea121ccfbae339d8b 85a11a1515f94848be7aa5b56adec8bf - - -] 127.0.0.1 - - [24/Feb/2016 21:46:17] "GET /images/8a724f78-2673-4ea1-b607-373626a15afb HTTP/1.1" 200 911 0.128377
2016-02-24 21:55:51.370 2074 INFO eventlet.wsgi.server [req-0774b102-15b7-426e-9886-3da6f842ee4b 9b1f9b36d7354b1ea121ccfbae339d8b 85a11a1515f94848be7aa5b56adec8bf - - -] 127.0.0.1 - - [24/Feb/2016 21:55:51] "GET /images/8a724f78-2673-4ea1-b607-373626a15afb HTTP/1.1" 200 911 0.111839
2016-02-24 21:56:03.912 2078 INFO eventlet.wsgi.server [req-19a78791-d914-4aee-a6c3-e1cc7a6df5a0 9b1f9b36d7354b1ea121ccfbae339d8b 85a11a1515f94848be7aa5b56adec8bf - - -] 127.0.0.1 - - [24/Feb/2016 21:56:03] "GET /images/detail?is_public=None&limit=20 HTTP/1.1" 200 914 0.145999
2016-02-24 21:56:17.574 2074 INFO eventlet.wsgi.server [req-59bdacb5-512b-43ea-8bfb-f8735bfaf44c 9b1f9b36d7354b1ea121ccfbae339d8b 85a11a1515f94848be7aa5b56adec8bf - - -] 127.0.0.1 - - [24/Feb/2016 21:56:17] "GET /images/8a724f78-2673-4ea1-b607-373626a15afb HTTP/1.1" 200 911 0.241726
2016-02-24 22:05:51.397 2078 INFO eventlet.wsgi.server [req-95c40934-a024-4885-a2bc-8f33ccdee70d 9b1f9b36d7354b1ea121ccfbae339d8b 85a11a1515f94848be7aa5b56adec8bf - - -] 127.0.0.1 - - [24/Feb/2016 22:05:51] "GET /images/8a724f78-2673-4ea1-b607-373626a15afb HTTP/1.1" 200 911 0.245552
2016-02-24 22:06:04.262 2074 INFO eventlet.wsgi.server [req-b131f003-1e45-4e95-9c66-2c5cb5eb960e 9b1f9b36d7354b1ea121ccfbae339d8b 85a11a1515f94848be7aa5b56adec8bf - - -] 127.0.0.1 - - [24/Feb/2016 22:06:04] "GET /images/detail?is_public=None&limit=20 HTTP/1.1" 200 914 0.136677
2016-02-24 22:06:17.671 2082 INFO eventlet.wsgi.server [req-2279a5fa-bdd6-430d-a47b-359eacf52241 9b1f9b36d7354b1ea121ccfbae339d8b 85a11a1515f94848be7aa5b56adec8bf - - -] 127.0.0.1 - - [24/Feb/2016 22:06:17] "GET /images/8a724f78-2673-4ea1-b607-373626a15afb HTTP/1.1" 200 911 0.275162
2016-02-24 22:15:51.296 2066 INFO eventlet.wsgi.server [req-4f3f3b8a-746c-4b28-a043-ebfe183f4e5d 9b1f9b36d7354b1ea121ccfbae339d8b 85a11a1515f94848be7aa5b56adec8bf - - -] 127.0.0.1 - - [24/Feb/2016 22:15:51] "GET /images/8a724f78-2673-4ea1-b607-373626a15afb HTTP/1.1" 200 911 0.126424
2016-02-24 22:16:03.930 2074 INFO eventlet.wsgi.server [req-d94ac32c-77d9-485b-a981-dc27e8e9efcc 9b1f9b36d7354b1ea121ccfbae339d8b 85a11a1515f94848be7aa5b56adec8bf - - -] 127.0.0.1 - - [24/Feb/2016 22:16:03] "GET /images/detail?is_public=None&limit=20 HTTP/1.1" 200 914 0.140664
2016-02-24 22:16:17.245 2082 INFO eventlet.wsgi.server [req-6e498c1a-1b7a-44c0-ac03-90f6969a243c 9b1f9b36d7354b1ea121ccfbae339d8b 85a11a1515f94848be7aa5b56adec8bf - - -] 127.0.0.1 - - [24/Feb/2016 22:16:17] "GET /images/8a724f78-2673-4ea1-b607-373626a15afb HTTP/1.1" 200 911 0.134740
2016-02-24 22:25:51.289 2074 INFO eventlet.wsgi.server [req-38d3ef54-0baf-4187-9826-3c8f7000603f 9b1f9b36d7354b1ea121ccfbae339d8b 85a11a1515f94848be7aa5b56adec8bf - - -] 127.0.0.1 - - [24/Feb/2016 22:25:51] "GET /images/8a724f78-2673-4ea1-b607-373626a15afb HTTP/1.1" 200 911 0.136408
2016-02-24 22:26:03.697 2074 INFO eventlet.wsgi.server [req-2caf0b0e-2bdf-4e10-bff6-27df9ed04a62 9b1f9b36d7354b1ea121ccfbae339d8b 85a11a1515f94848be7aa5b56adec8bf - - -] 127.0.0.1 - - [24/Feb/2016 22:26:03] "GET /images/detail?is_public=None&limit=20 HTTP/1.1" 200 914 0.133682
2016-02-24 22:26:17.268 2082 INFO eventlet.wsgi.server [req-b8436050-71c5-400d-911b-3fced2feec38 9b1f9b36d7354b1ea121ccfbae339d8b 85a11a1515f94848be7aa5b56adec8bf - - -] 127.0.0.1 - - [24/Feb/2016 22:26:17] "GET /images/8a724f78-2673-4ea1-b607-373626a15afb HTTP/1.1" 200 911 0.116097
2016-02-24 22:35:51.357 2082 INFO eventlet.wsgi.server [req-9a323b86-3bae-4df2-8e07-c945b7d1ebdd 9b1f9b36d7354b1ea121ccfbae339d8b 85a11a1515f94848be7aa5b56adec8bf - - -] 127.0.0.1 - - [24/Feb/2016 22:35:51] "GET /images/8a724f78-2673-4ea1-b607-373626a15afb HTTP/1.1" 200 911 0.143979
2016-02-24 22:36:03.761 2074 INFO eventlet.wsgi.server [req-4b8b80f5-0b1d-43d0-a81e-61c72cdab696 9b1f9b36d7354b1ea121ccfbae339d8b 85a11a1515f94848be7aa5b56adec8bf - - -] 127.0.0.1 - - [24/Feb/2016 22:36:03] "GET /images/detail?is_public=None&limit=20 HTTP/1.1" 200 914 0.169627
2016-02-24 22:36:17.366 2066 INFO eventlet.wsgi.server [req-9e0bc020-bae3-471c-9248-606d5a72be7d 9b1f9b36d7354b1ea121ccfbae339d8b 85a11a1515f94848be7aa5b56adec8bf - - -] 127.0.0.1 - - [24/Feb/2016 22:36:17] "GET /images/8a724f78-2673-4ea1-b607-373626a15afb HTTP/1.1" 200 911 0.263036
2016-02-24 22:45:51.182 2082 INFO eventlet.wsgi.server [req-0c180ce8-35a5-4b55-8ce9-1beab8341bba 9b1f9b36d7354b1ea121ccfbae339d8b 85a11a1515f94848be7aa5b56adec8bf - - -] 127.0.0.1 - - [24/Feb/2016 22:45:51] "GET /images/8a724f78-2673-4ea1-b607-373626a15afb HTTP/1.1" 200 911 0.118130
2016-02-24 22:46:03.922 2074 INFO eventlet.wsgi.server [req-af21281f-8798-4a92-9e39-29570596c454 9b1f9b36d7354b1ea121ccfbae339d8b 85a11a1515f94848be7aa5b56adec8bf - - -] 127.0.0.1 - - [24/Feb/2016 22:46:03] "GET /images/detail?is_public=None&limit=20 HTTP/1.1" 200 914 0.155326
2016-02-24 22:46:17.260 2082 INFO eventlet.wsgi.server [req-b6ad6a72-4974-40f3-9c45-83432c5de860 9b1f9b36d7354b1ea121ccfbae339d8b 85a11a1515f94848be7aa5b56adec8bf - - -] 127.0.0.1 - - [24/Feb/2016 22:46:17] "GET /images/8a724f78-2673-4ea1-b607-373626a15afb HTTP/1.1" 200 911 0.129097
2016-02-24 22:55:51.460 2082 INFO eventlet.wsgi.server [req-a54deff8-7d8c-48f9-82ad-7b4b1b490fe5 9b1f9b36d7354b1ea121ccfbae339d8b 85a11a1515f94848be7aa5b56adec8bf - - -] 127.0.0.1 - - [24/Feb/2016 22:55:51] "GET /images/8a724f78-2673-4ea1-b607-373626a15afb HTTP/1.1" 200 911 0.123708
2016-02-24 22:56:03.861 2066 INFO eventlet.wsgi.server [req-4a9b2fde-fc2b-4abf-824d-4582ebc79079 9b1f9b36d7354b1ea121ccfbae339d8b 85a11a1515f94848be7aa5b56adec8bf - - -] 127.0.0.1 - - [24/Feb/2016 22:56:03] "GET /images/detail?is_public=None&limit=20 HTTP/1.1" 200 914 0.140631
2016-02-24 22:56:17.482 2082 INFO eventlet.wsgi.server [req-0c20ee8b-810c-47b1-a50a-3cd63e19d8f2 9b1f9b36d7354b1ea121ccfbae339d8b 85a11a1515f94848be7aa5b56adec8bf - - -] 127.0.0.1 - - [24/Feb/2016 22:56:17] "GET /images/8a724f78-2673-4ea1-b607-373626a15afb HTTP/1.1" 200 911 0.118714
2016-02-25 19:47:15.525 986 INFO glance.common.wsgi [-] Starting 4 workers
2016-02-25 19:47:15.729 986 INFO glance.common.wsgi [-] Started child 1836
2016-02-25 19:47:15.720 1836 INFO eventlet.wsgi.server [-] (1836) wsgi starting up on http://0.0.0.0:9191/
2016-02-25 19:47:15.820 986 INFO glance.common.wsgi [-] Started child 1841
2016-02-25 19:47:15.997 1841 INFO eventlet.wsgi.server [-] (1841) wsgi starting up on http://0.0.0.0:9191/
2016-02-25 19:47:16.049 1847 INFO eventlet.wsgi.server [-] (1847) wsgi starting up on http://0.0.0.0:9191/
2016-02-25 19:47:16.036 986 INFO glance.common.wsgi [-] Started child 1847
2016-02-25 19:47:16.124 986 INFO glance.common.wsgi [-] Started child 1852
2016-02-25 19:47:16.234 1852 INFO eventlet.wsgi.server [-] (1852) wsgi starting up on http://0.0.0.0:9191/
2016-02-25 19:53:50.295 1841 INFO eventlet.wsgi.server [req-d821431b-3047-451c-9c88-ddf268718bfd e9483918caa940a48fe882ba092c7e0b 300b2cc45c3846939e589310ae714e46 - - -] 127.0.0.1 - - [25/Feb/2016 19:53:50] "GET /images/detail?sort_key=name&sort_dir=asc&limit=20 HTTP/1.1" 200 914 0.604712
2016-02-25 19:56:41.832 1841 INFO eventlet.wsgi.server [req-a608a8d3-760d-4223-a094-9182ced8e9be 9b1f9b36d7354b1ea121ccfbae339d8b 85a11a1515f94848be7aa5b56adec8bf - - -] 127.0.0.1 - - [25/Feb/2016 19:56:41] "GET /images/8a724f78-2673-4ea1-b607-373626a15afb HTTP/1.1" 200 911 0.181649
2016-02-25 19:56:53.762 1847 INFO glance.registry.api.v1.images [req-9f3b9718-aa73-4cfd-b513-27644c022996 e9483918caa940a48fe882ba092c7e0b 300b2cc45c3846939e589310ae714e46 - - -] Successfully created image 354e056f-80fa-448f-98bc-bb8af7dea3ed
2016-02-25 19:56:53.764 1847 INFO eventlet.wsgi.server [req-9f3b9718-aa73-4cfd-b513-27644c022996 e9483918caa940a48fe882ba092c7e0b 300b2cc45c3846939e589310ae714e46 - - -] 127.0.0.1 - - [25/Feb/2016 19:56:53] "POST /images HTTP/1.1" 200 891 0.591073
2016-02-25 19:56:54.358 1852 INFO eventlet.wsgi.server [req-5c1a7f96-75e4-49ea-91c5-cb80fa12456b e9483918caa940a48fe882ba092c7e0b 300b2cc45c3846939e589310ae714e46 - - -] 127.0.0.1 - - [25/Feb/2016 19:56:54] "GET /images/354e056f-80fa-448f-98bc-bb8af7dea3ed HTTP/1.1" 200 891 0.513847
2016-02-25 19:56:55.262 1836 INFO glance.registry.api.v1.images [req-bc63a03c-5381-472d-ba83-ef09434c276c e9483918caa940a48fe882ba092c7e0b 300b2cc45c3846939e589310ae714e46 - - -] Updating metadata for image 354e056f-80fa-448f-98bc-bb8af7dea3ed
2016-02-25 19:56:55.265 1836 INFO eventlet.wsgi.server [req-bc63a03c-5381-472d-ba83-ef09434c276c e9483918caa940a48fe882ba092c7e0b 300b2cc45c3846939e589310ae714e46 - - -] 127.0.0.1 - - [25/Feb/2016 19:56:55] "PUT /images/354e056f-80fa-448f-98bc-bb8af7dea3ed HTTP/1.1" 200 891 0.554669
2016-02-25 19:56:55.402 1841 INFO eventlet.wsgi.server [req-3a4ae69e-aa91-4e02-b2cc-2357a5988e3a e9483918caa940a48fe882ba092c7e0b 300b2cc45c3846939e589310ae714e46 - - -] 127.0.0.1 - - [25/Feb/2016 19:56:55] "GET /images/354e056f-80fa-448f-98bc-bb8af7dea3ed/members HTTP/1.1" 200 208 0.111632
2016-02-25 19:57:05.869 1841 INFO eventlet.wsgi.server [req-08117654-3268-41fe-b7e8-cc080b13864d e9483918caa940a48fe882ba092c7e0b 300b2cc45c3846939e589310ae714e46 - - -] 127.0.0.1 - - [25/Feb/2016 19:57:05] "GET /images/detail?sort_key=name&sort_dir=asc&limit=20 HTTP/1.1" 200 1603 0.214533
2016-02-25 19:57:07.370 1841 INFO eventlet.wsgi.server [req-1ffd3777-74c1-4ce9-9a2c-5943485e9bf5 9b1f9b36d7354b1ea121ccfbae339d8b 85a11a1515f94848be7aa5b56adec8bf - - -] 127.0.0.1 - - [25/Feb/2016 19:57:07] "GET /images/8a724f78-2673-4ea1-b607-373626a15afb HTTP/1.1" 200 911 0.134317
2016-02-25 19:57:15.953 1847 INFO eventlet.wsgi.server [req-07824c0a-3032-4d04-ac88-638adbb0b5da 9b1f9b36d7354b1ea121ccfbae339d8b 85a11a1515f94848be7aa5b56adec8bf - - -] 127.0.0.1 - - [25/Feb/2016 19:57:15] "GET /images/detail?is_public=None&limit=20 HTTP/1.1" 200 1603 0.129550
2016-02-25 20:00:48.366 1836 INFO eventlet.wsgi.server [req-f16b0b9a-be80-4b6f-b892-5a7781664e78 e9483918caa940a48fe882ba092c7e0b 300b2cc45c3846939e589310ae714e46 - - -] 127.0.0.1 - - [25/Feb/2016 20:00:48] "GET /images/detail?is_public=none&limit=20 HTTP/1.1" 200 1603 0.183140
2016-02-25 20:00:48.672 1847 INFO eventlet.wsgi.server [req-59abe981-701d-4190-9e9e-25631e522aac e9483918caa940a48fe882ba092c7e0b 300b2cc45c3846939e589310ae714e46 - - -] 127.0.0.1 - - [25/Feb/2016 20:00:48] "GET /images/354e056f-80fa-448f-98bc-bb8af7dea3ed HTTP/1.1" 200 891 0.136623
2016-02-25 20:00:48.714 1836 INFO eventlet.wsgi.server [req-6ac19549-2a40-491b-8cba-43b87787799f e9483918caa940a48fe882ba092c7e0b 300b2cc45c3846939e589310ae714e46 - - -] 127.0.0.1 - - [25/Feb/2016 20:00:48] "GET /images/354e056f-80fa-448f-98bc-bb8af7dea3ed HTTP/1.1" 200 891 0.017038
2016-02-25 20:00:48.960 1852 INFO eventlet.wsgi.server [req-ae55744c-deba-4058-add8-060a9709c0a1 e9483918caa940a48fe882ba092c7e0b 300b2cc45c3846939e589310ae714e46 - - -] 127.0.0.1 - - [25/Feb/2016 20:00:48] "GET /images/354e056f-80fa-448f-98bc-bb8af7dea3ed HTTP/1.1" 200 891 0.107298
2016-02-25 20:00:48.996 1852 INFO eventlet.wsgi.server [req-42f08225-427e-40b2-939e-98c896b7eb08 e9483918caa940a48fe882ba092c7e0b 300b2cc45c3846939e589310ae714e46 - - -] 127.0.0.1 - - [25/Feb/2016 20:00:48] "GET /images/354e056f-80fa-448f-98bc-bb8af7dea3ed HTTP/1.1" 200 891 0.018207
2016-02-25 20:00:50.077 1852 INFO eventlet.wsgi.server [req-e384614b-4a07-46de-945e-363c8d6ccc5d e9483918caa940a48fe882ba092c7e0b 300b2cc45c3846939e589310ae714e46 - - -] 127.0.0.1 - - [25/Feb/2016 20:00:50] "GET /images/354e056f-80fa-448f-98bc-bb8af7dea3ed HTTP/1.1" 200 891 0.019229
2016-02-25 20:00:50.108 1852 INFO eventlet.wsgi.server [req-1465afa7-c49a-442f-b0d7-a41ee9c497f3 e9483918caa940a48fe882ba092c7e0b 300b2cc45c3846939e589310ae714e46 - - -] 127.0.0.1 - - [25/Feb/2016 20:00:50] "GET /images/354e056f-80fa-448f-98bc-bb8af7dea3ed HTTP/1.1" 200 891 0.017254
2016-02-25 20:00:50.971 1847 INFO eventlet.wsgi.server [req-f222e6f2-f7ce-4d07-bd57-77974ef4e04d e9483918caa940a48fe882ba092c7e0b 300b2cc45c3846939e589310ae714e46 - - -] 127.0.0.1 - - [25/Feb/2016 20:00:50] "GET /images/354e056f-80fa-448f-98bc-bb8af7dea3ed HTTP/1.1" 200 891 0.023994
2016-02-25 20:01:32.176 1836 INFO eventlet.wsgi.server [req-432b202a-6333-4e10-b49b-8a28b509c914 e9483918caa940a48fe882ba092c7e0b 300b2cc45c3846939e589310ae714e46 - - -] 127.0.0.1 - - [25/Feb/2016 20:01:32] "GET /images/detail?sort_key=created_at&sort_dir=desc&limit=1000 HTTP/1.1" 200 1603 0.191131
2016-02-25 20:01:34.281 1841 INFO eventlet.wsgi.server [req-f0c06a67-e355-4a3b-bb5c-8d8f43adb6c0 e9483918caa940a48fe882ba092c7e0b 300b2cc45c3846939e589310ae714e46 - - -] 127.0.0.1 - - [25/Feb/2016 20:01:34] "GET /images/354e056f-80fa-448f-98bc-bb8af7dea3ed HTTP/1.1" 200 891 0.132993
2016-02-25 20:01:37.881 1847 INFO eventlet.wsgi.server [req-2b430480-1e01-48f3-ad70-bb401cec5fed e9483918caa940a48fe882ba092c7e0b 300b2cc45c3846939e589310ae714e46 - - -] 127.0.0.1 - - [25/Feb/2016 20:01:37] "GET /images/354e056f-80fa-448f-98bc-bb8af7dea3ed HTTP/1.1" 200 891 0.164365
2016-02-25 20:01:44.009 1836 INFO eventlet.wsgi.server [req-4113c172-762e-403a-8a21-73f4ed9bb6d0 e9483918caa940a48fe882ba092c7e0b 300b2cc45c3846939e589310ae714e46 - - -] 127.0.0.1 - - [25/Feb/2016 20:01:44] "GET /images/354e056f-80fa-448f-98bc-bb8af7dea3ed HTTP/1.1" 200 891 0.025341
2016-02-25 20:01:52.633 1847 INFO eventlet.wsgi.server [req-dc888177-c2c6-4756-9746-d39e3218708e e9483918caa940a48fe882ba092c7e0b 300b2cc45c3846939e589310ae714e46 - - -] 127.0.0.1 - - [25/Feb/2016 20:01:52] "GET /images/354e056f-80fa-448f-98bc-bb8af7dea3ed HTTP/1.1" 200 891 0.036387
2016-02-25 20:02:03.449 1836 INFO eventlet.wsgi.server [req-6c5ea929-13fc-4642-8d63-577a1fb09310 e9483918caa940a48fe882ba092c7e0b 300b2cc45c3846939e589310ae714e46 - - -] 127.0.0.1 - - [25/Feb/2016 20:02:03] "GET /images/354e056f-80fa-448f-98bc-bb8af7dea3ed HTTP/1.1" 200 891 0.037514
2016-02-25 20:02:16.823 1841 INFO eventlet.wsgi.server [req-f6c0addf-749e-436c-92fe-c1b1b8dfbaf0 e9483918caa940a48fe882ba092c7e0b 300b2cc45c3846939e589310ae714e46 - - -] 127.0.0.1 - - [25/Feb/2016 20:02:16] "GET /images/354e056f-80fa-448f-98bc-bb8af7dea3ed HTTP/1.1" 200 891 0.030474
2016-02-25 20:02:26.574 1836 INFO eventlet.wsgi.server [req-71d194a7-5dd6-4024-ab57-491ba1ed04a1 e9483918caa940a48fe882ba092c7e0b 300b2cc45c3846939e589310ae714e46 - - -] 127.0.0.1 - - [25/Feb/2016 20:02:26] "GET /images/detail?status=active&is_public=True&limit=1000&sort_dir=desc&sort_key=created_at HTTP/1.1" 200 1603 0.079586
2016-02-25 20:02:26.848 1852 INFO eventlet.wsgi.server [req-bfdacc2b-c51b-4bed-a20b-f22a4252817e e9483918caa940a48fe882ba092c7e0b 300b2cc45c3846939e589310ae714e46 - - -] 127.0.0.1 - - [25/Feb/2016 20:02:26] "GET /images/detail?status=active&sort_key=created_at&property-owner_id=300b2cc45c3846939e589310ae714e46&limit=1000&sort_dir=desc HTTP/1.1" 200 207 0.253972
2016-02-25 20:02:32.647 1836 INFO eventlet.wsgi.server [req-544d3d96-8856-46a4-a77f-fec6aa0ba1c8 e9483918caa940a48fe882ba092c7e0b 300b2cc45c3846939e589310ae714e46 - - -] 127.0.0.1 - - [25/Feb/2016 20:02:32] "GET /images/354e056f-80fa-448f-98bc-bb8af7dea3ed HTTP/1.1" 200 891 0.027885
2016-02-25 20:03:40.329 1841 INFO eventlet.wsgi.server [req-18b01fa1-7997-4edc-b306-56daecf5dad0 e9483918caa940a48fe882ba092c7e0b 300b2cc45c3846939e589310ae714e46 - - -] 127.0.0.1 - - [25/Feb/2016 20:03:40] "GET /images/detail?status=active&is_public=True&limit=1000&sort_dir=desc&sort_key=created_at HTTP/1.1" 200 1603 0.071108
2016-02-25 20:03:40.392 1841 INFO eventlet.wsgi.server [req-a7948be5-27a3-4762-8869-d145bbd050a5 e9483918caa940a48fe882ba092c7e0b 300b2cc45c3846939e589310ae714e46 - - -] 127.0.0.1 - - [25/Feb/2016 20:03:40] "GET /images/detail?status=active&sort_key=created_at&property-owner_id=300b2cc45c3846939e589310ae714e46&limit=1000&sort_dir=desc HTTP/1.1" 200 207 0.049237
2016-02-25 20:03:50.046 1836 INFO eventlet.wsgi.server [req-5dab0423-8b90-45b4-b7bc-9bc1d500aea0 e9483918caa940a48fe882ba092c7e0b 300b2cc45c3846939e589310ae714e46 - - -] 127.0.0.1 - - [25/Feb/2016 20:03:50] "GET /images/detail?status=active&is_public=True&limit=1000&sort_dir=desc&sort_key=created_at HTTP/1.1" 200 1603 0.078174
2016-02-25 20:03:50.104 1836 INFO eventlet.wsgi.server [req-0d849d25-d06a-4eeb-a96e-e37c0a120b7d e9483918caa940a48fe882ba092c7e0b 300b2cc45c3846939e589310ae714e46 - - -] 127.0.0.1 - - [25/Feb/2016 20:03:50] "GET /images/detail?status=active&sort_key=created_at&property-owner_id=300b2cc45c3846939e589310ae714e46&limit=1000&sort_dir=desc HTTP/1.1" 200 207 0.041233
2016-02-25 20:03:51.016 1852 INFO eventlet.wsgi.server [req-79b64d37-5694-45d6-9543-a2120a2596d3 e9483918caa940a48fe882ba092c7e0b 300b2cc45c3846939e589310ae714e46 - - -] 127.0.0.1 - - [25/Feb/2016 20:03:51] "GET /images/354e056f-80fa-448f-98bc-bb8af7dea3ed HTTP/1.1" 200 891 0.027475
2016-02-25 20:03:51.064 1847 INFO eventlet.wsgi.server [req-f658aa5f-a070-44a6-ba4a-9e46d56da940 e9483918caa940a48fe882ba092c7e0b 300b2cc45c3846939e589310ae714e46 - - -] 127.0.0.1 - - [25/Feb/2016 20:03:51] "GET /images/354e056f-80fa-448f-98bc-bb8af7dea3ed HTTP/1.1" 200 891 0.024352
2016-02-25 20:03:51.484 1841 INFO eventlet.wsgi.server [req-9a23301d-13b0-4b38-a605-40305f694346 e9483918caa940a48fe882ba092c7e0b 300b2cc45c3846939e589310ae714e46 - - -] 127.0.0.1 - - [25/Feb/2016 20:03:51] "GET /images/354e056f-80fa-448f-98bc-bb8af7dea3ed HTTP/1.1" 200 891 0.024983
2016-02-25 20:03:51.512 1852 INFO eventlet.wsgi.server [req-047614c6-c732-4ff4-b123-a50f287d08be e9483918caa940a48fe882ba092c7e0b 300b2cc45c3846939e589310ae714e46 - - -] 127.0.0.1 - - [25/Feb/2016 20:03:51] "GET /images/354e056f-80fa-448f-98bc-bb8af7dea3ed HTTP/1.1" 200 891 0.014791
2016-02-25 20:03:52.441 1852 INFO eventlet.wsgi.server [req-327e00a1-3376-450a-b5fc-bc290f35250d e9483918caa940a48fe882ba092c7e0b 300b2cc45c3846939e589310ae714e46 - - -] 127.0.0.1 - - [25/Feb/2016 20:03:52] "GET /images/detail?sort_key=created_at&sort_dir=desc&limit=1000 HTTP/1.1" 200 1603 0.051156
2016-02-25 20:03:52.571 1847 INFO eventlet.wsgi.server [req-7c679f3e-fc7a-4960-ae92-46ae02e28a00 e9483918caa940a48fe882ba092c7e0b 300b2cc45c3846939e589310ae714e46 - - -] 127.0.0.1 - - [25/Feb/2016 20:03:52] "GET /images/354e056f-80fa-448f-98bc-bb8af7dea3ed HTTP/1.1" 200 891 0.031038
2016-02-25 20:03:52.626 1836 INFO eventlet.wsgi.server [req-759ed629-39fc-4704-90d2-c882f02b919d e9483918caa940a48fe882ba092c7e0b 300b2cc45c3846939e589310ae714e46 - - -] 127.0.0.1 - - [25/Feb/2016 20:03:52] "GET /images/354e056f-80fa-448f-98bc-bb8af7dea3ed HTTP/1.1" 200 891 0.034207
2016-02-25 20:03:53.357 1852 INFO eventlet.wsgi.server [req-5f81c65e-8f20-477a-9253-0af73ab651e3 e9483918caa940a48fe882ba092c7e0b 300b2cc45c3846939e589310ae714e46 - - -] 127.0.0.1 - - [25/Feb/2016 20:03:53] "GET /images/354e056f-80fa-448f-98bc-bb8af7dea3ed HTTP/1.1" 200 891 0.036604
2016-02-25 20:03:53.406 1847 INFO eventlet.wsgi.server [req-5082a754-3f76-4094-ab82-51ada9782425 e9483918caa940a48fe882ba092c7e0b 300b2cc45c3846939e589310ae714e46 - - -] 127.0.0.1 - - [25/Feb/2016 20:03:53] "GET /images/354e056f-80fa-448f-98bc-bb8af7dea3ed HTTP/1.1" 200 891 0.023762
2016-02-25 20:03:55.098 1836 INFO eventlet.wsgi.server [req-cd02bd09-6df8-445f-b762-a1f312f54b57 e9483918caa940a48fe882ba092c7e0b 300b2cc45c3846939e589310ae714e46 - - -] 127.0.0.1 - - [25/Feb/2016 20:03:55] "GET /images/354e056f-80fa-448f-98bc-bb8af7dea3ed HTTP/1.1" 200 891 0.049828
2016-02-25 20:03:55.178 1847 INFO eventlet.wsgi.server [req-1efd1794-7917-4200-b6a3-e6ae3b8e7bc1 e9483918caa940a48fe882ba092c7e0b 300b2cc45c3846939e589310ae714e46 - - -] 127.0.0.1 - - [25/Feb/2016 20:03:55] "GET /images/354e056f-80fa-448f-98bc-bb8af7dea3ed HTTP/1.1" 200 891 0.050394
2016-02-25 20:03:55.970 1841 INFO eventlet.wsgi.server [req-d759a8ee-d08d-4b54-8076-0ec1b8d97338 e9483918caa940a48fe882ba092c7e0b 300b2cc45c3846939e589310ae714e46 - - -] 127.0.0.1 - - [25/Feb/2016 20:03:55] "GET /images/354e056f-80fa-448f-98bc-bb8af7dea3ed HTTP/1.1" 200 891 0.026583
2016-02-25 20:03:56.029 1852 INFO eventlet.wsgi.server [req-c0830359-741c-4013-aa6e-bac521351a4e e9483918caa940a48fe882ba092c7e0b 300b2cc45c3846939e589310ae714e46 - - -] 127.0.0.1 - - [25/Feb/2016 20:03:56] "GET /images/354e056f-80fa-448f-98bc-bb8af7dea3ed HTTP/1.1" 200 891 0.036558
2016-02-25 20:03:56.391 1852 INFO eventlet.wsgi.server [req-37fc5f07-0989-4f14-9c7e-5bd14af22444 e9483918caa940a48fe882ba092c7e0b 300b2cc45c3846939e589310ae714e46 - - -] 127.0.0.1 - - [25/Feb/2016 20:03:56] "GET /images/354e056f-80fa-448f-98bc-bb8af7dea3ed HTTP/1.1" 200 891 0.025538
2016-02-25 20:04:01.529 1852 INFO eventlet.wsgi.server [req-f78cdffe-8d23-401f-981d-0e274c863e6a e9483918caa940a48fe882ba092c7e0b 300b2cc45c3846939e589310ae714e46 - - -] 127.0.0.1 - - [25/Feb/2016 20:04:01] "GET /images/354e056f-80fa-448f-98bc-bb8af7dea3ed HTTP/1.1" 200 891 0.023049
2016-02-25 20:04:01.575 1847 INFO eventlet.wsgi.server [req-f37ac793-4e22-4e2c-97e1-95895cd0f890 e9483918caa940a48fe882ba092c7e0b 300b2cc45c3846939e589310ae714e46 - - -] 127.0.0.1 - - [25/Feb/2016 20:04:01] "GET /images/354e056f-80fa-448f-98bc-bb8af7dea3ed HTTP/1.1" 200 891 0.024689
2016-02-25 20:06:38.419 1847 INFO eventlet.wsgi.server [req-6135ffcf-8d28-4a47-a00b-9e6ba724069b 9b1f9b36d7354b1ea121ccfbae339d8b 85a11a1515f94848be7aa5b56adec8bf - - -] 127.0.0.1 - - [25/Feb/2016 20:06:38] "GET /images/354e056f-80fa-448f-98bc-bb8af7dea3ed HTTP/1.1" 200 891 0.162180
2016-02-25 20:06:38.458 1847 INFO eventlet.wsgi.server [req-e68f68ff-076f-4432-9a31-4564615e0c8c 9b1f9b36d7354b1ea121ccfbae339d8b 85a11a1515f94848be7aa5b56adec8bf - - -] 127.0.0.1 - - [25/Feb/2016 20:06:38] "GET /images/354e056f-80fa-448f-98bc-bb8af7dea3ed HTTP/1.1" 200 891 0.022957
2016-02-25 20:06:38.566 1847 INFO eventlet.wsgi.server [req-8b05605a-a0ac-46a7-8be4-d065686ea972 9b1f9b36d7354b1ea121ccfbae339d8b 85a11a1515f94848be7aa5b56adec8bf - - -] 127.0.0.1 - - [25/Feb/2016 20:06:38] "GET /images/8a724f78-2673-4ea1-b607-373626a15afb HTTP/1.1" 200 911 0.026678
2016-02-25 20:07:01.314 1836 INFO eventlet.wsgi.server [req-5af0f60a-feff-4608-9f81-830419d72648 6faed7c946234e689b523e389a812a5c 654ecf6e62854cea9720173b7e835a61 - - -] 127.0.0.1 - - [25/Feb/2016 20:07:01] "GET /images/detail?status=active&is_public=True&limit=1000&sort_dir=desc&sort_key=created_at HTTP/1.1" 200 1603 0.200800
2016-02-25 20:07:01.393 1836 INFO eventlet.wsgi.server [req-ae09d3ce-fc41-4c34-9242-02b977f9f27b 6faed7c946234e689b523e389a812a5c 654ecf6e62854cea9720173b7e835a61 - - -] 127.0.0.1 - - [25/Feb/2016 20:07:01] "GET /images/detail?status=active&sort_key=created_at&property-owner_id=654ecf6e62854cea9720173b7e835a61&limit=1000&sort_dir=desc HTTP/1.1" 200 207 0.059483
2016-02-25 20:07:07.074 1841 INFO eventlet.wsgi.server [req-ecc9a6d1-212f-46d6-8826-256025491772 9b1f9b36d7354b1ea121ccfbae339d8b 85a11a1515f94848be7aa5b56adec8bf - - -] 127.0.0.1 - - [25/Feb/2016 20:07:07] "GET /images/8a724f78-2673-4ea1-b607-373626a15afb HTTP/1.1" 200 911 0.142918
2016-02-25 20:07:15.098 1852 INFO eventlet.wsgi.server [req-f823d3c6-0d7d-4a00-8c0c-da912487674b 9b1f9b36d7354b1ea121ccfbae339d8b 85a11a1515f94848be7aa5b56adec8bf - - -] 127.0.0.1 - - [25/Feb/2016 20:07:15] "GET /images/detail?is_public=None&limit=20 HTTP/1.1" 200 1603 0.177950
2016-02-25 20:07:28.262 1852 INFO eventlet.wsgi.server [req-610acd4c-2811-4d54-9b65-f9a3614f4558 6faed7c946234e689b523e389a812a5c 654ecf6e62854cea9720173b7e835a61 - - -] 127.0.0.1 - - [25/Feb/2016 20:07:28] "GET /images/detail?status=active&is_public=True&limit=1000&sort_dir=desc&sort_key=created_at HTTP/1.1" 200 1603 0.240076
2016-02-25 20:07:28.465 1847 INFO eventlet.wsgi.server [req-c43f57c4-2e17-4156-b5f9-bfd904f7c3e8 6faed7c946234e689b523e389a812a5c 654ecf6e62854cea9720173b7e835a61 - - -] 127.0.0.1 - - [25/Feb/2016 20:07:28] "GET /images/detail?status=active&sort_key=created_at&property-owner_id=654ecf6e62854cea9720173b7e835a61&limit=1000&sort_dir=desc HTTP/1.1" 200 207 0.174254
2016-02-25 20:16:38.462 1852 INFO eventlet.wsgi.server [req-ccec58aa-0d6b-4a71-8cde-e8111f5ef07e 9b1f9b36d7354b1ea121ccfbae339d8b 85a11a1515f94848be7aa5b56adec8bf - - -] 127.0.0.1 - - [25/Feb/2016 20:16:38] "GET /images/354e056f-80fa-448f-98bc-bb8af7dea3ed HTTP/1.1" 200 891 0.167834
2016-02-25 20:16:38.614 1841 INFO eventlet.wsgi.server [req-2f2cc649-8aa9-4ba7-a65e-09152e0820f4 9b1f9b36d7354b1ea121ccfbae339d8b 85a11a1515f94848be7aa5b56adec8bf - - -] 127.0.0.1 - - [25/Feb/2016 20:16:38] "GET /images/354e056f-80fa-448f-98bc-bb8af7dea3ed HTTP/1.1" 200 891 0.132565
2016-02-25 20:16:38.799 1841 INFO eventlet.wsgi.server [req-d3363ef1-11b5-4036-86d3-074cca246b81 9b1f9b36d7354b1ea121ccfbae339d8b 85a11a1515f94848be7aa5b56adec8bf - - -] 127.0.0.1 - - [25/Feb/2016 20:16:38] "GET /images/8a724f78-2673-4ea1-b607-373626a15afb HTTP/1.1" 200 911 0.025480
2016-02-25 20:17:07.135 1852 INFO eventlet.wsgi.server [req-6a7780bc-7068-4378-b2bd-05cda47f5d47 9b1f9b36d7354b1ea121ccfbae339d8b 85a11a1515f94848be7aa5b56adec8bf - - -] 127.0.0.1 - - [25/Feb/2016 20:17:07] "GET /images/8a724f78-2673-4ea1-b607-373626a15afb HTTP/1.1" 200 911 0.137357
2016-02-25 20:17:15.136 1836 INFO eventlet.wsgi.server [req-5cdfe405-e103-4675-9af4-f05f93b8cfed 9b1f9b36d7354b1ea121ccfbae339d8b 85a11a1515f94848be7aa5b56adec8bf - - -] 127.0.0.1 - - [25/Feb/2016 20:17:15] "GET /images/detail?is_public=None&limit=20 HTTP/1.1" 200 1603 0.151018
2016-02-25 20:26:38.179 1841 INFO eventlet.wsgi.server [req-a2cf476b-5305-49b8-9683-024bc8c7b393 9b1f9b36d7354b1ea121ccfbae339d8b 85a11a1515f94848be7aa5b56adec8bf - - -] 127.0.0.1 - - [25/Feb/2016 20:26:38] "GET /images/354e056f-80fa-448f-98bc-bb8af7dea3ed HTTP/1.1" 200 891 0.125206
2016-02-25 20:26:38.355 1847 INFO eventlet.wsgi.server [req-b1b3d9d8-3ffc-4c4b-a10e-28ff4245fc12 9b1f9b36d7354b1ea121ccfbae339d8b 85a11a1515f94848be7aa5b56adec8bf - - -] 127.0.0.1 - - [25/Feb/2016 20:26:38] "GET /images/354e056f-80fa-448f-98bc-bb8af7dea3ed HTTP/1.1" 200 891 0.152895
2016-02-25 20:26:38.632 1852 INFO eventlet.wsgi.server [req-e13348d0-da34-42c6-a9db-1266c32e971b 9b1f9b36d7354b1ea121ccfbae339d8b 85a11a1515f94848be7aa5b56adec8bf - - -] 127.0.0.1 - - [25/Feb/2016 20:26:38] "GET /images/8a724f78-2673-4ea1-b607-373626a15afb HTTP/1.1" 200 911 0.123395
2016-02-25 20:27:07.059 1836 INFO eventlet.wsgi.server [req-7c32a583-fed1-411f-b061-443a99d02937 9b1f9b36d7354b1ea121ccfbae339d8b 85a11a1515f94848be7aa5b56adec8bf - - -] 127.0.0.1 - - [25/Feb/2016 20:27:07] "GET /images/8a724f78-2673-4ea1-b607-373626a15afb HTTP/1.1" 200 911 0.145203
2016-02-25 20:27:15.154 1852 INFO eventlet.wsgi.server [req-db2e68e4-73e1-4707-a66c-13db81bd6052 9b1f9b36d7354b1ea121ccfbae339d8b 85a11a1515f94848be7aa5b56adec8bf - - -] 127.0.0.1 - - [25/Feb/2016 20:27:15] "GET /images/detail?is_public=None&limit=20 HTTP/1.1" 200 1603 0.166725
2016-02-25 20:36:38.218 1847 INFO eventlet.wsgi.server [req-4c71cd50-9fbf-45e5-82be-46724eccb510 9b1f9b36d7354b1ea121ccfbae339d8b 85a11a1515f94848be7aa5b56adec8bf - - -] 127.0.0.1 - - [25/Feb/2016 20:36:38] "GET /images/354e056f-80fa-448f-98bc-bb8af7dea3ed HTTP/1.1" 200 891 0.118938
2016-02-25 20:36:38.259 1847 INFO eventlet.wsgi.server [req-2f15b124-7a7b-41b4-af0f-34473896adba 9b1f9b36d7354b1ea121ccfbae339d8b 85a11a1515f94848be7aa5b56adec8bf - - -] 127.0.0.1 - - [25/Feb/2016 20:36:38] "GET /images/354e056f-80fa-448f-98bc-bb8af7dea3ed HTTP/1.1" 200 891 0.019853
2016-02-25 20:36:38.593 1841 INFO eventlet.wsgi.server [req-010b6fa1-eaa2-4369-a41d-5d489a5b99c4 9b1f9b36d7354b1ea121ccfbae339d8b 85a11a1515f94848be7aa5b56adec8bf - - -] 127.0.0.1 - - [25/Feb/2016 20:36:38] "GET /images/8a724f78-2673-4ea1-b607-373626a15afb HTTP/1.1" 200 911 0.138011
2016-02-25 20:37:07.107 1847 INFO eventlet.wsgi.server [req-925edaee-d743-459b-903a-9c34fbdb138d 9b1f9b36d7354b1ea121ccfbae339d8b 85a11a1515f94848be7aa5b56adec8bf - - -] 127.0.0.1 - - [25/Feb/2016 20:37:07] "GET /images/8a724f78-2673-4ea1-b607-373626a15afb HTTP/1.1" 200 911 0.229581
2016-02-25 20:37:15.137 1847 INFO eventlet.wsgi.server [req-8c57bef3-4868-4384-8ca6-f8d6f92f9558 9b1f9b36d7354b1ea121ccfbae339d8b 85a11a1515f94848be7aa5b56adec8bf - - -] 127.0.0.1 - - [25/Feb/2016 20:37:15] "GET /images/detail?is_public=None&limit=20 HTTP/1.1" 200 1603 0.153813
2016-02-25 20:46:38.373 1852 INFO eventlet.wsgi.server [req-b0488a5b-f32a-4b45-a33b-074d45c6b6ee 9b1f9b36d7354b1ea121ccfbae339d8b 85a11a1515f94848be7aa5b56adec8bf - - -] 127.0.0.1 - - [25/Feb/2016 20:46:38] "GET /images/354e056f-80fa-448f-98bc-bb8af7dea3ed HTTP/1.1" 200 891 0.121473
2016-02-25 20:46:38.402 1852 INFO eventlet.wsgi.server [req-cb9b2a92-d018-421b-90b8-53905296417d 9b1f9b36d7354b1ea121ccfbae339d8b 85a11a1515f94848be7aa5b56adec8bf - - -] 127.0.0.1 - - [25/Feb/2016 20:46:38] "GET /images/354e056f-80fa-448f-98bc-bb8af7dea3ed HTTP/1.1" 200 891 0.014008
2016-02-25 20:46:38.539 1852 INFO eventlet.wsgi.server [req-399f44a5-d087-4c21-adbe-dbbfc451165e 9b1f9b36d7354b1ea121ccfbae339d8b 85a11a1515f94848be7aa5b56adec8bf - - -] 127.0.0.1 - - [25/Feb/2016 20:46:38] "GET /images/8a724f78-2673-4ea1-b607-373626a15afb HTTP/1.1" 200 911 0.014909
2016-02-25 20:47:06.874 1841 INFO eventlet.wsgi.server [req-a7934ad8-376e-4334-8519-efb41dc23ead 9b1f9b36d7354b1ea121ccfbae339d8b 85a11a1515f94848be7aa5b56adec8bf - - -] 127.0.0.1 - - [25/Feb/2016 20:47:06] "GET /images/8a724f78-2673-4ea1-b607-373626a15afb HTTP/1.1" 200 911 0.171905
2016-02-25 20:47:15.237 1836 INFO eventlet.wsgi.server [req-5d03c980-2481-4395-91e5-5608bec63650 9b1f9b36d7354b1ea121ccfbae339d8b 85a11a1515f94848be7aa5b56adec8bf - - -] 127.0.0.1 - - [25/Feb/2016 20:47:15] "GET /images/detail?is_public=None&limit=20 HTTP/1.1" 200 1603 0.163752
2016-02-25 20:56:38.793 1836 INFO eventlet.wsgi.server [req-c03e8a0d-e783-42da-9cd3-6ca476dcf861 9b1f9b36d7354b1ea121ccfbae339d8b 85a11a1515f94848be7aa5b56adec8bf - - -] 127.0.0.1 - - [25/Feb/2016 20:56:38] "GET /images/354e056f-80fa-448f-98bc-bb8af7dea3ed HTTP/1.1" 200 891 0.144754
2016-02-25 20:56:38.966 1852 INFO eventlet.wsgi.server [req-c6540c60-acd2-4433-b513-6269281f26f0 9b1f9b36d7354b1ea121ccfbae339d8b 85a11a1515f94848be7aa5b56adec8bf - - -] 127.0.0.1 - - [25/Feb/2016 20:56:38] "GET /images/354e056f-80fa-448f-98bc-bb8af7dea3ed HTTP/1.1" 200 891 0.148621
2016-02-25 20:56:39.421 1841 INFO eventlet.wsgi.server [req-6e76f8e4-bf2d-4ec5-9d4e-ec1cd0407299 9b1f9b36d7354b1ea121ccfbae339d8b 85a11a1515f94848be7aa5b56adec8bf - - -] 127.0.0.1 - - [25/Feb/2016 20:56:39] "GET /images/8a724f78-2673-4ea1-b607-373626a15afb HTTP/1.1" 200 911 0.300875
2016-02-25 20:57:07.795 1841 INFO eventlet.wsgi.server [req-371d4a5b-b6c0-4358-adcd-c64da89b0dbf 9b1f9b36d7354b1ea121ccfbae339d8b 85a11a1515f94848be7aa5b56adec8bf - - -] 127.0.0.1 - - [25/Feb/2016 20:57:07] "GET /images/8a724f78-2673-4ea1-b607-373626a15afb HTTP/1.1" 200 911 0.133297
2016-02-25 20:57:16.896 1836 INFO eventlet.wsgi.server [req-551c68e1-d1e7-4f8d-95c1-867931704c4b 9b1f9b36d7354b1ea121ccfbae339d8b 85a11a1515f94848be7aa5b56adec8bf - - -] 127.0.0.1 - - [25/Feb/2016 20:57:16] "GET /images/detail?is_public=None&limit=20 HTTP/1.1" 200 1603 0.385374
2016-02-25 21:06:38.645 1852 INFO eventlet.wsgi.server [req-5efc8daf-60c0-430f-ae16-ab3037ecbba8 9b1f9b36d7354b1ea121ccfbae339d8b 85a11a1515f94848be7aa5b56adec8bf - - -] 127.0.0.1 - - [25/Feb/2016 21:06:38] "GET /images/354e056f-80fa-448f-98bc-bb8af7dea3ed HTTP/1.1" 200 891 0.276912
2016-02-25 21:06:38.856 1841 INFO eventlet.wsgi.server [req-6a5bb556-5dfc-4083-b661-a1c492b70bd1 9b1f9b36d7354b1ea121ccfbae339d8b 85a11a1515f94848be7aa5b56adec8bf - - -] 127.0.0.1 - - [25/Feb/2016 21:06:38] "GET /images/354e056f-80fa-448f-98bc-bb8af7dea3ed HTTP/1.1" 200 891 0.190483
2016-02-25 21:06:39.366 1847 INFO eventlet.wsgi.server [req-6911668d-2b22-4b91-afe8-537dafffb93d 9b1f9b36d7354b1ea121ccfbae339d8b 85a11a1515f94848be7aa5b56adec8bf - - -] 127.0.0.1 - - [25/Feb/2016 21:06:39] "GET /images/8a724f78-2673-4ea1-b607-373626a15afb HTTP/1.1" 200 911 0.340008
2016-02-25 21:07:07.018 1841 INFO eventlet.wsgi.server [req-4ed9c850-dfc0-44a2-a1f6-ebc81ff5889b 9b1f9b36d7354b1ea121ccfbae339d8b 85a11a1515f94848be7aa5b56adec8bf - - -] 127.0.0.1 - - [25/Feb/2016 21:07:07] "GET /images/8a724f78-2673-4ea1-b607-373626a15afb HTTP/1.1" 200 911 0.163027
2016-02-25 21:07:15.197 1841 INFO eventlet.wsgi.server [req-5eb3dd66-7925-4971-b7f6-403f5c012abc 9b1f9b36d7354b1ea121ccfbae339d8b 85a11a1515f94848be7aa5b56adec8bf - - -] 127.0.0.1 - - [25/Feb/2016 21:07:15] "GET /images/detail?is_public=None&limit=20 HTTP/1.1" 200 1603 0.150842
2016-02-25 21:16:38.218 1841 INFO eventlet.wsgi.server [req-5846bdba-05a5-4f81-b329-a75b163903db 9b1f9b36d7354b1ea121ccfbae339d8b 85a11a1515f94848be7aa5b56adec8bf - - -] 127.0.0.1 - - [25/Feb/2016 21:16:38] "GET /images/354e056f-80fa-448f-98bc-bb8af7dea3ed HTTP/1.1" 200 891 0.138641
2016-02-25 21:16:38.392 1852 INFO eventlet.wsgi.server [req-6b722118-8742-43cb-b8bc-64eb310b795a 9b1f9b36d7354b1ea121ccfbae339d8b 85a11a1515f94848be7aa5b56adec8bf - - -] 127.0.0.1 - - [25/Feb/2016 21:16:38] "GET /images/354e056f-80fa-448f-98bc-bb8af7dea3ed HTTP/1.1" 200 891 0.149191
2016-02-25 21:16:38.631 1852 INFO eventlet.wsgi.server [req-2efafea1-e7a9-422f-9074-f6e26b83a8c5 9b1f9b36d7354b1ea121ccfbae339d8b 85a11a1515f94848be7aa5b56adec8bf - - -] 127.0.0.1 - - [25/Feb/2016 21:16:38] "GET /images/8a724f78-2673-4ea1-b607-373626a15afb HTTP/1.1" 200 911 0.015814
2016-02-25 21:17:07.057 1852 INFO eventlet.wsgi.server [req-3273e639-214d-4533-ae8c-bf21de80c45b 9b1f9b36d7354b1ea121ccfbae339d8b 85a11a1515f94848be7aa5b56adec8bf - - -] 127.0.0.1 - - [25/Feb/2016 21:17:07] "GET /images/8a724f78-2673-4ea1-b607-373626a15afb HTTP/1.1" 200 911 0.165272
2016-02-25 21:17:15.142 1836 INFO eventlet.wsgi.server [req-67d0826b-7e26-4d7b-9ec6-36a46b681f71 9b1f9b36d7354b1ea121ccfbae339d8b 85a11a1515f94848be7aa5b56adec8bf - - -] 127.0.0.1 - - [25/Feb/2016 21:17:15] "GET /images/detail?is_public=None&limit=20 HTTP/1.1" 200 1603 0.179926
2016-02-25 21:26:38.335 1836 INFO eventlet.wsgi.server [req-16dff35c-fbea-417c-b7f1-62da8f010756 9b1f9b36d7354b1ea121ccfbae339d8b 85a11a1515f94848be7aa5b56adec8bf - - -] 127.0.0.1 - - [25/Feb/2016 21:26:38] "GET /images/354e056f-80fa-448f-98bc-bb8af7dea3ed HTTP/1.1" 200 891 0.154261
2016-02-25 21:26:38.532 1847 INFO eventlet.wsgi.server [req-facc4d0d-728c-40a9-8d76-1033861381a3 9b1f9b36d7354b1ea121ccfbae339d8b 85a11a1515f94848be7aa5b56adec8bf - - -] 127.0.0.1 - - [25/Feb/2016 21:26:38] "GET /images/354e056f-80fa-448f-98bc-bb8af7dea3ed HTTP/1.1" 200 891 0.175231
2016-02-25 21:26:38.737 1847 INFO eventlet.wsgi.server [req-ccc7ae90-a2a3-4dfd-9abe-ff7d79e55106 9b1f9b36d7354b1ea121ccfbae339d8b 85a11a1515f94848be7aa5b56adec8bf - - -] 127.0.0.1 - - [25/Feb/2016 21:26:38] "GET /images/8a724f78-2673-4ea1-b607-373626a15afb HTTP/1.1" 200 911 0.014488
2016-02-25 21:27:07.081 1836 INFO eventlet.wsgi.server [req-723b23b9-dd2a-43e7-8db8-db293253e4ae 9b1f9b36d7354b1ea121ccfbae339d8b 85a11a1515f94848be7aa5b56adec8bf - - -] 127.0.0.1 - - [25/Feb/2016 21:27:07] "GET /images/8a724f78-2673-4ea1-b607-373626a15afb HTTP/1.1" 200 911 0.163512
2016-02-25 21:27:15.033 1836 INFO eventlet.wsgi.server [req-a5570b86-e6f2-4ca4-8840-a6511065229f 9b1f9b36d7354b1ea121ccfbae339d8b 85a11a1515f94848be7aa5b56adec8bf - - -] 127.0.0.1 - - [25/Feb/2016 21:27:15] "GET /images/detail?is_public=None&limit=20 HTTP/1.1" 200 1603 0.130311
2016-02-25 21:36:38.297 1852 INFO eventlet.wsgi.server [req-1327a74c-d7a7-4eaa-9815-1fed531b09b6 9b1f9b36d7354b1ea121ccfbae339d8b 85a11a1515f94848be7aa5b56adec8bf - - -] 127.0.0.1 - - [25/Feb/2016 21:36:38] "GET /images/354e056f-80fa-448f-98bc-bb8af7dea3ed HTTP/1.1" 200 891 0.141334
2016-02-25 21:36:38.447 1847 INFO eventlet.wsgi.server [req-4de6526e-eb27-45fb-8563-11064fe25c2b 9b1f9b36d7354b1ea121ccfbae339d8b 85a11a1515f94848be7aa5b56adec8bf - - -] 127.0.0.1 - - [25/Feb/2016 21:36:38] "GET /images/354e056f-80fa-448f-98bc-bb8af7dea3ed HTTP/1.1" 200 891 0.125951
2016-02-25 21:36:38.715 1836 INFO eventlet.wsgi.server [req-69c0751d-bda7-4266-a680-aefb0b2bb6d6 9b1f9b36d7354b1ea121ccfbae339d8b 85a11a1515f94848be7aa5b56adec8bf - - -] 127.0.0.1 - - [25/Feb/2016 21:36:38] "GET /images/8a724f78-2673-4ea1-b607-373626a15afb HTTP/1.1" 200 911 0.124658
2016-02-25 21:37:06.972 1852 INFO eventlet.wsgi.server [req-d055cc82-d605-4848-a10f-d692b6928da2 9b1f9b36d7354b1ea121ccfbae339d8b 85a11a1515f94848be7aa5b56adec8bf - - -] 127.0.0.1 - - [25/Feb/2016 21:37:06] "GET /images/8a724f78-2673-4ea1-b607-373626a15afb HTTP/1.1" 200 911 0.140213
2016-02-25 21:37:15.068 1852 INFO eventlet.wsgi.server [req-10e5348d-fed4-4b4f-925a-a0e4d334e54a 9b1f9b36d7354b1ea121ccfbae339d8b 85a11a1515f94848be7aa5b56adec8bf - - -] 127.0.0.1 - - [25/Feb/2016 21:37:15] "GET /images/detail?is_public=None&limit=20 HTTP/1.1" 200 1603 0.134454
2016-02-25 21:46:38.238 1847 INFO eventlet.wsgi.server [req-6e37eec4-799c-401f-a468-410c240b63de 9b1f9b36d7354b1ea121ccfbae339d8b 85a11a1515f94848be7aa5b56adec8bf - - -] 127.0.0.1 - - [25/Feb/2016 21:46:38] "GET /images/354e056f-80fa-448f-98bc-bb8af7dea3ed HTTP/1.1" 200 891 0.131552
2016-02-25 21:46:38.384 1852 INFO eventlet.wsgi.server [req-5151e9fa-5fd2-4705-a29a-9ae805042d85 9b1f9b36d7354b1ea121ccfbae339d8b 85a11a1515f94848be7aa5b56adec8bf - - -] 127.0.0.1 - - [25/Feb/2016 21:46:38] "GET /images/354e056f-80fa-448f-98bc-bb8af7dea3ed HTTP/1.1" 200 891 0.120491
2016-02-25 21:46:38.701 1841 INFO eventlet.wsgi.server [req-1c3eaa0e-6f5c-4fc0-9be3-71bd0a8d8f15 9b1f9b36d7354b1ea121ccfbae339d8b 85a11a1515f94848be7aa5b56adec8bf - - -] 127.0.0.1 - - [25/Feb/2016 21:46:38] "GET /images/8a724f78-2673-4ea1-b607-373626a15afb HTTP/1.1" 200 911 0.123776
2016-02-25 21:47:07.007 1836 INFO eventlet.wsgi.server [req-3cae83cb-e983-4531-811a-208ea1873d55 9b1f9b36d7354b1ea121ccfbae339d8b 85a11a1515f94848be7aa5b56adec8bf - - -] 127.0.0.1 - - [25/Feb/2016 21:47:07] "GET /images/8a724f78-2673-4ea1-b607-373626a15afb HTTP/1.1" 200 911 0.137683
2016-02-25 21:47:15.068 1852 INFO eventlet.wsgi.server [req-97ea9e5a-21bc-4484-ba9a-4086f7e92a4e 9b1f9b36d7354b1ea121ccfbae339d8b 85a11a1515f94848be7aa5b56adec8bf - - -] 127.0.0.1 - - [25/Feb/2016 21:47:15] "GET /images/detail?is_public=None&limit=20 HTTP/1.1" 200 1603 0.144419
2016-02-25 21:53:32.456 1852 INFO eventlet.wsgi.server [req-71023519-4d14-44b1-92ba-c56525dd66f3 e9483918caa940a48fe882ba092c7e0b 300b2cc45c3846939e589310ae714e46 - - -] 127.0.0.1 - - [25/Feb/2016 21:53:32] "GET /images/detail?sort_key=created_at&sort_dir=desc&limit=1000 HTTP/1.1" 200 1603 0.166905
2016-02-25 21:53:53.270 1836 INFO eventlet.wsgi.server [req-18a8b74f-6bda-4961-8616-c36b0f3c6860 e9483918caa940a48fe882ba092c7e0b 300b2cc45c3846939e589310ae714e46 - - -] 127.0.0.1 - - [25/Feb/2016 21:53:53] "GET /images/354e056f-80fa-448f-98bc-bb8af7dea3ed HTTP/1.1" 200 891 0.171897
2016-02-25 21:54:32.668 1841 INFO eventlet.wsgi.server [req-ee88c058-a6b8-4472-8114-3c8aab2c6997 e9483918caa940a48fe882ba092c7e0b 300b2cc45c3846939e589310ae714e46 - - -] 127.0.0.1 - - [25/Feb/2016 21:54:32] "GET /images/detail?sort_key=created_at&sort_dir=desc&limit=1000 HTTP/1.1" 200 1603 0.192299
2016-02-25 21:54:37.063 1847 INFO eventlet.wsgi.server [req-3035f1c8-6459-49ff-8610-da68584d95f3 e9483918caa940a48fe882ba092c7e0b 300b2cc45c3846939e589310ae714e46 - - -] 127.0.0.1 - - [25/Feb/2016 21:54:37] "GET /images/detail?status=active&is_public=True&limit=1000&sort_dir=desc&sort_key=created_at HTTP/1.1" 200 1603 0.227413
2016-02-25 21:54:37.178 1852 INFO eventlet.wsgi.server [req-90eba829-4f54-4af6-a969-002dbdcf29f7 e9483918caa940a48fe882ba092c7e0b 300b2cc45c3846939e589310ae714e46 - - -] 127.0.0.1 - - [25/Feb/2016 21:54:37] "GET /images/detail?status=active&sort_key=created_at&property-owner_id=300b2cc45c3846939e589310ae714e46&limit=1000&sort_dir=desc HTTP/1.1" 200 207 0.096269
2016-02-25 21:55:28.085 1836 INFO eventlet.wsgi.server [req-a7d6f3d5-ab96-499b-b39f-9536f676f2b0 e9483918caa940a48fe882ba092c7e0b 300b2cc45c3846939e589310ae714e46 - - -] 127.0.0.1 - - [25/Feb/2016 21:55:28] "GET /images/detail?status=active&is_public=True&limit=1000&sort_dir=desc&sort_key=created_at HTTP/1.1" 200 1603 0.058404
2016-02-25 21:55:28.149 1836 INFO eventlet.wsgi.server [req-121285c4-f8d3-4a1b-a6c2-80fe0d3995f2 e9483918caa940a48fe882ba092c7e0b 300b2cc45c3846939e589310ae714e46 - - -] 127.0.0.1 - - [25/Feb/2016 21:55:28] "GET /images/detail?status=active&sort_key=created_at&property-owner_id=300b2cc45c3846939e589310ae714e46&limit=1000&sort_dir=desc HTTP/1.1" 200 207 0.045114
2016-02-25 21:55:40.513 1852 INFO eventlet.wsgi.server [req-50a3e55f-b337-44e4-aef8-e68a9af1f4b2 e9483918caa940a48fe882ba092c7e0b 300b2cc45c3846939e589310ae714e46 - - -] 127.0.0.1 - - [25/Feb/2016 21:55:40] "GET /images/354e056f-80fa-448f-98bc-bb8af7dea3ed HTTP/1.1" 200 891 0.032860
2016-02-25 21:56:39.007 1841 INFO eventlet.wsgi.server [req-ad32ff4b-16d4-4a03-9a97-217b7d5998e4 9b1f9b36d7354b1ea121ccfbae339d8b 85a11a1515f94848be7aa5b56adec8bf - - -] 127.0.0.1 - - [25/Feb/2016 21:56:39] "GET /images/354e056f-80fa-448f-98bc-bb8af7dea3ed HTTP/1.1" 200 891 0.291657
2016-02-25 21:56:39.159 1852 INFO eventlet.wsgi.server [req-12ec642b-8a60-451c-98b2-e16624449bbf 9b1f9b36d7354b1ea121ccfbae339d8b 85a11a1515f94848be7aa5b56adec8bf - - -] 127.0.0.1 - - [25/Feb/2016 21:56:39] "GET /images/354e056f-80fa-448f-98bc-bb8af7dea3ed HTTP/1.1" 200 891 0.132742
2016-02-25 21:56:39.329 1836 INFO eventlet.wsgi.server [req-5a48450e-b0a5-47ca-828e-0727c9abfea1 9b1f9b36d7354b1ea121ccfbae339d8b 85a11a1515f94848be7aa5b56adec8bf - - -] 127.0.0.1 - - [25/Feb/2016 21:56:39] "GET /images/8a724f78-2673-4ea1-b607-373626a15afb HTTP/1.1" 200 911 0.134189
2016-02-25 21:56:43.616 1836 INFO eventlet.wsgi.server [req-78c49c09-45e5-4737-8e5e-1c4e7b31ac93 e9483918caa940a48fe882ba092c7e0b 300b2cc45c3846939e589310ae714e46 - - -] 127.0.0.1 - - [25/Feb/2016 21:56:43] "GET /images/detail?sort_key=created_at&sort_dir=desc&limit=1000 HTTP/1.1" 200 1603 0.086982
2016-02-25 21:56:49.149 1852 INFO eventlet.wsgi.server [req-8d41bd6a-3786-4380-b914-41cf4c4b2f96 e9483918caa940a48fe882ba092c7e0b 300b2cc45c3846939e589310ae714e46 - - -] 127.0.0.1 - - [25/Feb/2016 21:56:49] "GET /images/354e056f-80fa-448f-98bc-bb8af7dea3ed HTTP/1.1" 200 891 0.018605
2016-02-25 21:57:07.509 1847 INFO eventlet.wsgi.server [req-6ecc4f18-346f-4f9f-bb76-a3957cd48da2 9b1f9b36d7354b1ea121ccfbae339d8b 85a11a1515f94848be7aa5b56adec8bf - - -] 127.0.0.1 - - [25/Feb/2016 21:57:07] "GET /images/8a724f78-2673-4ea1-b607-373626a15afb HTTP/1.1" 200 911 0.128192
2016-02-25 21:57:15.925 1847 INFO eventlet.wsgi.server [req-7556d3dd-3e65-4196-83ae-e6d3093e2f8c 9b1f9b36d7354b1ea121ccfbae339d8b 85a11a1515f94848be7aa5b56adec8bf - - -] 127.0.0.1 - - [25/Feb/2016 21:57:15] "GET /images/detail?is_public=None&limit=20 HTTP/1.1" 200 1603 0.183084
2016-02-25 22:06:38.532 1852 INFO eventlet.wsgi.server [req-1d5de114-d2e1-478f-89a6-543d8dcc238b 9b1f9b36d7354b1ea121ccfbae339d8b 85a11a1515f94848be7aa5b56adec8bf - - -] 127.0.0.1 - - [25/Feb/2016 22:06:38] "GET /images/354e056f-80fa-448f-98bc-bb8af7dea3ed HTTP/1.1" 200 891 0.236287
2016-02-25 22:06:38.910 1836 INFO eventlet.wsgi.server [req-06d3b25d-dc5a-4fb3-86a2-28401899e955 9b1f9b36d7354b1ea121ccfbae339d8b 85a11a1515f94848be7aa5b56adec8bf - - -] 127.0.0.1 - - [25/Feb/2016 22:06:38] "GET /images/354e056f-80fa-448f-98bc-bb8af7dea3ed HTTP/1.1" 200 891 0.361343
2016-02-25 22:06:39.228 1841 INFO eventlet.wsgi.server [req-fa9aad8c-ec97-4f12-b6e9-e3aaa06ffe0a 9b1f9b36d7354b1ea121ccfbae339d8b 85a11a1515f94848be7aa5b56adec8bf - - -] 127.0.0.1 - - [25/Feb/2016 22:06:39] "GET /images/8a724f78-2673-4ea1-b607-373626a15afb HTTP/1.1" 200 911 0.125764
2016-02-25 22:07:07.144 1841 INFO eventlet.wsgi.server [req-724e5330-c980-49d0-8708-648c8460a9f7 9b1f9b36d7354b1ea121ccfbae339d8b 85a11a1515f94848be7aa5b56adec8bf - - -] 127.0.0.1 - - [25/Feb/2016 22:07:07] "GET /images/8a724f78-2673-4ea1-b607-373626a15afb HTTP/1.1" 200 911 0.154358
2016-02-25 22:07:15.526 1836 INFO eventlet.wsgi.server [req-3dba1f82-cb31-4cd5-a06f-f8bc597cce99 9b1f9b36d7354b1ea121ccfbae339d8b 85a11a1515f94848be7aa5b56adec8bf - - -] 127.0.0.1 - - [25/Feb/2016 22:07:15] "GET /images/detail?is_public=None&limit=20 HTTP/1.1" 200 1603 0.147601
2016-02-25 22:16:38.629 1836 INFO eventlet.wsgi.server [req-a4cdfbf9-6082-4a92-a02f-f49a825a49cd 9b1f9b36d7354b1ea121ccfbae339d8b 85a11a1515f94848be7aa5b56adec8bf - - -] 127.0.0.1 - - [25/Feb/2016 22:16:38] "GET /images/354e056f-80fa-448f-98bc-bb8af7dea3ed HTTP/1.1" 200 891 0.125127
2016-02-25 22:16:38.769 1841 INFO eventlet.wsgi.server [req-30c8ad5c-0f34-47a2-8cec-4726600350f2 9b1f9b36d7354b1ea121ccfbae339d8b 85a11a1515f94848be7aa5b56adec8bf - - -] 127.0.0.1 - - [25/Feb/2016 22:16:38] "GET /images/354e056f-80fa-448f-98bc-bb8af7dea3ed HTTP/1.1" 200 891 0.113283
2016-02-25 22:16:39.057 1852 INFO eventlet.wsgi.server [req-a508d72d-a748-48b5-bb85-0d0f2d67e418 9b1f9b36d7354b1ea121ccfbae339d8b 85a11a1515f94848be7aa5b56adec8bf - - -] 127.0.0.1 - - [25/Feb/2016 22:16:39] "GET /images/8a724f78-2673-4ea1-b607-373626a15afb HTTP/1.1" 200 911 0.129680
2016-02-25 22:17:07.192 1847 INFO eventlet.wsgi.server [req-8ebef267-c7d2-4d47-8e22-33671139febf 9b1f9b36d7354b1ea121ccfbae339d8b 85a11a1515f94848be7aa5b56adec8bf - - -] 127.0.0.1 - - [25/Feb/2016 22:17:07] "GET /images/8a724f78-2673-4ea1-b607-373626a15afb HTTP/1.1" 200 911 0.292426
2016-02-25 22:17:15.191 1836 INFO eventlet.wsgi.server [req-1c1fdcad-6210-4306-be77-75c1afb7775d 9b1f9b36d7354b1ea121ccfbae339d8b 85a11a1515f94848be7aa5b56adec8bf - - -] 127.0.0.1 - - [25/Feb/2016 22:17:15] "GET /images/detail?is_public=None&limit=20 HTTP/1.1" 200 1603 0.147355
2016-02-25 22:26:38.277 1852 INFO eventlet.wsgi.server [req-c9739082-ed9c-4496-9af7-3ac25dbe829f 9b1f9b36d7354b1ea121ccfbae339d8b 85a11a1515f94848be7aa5b56adec8bf - - -] 127.0.0.1 - - [25/Feb/2016 22:26:38] "GET /images/354e056f-80fa-448f-98bc-bb8af7dea3ed HTTP/1.1" 200 891 0.131473
